[2026-04-30T13:36:54.871+0530][gc] Using G1
[2026-04-30T13:36:54.878+0530][gc,init] Version: 17.0.8+9-LTS-211 (release)
[2026-04-30T13:36:54.878+0530][gc,init] CPUs: 8 total, 8 available
[2026-04-30T13:36:54.878+0530][gc,init] Memory: 16384M
[2026-04-30T13:36:54.878+0530][gc,init] Large Page Support: Disabled
[2026-04-30T13:36:54.878+0530][gc,init] NUMA Support: Disabled
[2026-04-30T13:36:54.878+0530][gc,init] Compressed Oops: Enabled (Zero based)
[2026-04-30T13:36:54.878+0530][gc,init] Heap Region Size: 1M
[2026-04-30T13:36:54.878+0530][gc,init] Heap Min Capacity: 1G
[2026-04-30T13:36:54.878+0530][gc,init] Heap Initial Capacity: 1G
[2026-04-30T13:36:54.878+0530][gc,init] Heap Max Capacity: 1G
[2026-04-30T13:36:54.878+0530][gc,init] Pre-touch: Disabled
[2026-04-30T13:36:54.878+0530][gc,init] Parallel Workers: 8
[2026-04-30T13:36:54.878+0530][gc,init] Concurrent Workers: 2
[2026-04-30T13:36:54.878+0530][gc,init] Concurrent Refinement Workers: 8
[2026-04-30T13:36:54.878+0530][gc,init] Periodic GC: Disabled
[2026-04-30T13:36:54.886+0530][gc,metaspace] CDS archive(s) mapped at: [0x000000012a000000-0x000000012abe4000-0x000000012abe4000), size 12468224, SharedBaseAddress: 0x000000012a000000, ArchiveRelocationMode: 1.
[2026-04-30T13:36:54.886+0530][gc,metaspace] Compressed class space mapped at: 0x000000012b000000-0x000000016b000000, reserved size: 1073741824
[2026-04-30T13:36:54.886+0530][gc,metaspace] Narrow klass base: 0x000000012a000000, Narrow klass shift: 0, Narrow klass range: 0x100000000
[2026-04-30T13:36:56.488+0530][gc,start    ] GC(0) Pause Young (Normal) (G1 Evacuation Pause)
[2026-04-30T13:36:56.489+0530][gc,task     ] GC(0) Using 8 workers of 8 for evacuation
[2026-04-30T13:36:56.500+0530][gc,phases   ] GC(0)   Pre Evacuate Collection Set: 0.2ms
[2026-04-30T13:36:56.500+0530][gc,phases   ] GC(0)   Merge Heap Roots: 0.1ms
[2026-04-30T13:36:56.500+0530][gc,phases   ] GC(0)   Evacuate Collection Set: 9.7ms
[2026-04-30T13:36:56.500+0530][gc,phases   ] GC(0)   Post Evacuate Collection Set: 0.7ms
[2026-04-30T13:36:56.500+0530][gc,phases   ] GC(0)   Other: 0.8ms
[2026-04-30T13:36:56.500+0530][gc,heap     ] GC(0) Eden regions: 51->0(44)
[2026-04-30T13:36:56.500+0530][gc,heap     ] GC(0) Survivor regions: 0->7(7)
[2026-04-30T13:36:56.500+0530][gc,heap     ] GC(0) Old regions: 0->2
[2026-04-30T13:36:56.500+0530][gc,heap     ] GC(0) Archive regions: 2->2
[2026-04-30T13:36:56.500+0530][gc,heap     ] GC(0) Humongous regions: 0->0
[2026-04-30T13:36:56.500+0530][gc,metaspace] GC(0) Metaspace: 17386K(17536K)->17386K(17536K) NonClass: 15263K(15360K)->15263K(15360K) Class: 2122K(2176K)->2122K(2176K)
[2026-04-30T13:36:56.500+0530][gc          ] GC(0) Pause Young (Normal) (G1 Evacuation Pause) 51M->8M(1024M) 11.800ms
[2026-04-30T13:36:56.500+0530][gc,cpu      ] GC(0) User=0.04s Sys=0.01s Real=0.02s
[2026-04-30T13:36:56.806+0530][gc,start    ] GC(1) Pause Young (Concurrent Start) (Metadata GC Threshold)
[2026-04-30T13:36:56.806+0530][gc,task     ] GC(1) Using 8 workers of 8 for evacuation
[2026-04-30T13:36:56.810+0530][gc,phases   ] GC(1)   Pre Evacuate Collection Set: 0.1ms
[2026-04-30T13:36:56.810+0530][gc,phases   ] GC(1)   Merge Heap Roots: 0.1ms
[2026-04-30T13:36:56.810+0530][gc,phases   ] GC(1)   Evacuate Collection Set: 3.9ms
[2026-04-30T13:36:56.810+0530][gc,phases   ] GC(1)   Post Evacuate Collection Set: 0.4ms
[2026-04-30T13:36:56.810+0530][gc,phases   ] GC(1)   Other: 0.2ms
[2026-04-30T13:36:56.810+0530][gc,heap     ] GC(1) Eden regions: 15->0(50)
[2026-04-30T13:36:56.810+0530][gc,heap     ] GC(1) Survivor regions: 7->1(7)
[2026-04-30T13:36:56.810+0530][gc,heap     ] GC(1) Old regions: 2->8
[2026-04-30T13:36:56.810+0530][gc,heap     ] GC(1) Archive regions: 2->2
[2026-04-30T13:36:56.810+0530][gc,heap     ] GC(1) Humongous regions: 0->0
[2026-04-30T13:36:56.810+0530][gc,metaspace] GC(1) Metaspace: 21301K(21504K)->21301K(21504K) NonClass: 18677K(18752K)->18677K(18752K) Class: 2624K(2752K)->2624K(2752K)
[2026-04-30T13:36:56.810+0530][gc          ] GC(1) Pause Young (Concurrent Start) (Metadata GC Threshold) 23M->9M(1024M) 4.819ms
[2026-04-30T13:36:56.810+0530][gc,cpu      ] GC(1) User=0.02s Sys=0.01s Real=0.01s
[2026-04-30T13:36:56.811+0530][gc          ] GC(2) Concurrent Mark Cycle
[2026-04-30T13:36:56.811+0530][gc,marking  ] GC(2) Concurrent Clear Claimed Marks
[2026-04-30T13:36:56.811+0530][gc,marking  ] GC(2) Concurrent Clear Claimed Marks 0.022ms
[2026-04-30T13:36:56.811+0530][gc,marking  ] GC(2) Concurrent Scan Root Regions
[2026-04-30T13:36:56.814+0530][gc,marking  ] GC(2) Concurrent Scan Root Regions 3.426ms
[2026-04-30T13:36:56.814+0530][gc,marking  ] GC(2) Concurrent Mark
[2026-04-30T13:36:56.814+0530][gc,marking  ] GC(2) Concurrent Mark From Roots
[2026-04-30T13:36:56.814+0530][gc,task     ] GC(2) Using 2 workers of 2 for marking
[2026-04-30T13:36:56.816+0530][gc,marking  ] GC(2) Concurrent Mark From Roots 1.793ms
[2026-04-30T13:36:56.816+0530][gc,marking  ] GC(2) Concurrent Preclean
[2026-04-30T13:36:56.816+0530][gc,marking  ] GC(2) Concurrent Preclean 0.029ms
[2026-04-30T13:36:56.816+0530][gc,start    ] GC(2) Pause Remark
[2026-04-30T13:36:56.818+0530][gc          ] GC(2) Pause Remark 10M->10M(1024M) 1.526ms
[2026-04-30T13:36:56.818+0530][gc,cpu      ] GC(2) User=0.00s Sys=0.01s Real=0.00s
[2026-04-30T13:36:56.818+0530][gc,marking  ] GC(2) Concurrent Mark 3.650ms
[2026-04-30T13:36:56.818+0530][gc,marking  ] GC(2) Concurrent Rebuild Remembered Sets
[2026-04-30T13:36:56.820+0530][gc,marking  ] GC(2) Concurrent Rebuild Remembered Sets 2.136ms
[2026-04-30T13:36:56.820+0530][gc,start    ] GC(2) Pause Cleanup
[2026-04-30T13:36:56.820+0530][gc          ] GC(2) Pause Cleanup 10M->10M(1024M) 0.141ms
[2026-04-30T13:36:56.820+0530][gc,cpu      ] GC(2) User=0.00s Sys=0.00s Real=0.00s
[2026-04-30T13:36:56.820+0530][gc,marking  ] GC(2) Concurrent Cleanup for Next Mark
[2026-04-30T13:36:56.827+0530][gc,marking  ] GC(2) Concurrent Cleanup for Next Mark 6.153ms
[2026-04-30T13:36:56.827+0530][gc          ] GC(2) Concurrent Mark Cycle 16.060ms
[2026-04-30T13:36:57.759+0530][gc,start    ] GC(3) Pause Young (Normal) (GCLocker Initiated GC)
[2026-04-30T13:36:57.759+0530][gc,task     ] GC(3) Using 8 workers of 8 for evacuation
[2026-04-30T13:36:57.763+0530][gc,phases   ] GC(3)   Pre Evacuate Collection Set: 0.1ms
[2026-04-30T13:36:57.763+0530][gc,phases   ] GC(3)   Merge Heap Roots: 0.1ms
[2026-04-30T13:36:57.763+0530][gc,phases   ] GC(3)   Evacuate Collection Set: 3.8ms
[2026-04-30T13:36:57.763+0530][gc,phases   ] GC(3)   Post Evacuate Collection Set: 0.4ms
[2026-04-30T13:36:57.763+0530][gc,phases   ] GC(3)   Other: 0.1ms
[2026-04-30T13:36:57.763+0530][gc,heap     ] GC(3) Eden regions: 50->0(44)
[2026-04-30T13:36:57.763+0530][gc,heap     ] GC(3) Survivor regions: 1->7(7)
[2026-04-30T13:36:57.763+0530][gc,heap     ] GC(3) Old regions: 8->8
[2026-04-30T13:36:57.763+0530][gc,heap     ] GC(3) Archive regions: 2->2
[2026-04-30T13:36:57.763+0530][gc,heap     ] GC(3) Humongous regions: 129->129
[2026-04-30T13:36:57.763+0530][gc,metaspace] GC(3) Metaspace: 32424K(32640K)->32424K(32640K) NonClass: 28740K(28864K)->28740K(28864K) Class: 3683K(3776K)->3683K(3776K)
[2026-04-30T13:36:57.763+0530][gc          ] GC(3) Pause Young (Normal) (GCLocker Initiated GC) 188M->143M(1024M) 4.600ms
[2026-04-30T13:36:57.763+0530][gc,cpu      ] GC(3) User=0.02s Sys=0.01s Real=0.01s
[2026-04-30T13:36:57.958+0530][gc,start    ] GC(4) Pause Young (Concurrent Start) (Metadata GC Threshold)
[2026-04-30T13:36:57.958+0530][gc,task     ] GC(4) Using 8 workers of 8 for evacuation
[2026-04-30T13:36:57.964+0530][gc,phases   ] GC(4)   Pre Evacuate Collection Set: 0.1ms
[2026-04-30T13:36:57.964+0530][gc,phases   ] GC(4)   Merge Heap Roots: 0.0ms
[2026-04-30T13:36:57.964+0530][gc,phases   ] GC(4)   Evacuate Collection Set: 5.6ms
[2026-04-30T13:36:57.964+0530][gc,phases   ] GC(4)   Post Evacuate Collection Set: 0.3ms
[2026-04-30T13:36:57.964+0530][gc,phases   ] GC(4)   Other: 0.2ms
[2026-04-30T13:36:57.964+0530][gc,heap     ] GC(4) Eden regions: 14->0(49)
[2026-04-30T13:36:57.964+0530][gc,heap     ] GC(4) Survivor regions: 7->2(7)
[2026-04-30T13:36:57.964+0530][gc,heap     ] GC(4) Old regions: 8->14
[2026-04-30T13:36:57.964+0530][gc,heap     ] GC(4) Archive regions: 2->2
[2026-04-30T13:36:57.964+0530][gc,heap     ] GC(4) Humongous regions: 129->129
[2026-04-30T13:36:57.964+0530][gc,metaspace] GC(4) Metaspace: 35741K(35968K)->35741K(35968K) NonClass: 31761K(31872K)->31761K(31872K) Class: 3980K(4096K)->3980K(4096K)
[2026-04-30T13:36:57.964+0530][gc          ] GC(4) Pause Young (Concurrent Start) (Metadata GC Threshold) 157M->144M(1024M) 6.434ms
[2026-04-30T13:36:57.964+0530][gc,cpu      ] GC(4) User=0.03s Sys=0.01s Real=0.01s
[2026-04-30T13:36:57.964+0530][gc          ] GC(5) Concurrent Mark Cycle
[2026-04-30T13:36:57.964+0530][gc,marking  ] GC(5) Concurrent Clear Claimed Marks
[2026-04-30T13:36:57.964+0530][gc,marking  ] GC(5) Concurrent Clear Claimed Marks 0.018ms
[2026-04-30T13:36:57.964+0530][gc,marking  ] GC(5) Concurrent Scan Root Regions
[2026-04-30T13:36:57.969+0530][gc,marking  ] GC(5) Concurrent Scan Root Regions 4.598ms
[2026-04-30T13:36:57.969+0530][gc,marking  ] GC(5) Concurrent Mark
[2026-04-30T13:36:57.969+0530][gc,marking  ] GC(5) Concurrent Mark From Roots
[2026-04-30T13:36:57.969+0530][gc,task     ] GC(5) Using 2 workers of 2 for marking
[2026-04-30T13:36:57.977+0530][gc,marking  ] GC(5) Concurrent Mark From Roots 7.846ms
[2026-04-30T13:36:57.977+0530][gc,marking  ] GC(5) Concurrent Preclean
[2026-04-30T13:36:57.977+0530][gc,marking  ] GC(5) Concurrent Preclean 0.062ms
[2026-04-30T13:36:57.977+0530][gc,start    ] GC(5) Pause Remark
[2026-04-30T13:36:57.979+0530][gc          ] GC(5) Pause Remark 145M->145M(1024M) 1.786ms
[2026-04-30T13:36:57.979+0530][gc,cpu      ] GC(5) User=0.01s Sys=0.00s Real=0.00s
[2026-04-30T13:36:57.979+0530][gc,marking  ] GC(5) Concurrent Mark 10.057ms
[2026-04-30T13:36:57.979+0530][gc,marking  ] GC(5) Concurrent Rebuild Remembered Sets
[2026-04-30T13:36:57.986+0530][gc,marking  ] GC(5) Concurrent Rebuild Remembered Sets 7.298ms
[2026-04-30T13:36:57.986+0530][gc,start    ] GC(5) Pause Cleanup
[2026-04-30T13:36:57.987+0530][gc          ] GC(5) Pause Cleanup 146M->146M(1024M) 0.154ms
[2026-04-30T13:36:57.987+0530][gc,cpu      ] GC(5) User=0.00s Sys=0.00s Real=0.00s
[2026-04-30T13:36:57.987+0530][gc,marking  ] GC(5) Concurrent Cleanup for Next Mark
[2026-04-30T13:36:57.999+0530][gc,marking  ] GC(5) Concurrent Cleanup for Next Mark 12.032ms
[2026-04-30T13:36:57.999+0530][gc          ] GC(5) Concurrent Mark Cycle 34.668ms
[2026-04-30T13:43:00.889+0530][gc,start    ] GC(6) Pause Young (Normal) (G1 Evacuation Pause)
[2026-04-30T13:43:00.891+0530][gc,task     ] GC(6) Using 8 workers of 8 for evacuation
[2026-04-30T13:43:00.899+0530][gc,phases   ] GC(6)   Pre Evacuate Collection Set: 0.2ms
[2026-04-30T13:43:00.899+0530][gc,phases   ] GC(6)   Merge Heap Roots: 0.1ms
[2026-04-30T13:43:00.899+0530][gc,phases   ] GC(6)   Evacuate Collection Set: 6.3ms
[2026-04-30T13:43:00.899+0530][gc,phases   ] GC(6)   Post Evacuate Collection Set: 0.7ms
[2026-04-30T13:43:00.899+0530][gc,phases   ] GC(6)   Other: 2.3ms
[2026-04-30T13:43:00.899+0530][gc,heap     ] GC(6) Eden regions: 49->0(47)
[2026-04-30T13:43:00.899+0530][gc,heap     ] GC(6) Survivor regions: 2->4(7)
[2026-04-30T13:43:00.899+0530][gc,heap     ] GC(6) Old regions: 14->14
[2026-04-30T13:43:00.899+0530][gc,heap     ] GC(6) Archive regions: 2->2
[2026-04-30T13:43:00.899+0530][gc,heap     ] GC(6) Humongous regions: 129->129
[2026-04-30T13:43:00.899+0530][gc,metaspace] GC(6) Metaspace: 40635K(41152K)->40635K(41152K) NonClass: 35887K(36160K)->35887K(36160K) Class: 4748K(4992K)->4748K(4992K)
[2026-04-30T13:43:00.899+0530][gc          ] GC(6) Pause Young (Normal) (G1 Evacuation Pause) 193M->147M(1024M) 9.865ms
[2026-04-30T13:43:00.899+0530][gc,cpu      ] GC(6) User=0.04s Sys=0.00s Real=0.01s
[2026-04-30T13:59:06.754+0530][gc,start    ] GC(7) Pause Young (Normal) (G1 Evacuation Pause)
[2026-04-30T13:59:06.756+0530][gc,task     ] GC(7) Using 8 workers of 8 for evacuation
[2026-04-30T13:59:06.760+0530][gc,phases   ] GC(7)   Pre Evacuate Collection Set: 0.2ms
[2026-04-30T13:59:06.760+0530][gc,phases   ] GC(7)   Merge Heap Roots: 0.1ms
[2026-04-30T13:59:06.760+0530][gc,phases   ] GC(7)   Evacuate Collection Set: 3.2ms
[2026-04-30T13:59:06.760+0530][gc,phases   ] GC(7)   Post Evacuate Collection Set: 0.4ms
[2026-04-30T13:59:06.760+0530][gc,phases   ] GC(7)   Other: 2.1ms
[2026-04-30T13:59:06.760+0530][gc,heap     ] GC(7) Eden regions: 47->0(47)
[2026-04-30T13:59:06.760+0530][gc,heap     ] GC(7) Survivor regions: 4->4(7)
[2026-04-30T13:59:06.760+0530][gc,heap     ] GC(7) Old regions: 14->14
[2026-04-30T13:59:06.760+0530][gc,heap     ] GC(7) Archive regions: 2->2
[2026-04-30T13:59:06.760+0530][gc,heap     ] GC(7) Humongous regions: 129->129
[2026-04-30T13:59:06.760+0530][gc,metaspace] GC(7) Metaspace: 41110K(41664K)->41110K(41664K) NonClass: 36350K(36672K)->36350K(36672K) Class: 4760K(4992K)->4760K(4992K)
[2026-04-30T13:59:06.760+0530][gc          ] GC(7) Pause Young (Normal) (G1 Evacuation Pause) 194M->147M(1024M) 6.136ms
[2026-04-30T13:59:06.760+0530][gc,cpu      ] GC(7) User=0.02s Sys=0.00s Real=0.01s
[2026-04-30T14:36:36.537+0530][gc,start    ] GC(8) Pause Young (Normal) (G1 Evacuation Pause)
[2026-04-30T14:36:36.537+0530][gc,task     ] GC(8) Using 8 workers of 8 for evacuation
[2026-04-30T14:36:36.543+0530][gc,phases   ] GC(8)   Pre Evacuate Collection Set: 0.2ms
[2026-04-30T14:36:36.543+0530][gc,phases   ] GC(8)   Merge Heap Roots: 0.1ms
[2026-04-30T14:36:36.544+0530][gc,phases   ] GC(8)   Evacuate Collection Set: 5.3ms
[2026-04-30T14:36:36.544+0530][gc,phases   ] GC(8)   Post Evacuate Collection Set: 0.7ms
[2026-04-30T14:36:36.544+0530][gc,phases   ] GC(8)   Other: 0.4ms
[2026-04-30T14:36:36.544+0530][gc,heap     ] GC(8) Eden regions: 47->0(46)
[2026-04-30T14:36:36.544+0530][gc,heap     ] GC(8) Survivor regions: 4->5(7)
[2026-04-30T14:36:36.544+0530][gc,heap     ] GC(8) Old regions: 14->14
[2026-04-30T14:36:36.544+0530][gc,heap     ] GC(8) Archive regions: 2->2
[2026-04-30T14:36:36.544+0530][gc,heap     ] GC(8) Humongous regions: 129->129
[2026-04-30T14:36:36.544+0530][gc,metaspace] GC(8) Metaspace: 41327K(41920K)->41327K(41920K) NonClass: 36535K(36864K)->36535K(36864K) Class: 4792K(5056K)->4792K(5056K)
[2026-04-30T14:36:36.545+0530][gc          ] GC(8) Pause Young (Normal) (G1 Evacuation Pause) 194M->148M(1024M) 8.220ms
[2026-04-30T14:36:36.545+0530][gc,cpu      ] GC(8) User=0.03s Sys=0.00s Real=0.01s
[2026-04-30T14:44:24.403+0530][gc,start    ] GC(9) Pause Young (Normal) (G1 Evacuation Pause)
[2026-04-30T14:44:24.405+0530][gc,task     ] GC(9) Using 8 workers of 8 for evacuation
[2026-04-30T14:44:24.411+0530][gc,phases   ] GC(9)   Pre Evacuate Collection Set: 0.2ms
[2026-04-30T14:44:24.411+0530][gc,phases   ] GC(9)   Merge Heap Roots: 0.1ms
[2026-04-30T14:44:24.411+0530][gc,phases   ] GC(9)   Evacuate Collection Set: 5.3ms
[2026-04-30T14:44:24.411+0530][gc,phases   ] GC(9)   Post Evacuate Collection Set: 0.4ms
[2026-04-30T14:44:24.411+0530][gc,phases   ] GC(9)   Other: 2.1ms
[2026-04-30T14:44:24.411+0530][gc,heap     ] GC(9) Eden regions: 46->0(73)
[2026-04-30T14:44:24.411+0530][gc,heap     ] GC(9) Survivor regions: 5->3(7)
[2026-04-30T14:44:24.411+0530][gc,heap     ] GC(9) Old regions: 14->16
[2026-04-30T14:44:24.411+0530][gc,heap     ] GC(9) Archive regions: 2->2
[2026-04-30T14:44:24.411+0530][gc,heap     ] GC(9) Humongous regions: 129->129
[2026-04-30T14:44:24.411+0530][gc,metaspace] GC(9) Metaspace: 41406K(41984K)->41406K(41984K) NonClass: 36614K(36928K)->36614K(36928K) Class: 4792K(5056K)->4792K(5056K)
[2026-04-30T14:44:24.411+0530][gc          ] GC(9) Pause Young (Normal) (G1 Evacuation Pause) 194M->148M(1024M) 8.205ms
[2026-04-30T14:44:24.411+0530][gc,cpu      ] GC(9) User=0.04s Sys=0.00s Real=0.01s
[2026-04-30T14:57:15.143+0530][gc,start    ] GC(10) Pause Young (Normal) (G1 Evacuation Pause)
[2026-04-30T14:57:15.143+0530][gc,task     ] GC(10) Using 8 workers of 8 for evacuation
[2026-04-30T14:57:15.149+0530][gc,phases   ] GC(10)   Pre Evacuate Collection Set: 0.2ms
[2026-04-30T14:57:15.149+0530][gc,phases   ] GC(10)   Merge Heap Roots: 0.1ms
[2026-04-30T14:57:15.149+0530][gc,phases   ] GC(10)   Evacuate Collection Set: 4.3ms
[2026-04-30T14:57:15.149+0530][gc,phases   ] GC(10)   Post Evacuate Collection Set: 0.5ms
[2026-04-30T14:57:15.149+0530][gc,phases   ] GC(10)   Other: 0.6ms
[2026-04-30T14:57:15.149+0530][gc,heap     ] GC(10) Eden regions: 73->0(340)
[2026-04-30T14:57:15.149+0530][gc,heap     ] GC(10) Survivor regions: 3->3(10)
[2026-04-30T14:57:15.149+0530][gc,heap     ] GC(10) Old regions: 16->16
[2026-04-30T14:57:15.149+0530][gc,heap     ] GC(10) Archive regions: 2->2
[2026-04-30T14:57:15.149+0530][gc,heap     ] GC(10) Humongous regions: 129->129
[2026-04-30T14:57:15.149+0530][gc,metaspace] GC(10) Metaspace: 41515K(42112K)->41515K(42112K) NonClass: 36722K(37056K)->36722K(37056K) Class: 4792K(5056K)->4792K(5056K)
[2026-04-30T14:57:15.149+0530][gc          ] GC(10) Pause Young (Normal) (G1 Evacuation Pause) 221M->148M(1024M) 6.020ms
[2026-04-30T14:57:15.149+0530][gc,cpu      ] GC(10) User=0.03s Sys=0.01s Real=0.00s
[2026-04-30T15:18:20.828+0530][gc,start    ] GC(11) Pause Young (Normal) (G1 Evacuation Pause)
[2026-04-30T15:18:20.830+0530][gc,task     ] GC(11) Using 8 workers of 8 for evacuation
[2026-04-30T15:18:20.848+0530][gc,phases   ] GC(11)   Pre Evacuate Collection Set: 1.1ms
[2026-04-30T15:18:20.848+0530][gc,phases   ] GC(11)   Merge Heap Roots: 0.3ms
[2026-04-30T15:18:20.848+0530][gc,phases   ] GC(11)   Evacuate Collection Set: 14.7ms
[2026-04-30T15:18:20.848+0530][gc,phases   ] GC(11)   Post Evacuate Collection Set: 1.6ms
[2026-04-30T15:18:20.848+0530][gc,phases   ] GC(11)   Other: 2.5ms
[2026-04-30T15:18:20.848+0530][gc,heap     ] GC(11) Eden regions: 340->0(127)
[2026-04-30T15:18:20.848+0530][gc,heap     ] GC(11) Survivor regions: 3->4(43)
[2026-04-30T15:18:20.848+0530][gc,heap     ] GC(11) Old regions: 16->16
[2026-04-30T15:18:20.848+0530][gc,heap     ] GC(11) Archive regions: 2->2
[2026-04-30T15:18:20.848+0530][gc,heap     ] GC(11) Humongous regions: 129->129
[2026-04-30T15:18:20.848+0530][gc,metaspace] GC(11) Metaspace: 43282K(43840K)->43282K(43840K) NonClass: 38324K(38656K)->38324K(38656K) Class: 4957K(5184K)->4957K(5184K)
[2026-04-30T15:18:20.848+0530][gc          ] GC(11) Pause Young (Normal) (G1 Evacuation Pause) 488M->149M(1024M) 20.463ms
[2026-04-30T15:18:20.849+0530][gc,cpu      ] GC(11) User=0.03s Sys=0.04s Real=0.02s
[2026-04-30T15:23:10.382+0530][gc,heap,exit] Heap
[2026-04-30T15:23:10.382+0530][gc,heap,exit]  garbage-first heap   total 1048576K, used 241244K [0x00000007c0000000, 0x0000000800000000)
[2026-04-30T15:23:10.382+0530][gc,heap,exit]   region size 1024K, 91 young (93184K), 4 survivors (4096K)
[2026-04-30T15:23:10.382+0530][gc,heap,exit]  Metaspace       used 44226K, committed 44800K, reserved 1114112K
[2026-04-30T15:23:10.382+0530][gc,heap,exit]   class space    used 5154K, committed 5376K, reserved 1048576K
