[2026-05-13T10:45:39.415+0530][gc] Using G1
[2026-05-13T10:45:39.422+0530][gc,init] Version: 17.0.8+9-LTS-211 (release)
[2026-05-13T10:45:39.422+0530][gc,init] CPUs: 8 total, 8 available
[2026-05-13T10:45:39.422+0530][gc,init] Memory: 16384M
[2026-05-13T10:45:39.422+0530][gc,init] Large Page Support: Disabled
[2026-05-13T10:45:39.422+0530][gc,init] NUMA Support: Disabled
[2026-05-13T10:45:39.422+0530][gc,init] Compressed Oops: Enabled (Zero based)
[2026-05-13T10:45:39.422+0530][gc,init] Heap Region Size: 1M
[2026-05-13T10:45:39.422+0530][gc,init] Heap Min Capacity: 1G
[2026-05-13T10:45:39.422+0530][gc,init] Heap Initial Capacity: 1G
[2026-05-13T10:45:39.422+0530][gc,init] Heap Max Capacity: 1G
[2026-05-13T10:45:39.422+0530][gc,init] Pre-touch: Disabled
[2026-05-13T10:45:39.422+0530][gc,init] Parallel Workers: 8
[2026-05-13T10:45:39.422+0530][gc,init] Concurrent Workers: 2
[2026-05-13T10:45:39.422+0530][gc,init] Concurrent Refinement Workers: 8
[2026-05-13T10:45:39.422+0530][gc,init] Periodic GC: Disabled
[2026-05-13T10:45:39.429+0530][gc,metaspace] CDS archive(s) mapped at: [0x000000012b000000-0x000000012bbe4000-0x000000012bbe4000), size 12468224, SharedBaseAddress: 0x000000012b000000, ArchiveRelocationMode: 1.
[2026-05-13T10:45:39.429+0530][gc,metaspace] Compressed class space mapped at: 0x000000012c000000-0x000000016c000000, reserved size: 1073741824
[2026-05-13T10:45:39.429+0530][gc,metaspace] Narrow klass base: 0x000000012b000000, Narrow klass shift: 0, Narrow klass range: 0x100000000
[2026-05-13T10:45:40.867+0530][gc,start    ] GC(0) Pause Young (Normal) (G1 Evacuation Pause)
[2026-05-13T10:45:40.868+0530][gc,task     ] GC(0) Using 8 workers of 8 for evacuation
[2026-05-13T10:45:40.873+0530][gc,phases   ] GC(0)   Pre Evacuate Collection Set: 0.1ms
[2026-05-13T10:45:40.873+0530][gc,phases   ] GC(0)   Merge Heap Roots: 0.1ms
[2026-05-13T10:45:40.873+0530][gc,phases   ] GC(0)   Evacuate Collection Set: 4.4ms
[2026-05-13T10:45:40.873+0530][gc,phases   ] GC(0)   Post Evacuate Collection Set: 0.4ms
[2026-05-13T10:45:40.873+0530][gc,phases   ] GC(0)   Other: 0.6ms
[2026-05-13T10:45:40.873+0530][gc,heap     ] GC(0) Eden regions: 51->0(44)
[2026-05-13T10:45:40.873+0530][gc,heap     ] GC(0) Survivor regions: 0->7(7)
[2026-05-13T10:45:40.873+0530][gc,heap     ] GC(0) Old regions: 0->1
[2026-05-13T10:45:40.873+0530][gc,heap     ] GC(0) Archive regions: 2->2
[2026-05-13T10:45:40.873+0530][gc,heap     ] GC(0) Humongous regions: 0->0
[2026-05-13T10:45:40.873+0530][gc,metaspace] GC(0) Metaspace: 17424K(17536K)->17424K(17536K) NonClass: 15301K(15360K)->15301K(15360K) Class: 2122K(2176K)->2122K(2176K)
[2026-05-13T10:45:40.873+0530][gc          ] GC(0) Pause Young (Normal) (G1 Evacuation Pause) 51M->8M(1024M) 5.789ms
[2026-05-13T10:45:40.873+0530][gc,cpu      ] GC(0) User=0.02s Sys=0.01s Real=0.01s
[2026-05-13T10:45:41.149+0530][gc,start    ] GC(1) Pause Young (Concurrent Start) (Metadata GC Threshold)
[2026-05-13T10:45:41.150+0530][gc,task     ] GC(1) Using 8 workers of 8 for evacuation
[2026-05-13T10:45:41.154+0530][gc,phases   ] GC(1)   Pre Evacuate Collection Set: 0.1ms
[2026-05-13T10:45:41.154+0530][gc,phases   ] GC(1)   Merge Heap Roots: 0.1ms
[2026-05-13T10:45:41.154+0530][gc,phases   ] GC(1)   Evacuate Collection Set: 4.0ms
[2026-05-13T10:45:41.154+0530][gc,phases   ] GC(1)   Post Evacuate Collection Set: 0.3ms
[2026-05-13T10:45:41.154+0530][gc,phases   ] GC(1)   Other: 0.2ms
[2026-05-13T10:45:41.154+0530][gc,heap     ] GC(1) Eden regions: 15->0(49)
[2026-05-13T10:45:41.154+0530][gc,heap     ] GC(1) Survivor regions: 7->2(7)
[2026-05-13T10:45:41.154+0530][gc,heap     ] GC(1) Old regions: 1->8
[2026-05-13T10:45:41.154+0530][gc,heap     ] GC(1) Archive regions: 2->2
[2026-05-13T10:45:41.154+0530][gc,heap     ] GC(1) Humongous regions: 0->0
[2026-05-13T10:45:41.154+0530][gc,metaspace] GC(1) Metaspace: 21271K(21504K)->21271K(21504K) NonClass: 18647K(18816K)->18647K(18816K) Class: 2623K(2688K)->2623K(2688K)
[2026-05-13T10:45:41.154+0530][gc          ] GC(1) Pause Young (Concurrent Start) (Metadata GC Threshold) 23M->10M(1024M) 4.932ms
[2026-05-13T10:45:41.154+0530][gc,cpu      ] GC(1) User=0.02s Sys=0.01s Real=0.01s
[2026-05-13T10:45:41.154+0530][gc          ] GC(2) Concurrent Mark Cycle
[2026-05-13T10:45:41.155+0530][gc,marking  ] GC(2) Concurrent Clear Claimed Marks
[2026-05-13T10:45:41.155+0530][gc,marking  ] GC(2) Concurrent Clear Claimed Marks 0.015ms
[2026-05-13T10:45:41.155+0530][gc,marking  ] GC(2) Concurrent Scan Root Regions
[2026-05-13T10:45:41.157+0530][gc,marking  ] GC(2) Concurrent Scan Root Regions 2.025ms
[2026-05-13T10:45:41.157+0530][gc,marking  ] GC(2) Concurrent Mark
[2026-05-13T10:45:41.157+0530][gc,marking  ] GC(2) Concurrent Mark From Roots
[2026-05-13T10:45:41.157+0530][gc,task     ] GC(2) Using 2 workers of 2 for marking
[2026-05-13T10:45:41.158+0530][gc,marking  ] GC(2) Concurrent Mark From Roots 1.607ms
[2026-05-13T10:45:41.158+0530][gc,marking  ] GC(2) Concurrent Preclean
[2026-05-13T10:45:41.158+0530][gc,marking  ] GC(2) Concurrent Preclean 0.028ms
[2026-05-13T10:45:41.158+0530][gc,start    ] GC(2) Pause Remark
[2026-05-13T10:45:41.160+0530][gc          ] GC(2) Pause Remark 10M->10M(1024M) 1.499ms
[2026-05-13T10:45:41.160+0530][gc,cpu      ] GC(2) User=0.00s Sys=0.00s Real=0.01s
[2026-05-13T10:45:41.160+0530][gc,marking  ] GC(2) Concurrent Mark 3.403ms
[2026-05-13T10:45:41.160+0530][gc,marking  ] GC(2) Concurrent Rebuild Remembered Sets
[2026-05-13T10:45:41.160+0530][gc,marking  ] GC(2) Concurrent Rebuild Remembered Sets 0.008ms
[2026-05-13T10:45:41.160+0530][gc,start    ] GC(2) Pause Cleanup
[2026-05-13T10:45:41.160+0530][gc          ] GC(2) Pause Cleanup 10M->10M(1024M) 0.016ms
[2026-05-13T10:45:41.160+0530][gc,cpu      ] GC(2) User=0.00s Sys=0.00s Real=0.00s
[2026-05-13T10:45:41.160+0530][gc,marking  ] GC(2) Concurrent Cleanup for Next Mark
[2026-05-13T10:45:41.165+0530][gc,marking  ] GC(2) Concurrent Cleanup for Next Mark 4.812ms
[2026-05-13T10:45:41.165+0530][gc          ] GC(2) Concurrent Mark Cycle 10.721ms
[2026-05-13T10:45:42.022+0530][gc,start    ] GC(3) Pause Young (Normal) (G1 Evacuation Pause)
[2026-05-13T10:45:42.022+0530][gc,task     ] GC(3) Using 8 workers of 8 for evacuation
[2026-05-13T10:45:42.027+0530][gc,phases   ] GC(3)   Pre Evacuate Collection Set: 0.1ms
[2026-05-13T10:45:42.027+0530][gc,phases   ] GC(3)   Merge Heap Roots: 0.1ms
[2026-05-13T10:45:42.027+0530][gc,phases   ] GC(3)   Evacuate Collection Set: 3.9ms
[2026-05-13T10:45:42.027+0530][gc,phases   ] GC(3)   Post Evacuate Collection Set: 0.4ms
[2026-05-13T10:45:42.027+0530][gc,phases   ] GC(3)   Other: 0.2ms
[2026-05-13T10:45:42.027+0530][gc,heap     ] GC(3) Eden regions: 49->0(45)
[2026-05-13T10:45:42.027+0530][gc,heap     ] GC(3) Survivor regions: 2->6(7)
[2026-05-13T10:45:42.027+0530][gc,heap     ] GC(3) Old regions: 8->8
[2026-05-13T10:45:42.027+0530][gc,heap     ] GC(3) Archive regions: 2->2
[2026-05-13T10:45:42.027+0530][gc,heap     ] GC(3) Humongous regions: 129->129
[2026-05-13T10:45:42.027+0530][gc,metaspace] GC(3) Metaspace: 32303K(32576K)->32303K(32576K) NonClass: 28633K(28800K)->28633K(28800K) Class: 3670K(3776K)->3670K(3776K)
[2026-05-13T10:45:42.027+0530][gc          ] GC(3) Pause Young (Normal) (G1 Evacuation Pause) 188M->143M(1024M) 4.699ms
[2026-05-13T10:45:42.027+0530][gc,cpu      ] GC(3) User=0.02s Sys=0.00s Real=0.00s
[2026-05-13T10:45:42.202+0530][gc,start    ] GC(4) Pause Young (Concurrent Start) (Metadata GC Threshold)
[2026-05-13T10:45:42.202+0530][gc,task     ] GC(4) Using 8 workers of 8 for evacuation
[2026-05-13T10:45:42.208+0530][gc,phases   ] GC(4)   Pre Evacuate Collection Set: 0.2ms
[2026-05-13T10:45:42.208+0530][gc,phases   ] GC(4)   Merge Heap Roots: 0.1ms
[2026-05-13T10:45:42.208+0530][gc,phases   ] GC(4)   Evacuate Collection Set: 5.0ms
[2026-05-13T10:45:42.208+0530][gc,phases   ] GC(4)   Post Evacuate Collection Set: 0.4ms
[2026-05-13T10:45:42.208+0530][gc,phases   ] GC(4)   Other: 0.2ms
[2026-05-13T10:45:42.208+0530][gc,heap     ] GC(4) Eden regions: 14->0(49)
[2026-05-13T10:45:42.208+0530][gc,heap     ] GC(4) Survivor regions: 6->2(7)
[2026-05-13T10:45:42.208+0530][gc,heap     ] GC(4) Old regions: 8->14
[2026-05-13T10:45:42.208+0530][gc,heap     ] GC(4) Archive regions: 2->2
[2026-05-13T10:45:42.208+0530][gc,heap     ] GC(4) Humongous regions: 129->129
[2026-05-13T10:45:42.208+0530][gc,metaspace] GC(4) Metaspace: 35706K(35968K)->35706K(35968K) NonClass: 31729K(31872K)->31729K(31872K) Class: 3976K(4096K)->3976K(4096K)
[2026-05-13T10:45:42.208+0530][gc          ] GC(4) Pause Young (Concurrent Start) (Metadata GC Threshold) 157M->144M(1024M) 5.941ms
[2026-05-13T10:45:42.208+0530][gc,cpu      ] GC(4) User=0.03s Sys=0.01s Real=0.00s
[2026-05-13T10:45:42.208+0530][gc          ] GC(5) Concurrent Mark Cycle
[2026-05-13T10:45:42.208+0530][gc,marking  ] GC(5) Concurrent Clear Claimed Marks
[2026-05-13T10:45:42.208+0530][gc,marking  ] GC(5) Concurrent Clear Claimed Marks 0.020ms
[2026-05-13T10:45:42.208+0530][gc,marking  ] GC(5) Concurrent Scan Root Regions
[2026-05-13T10:45:42.211+0530][gc,marking  ] GC(5) Concurrent Scan Root Regions 3.020ms
[2026-05-13T10:45:42.211+0530][gc,marking  ] GC(5) Concurrent Mark
[2026-05-13T10:45:42.211+0530][gc,marking  ] GC(5) Concurrent Mark From Roots
[2026-05-13T10:45:42.211+0530][gc,task     ] GC(5) Using 2 workers of 2 for marking
[2026-05-13T10:45:42.217+0530][gc,marking  ] GC(5) Concurrent Mark From Roots 5.574ms
[2026-05-13T10:45:42.217+0530][gc,marking  ] GC(5) Concurrent Preclean
[2026-05-13T10:45:42.217+0530][gc,marking  ] GC(5) Concurrent Preclean 0.055ms
[2026-05-13T10:45:42.217+0530][gc,start    ] GC(5) Pause Remark
[2026-05-13T10:45:42.218+0530][gc          ] GC(5) Pause Remark 145M->145M(1024M) 1.286ms
[2026-05-13T10:45:42.218+0530][gc,cpu      ] GC(5) User=0.00s Sys=0.00s Real=0.00s
[2026-05-13T10:45:42.218+0530][gc,marking  ] GC(5) Concurrent Mark 7.129ms
[2026-05-13T10:45:42.218+0530][gc,marking  ] GC(5) Concurrent Rebuild Remembered Sets
[2026-05-13T10:45:42.223+0530][gc,marking  ] GC(5) Concurrent Rebuild Remembered Sets 4.705ms
[2026-05-13T10:45:42.223+0530][gc,start    ] GC(5) Pause Cleanup
[2026-05-13T10:45:42.223+0530][gc          ] GC(5) Pause Cleanup 145M->145M(1024M) 0.130ms
[2026-05-13T10:45:42.223+0530][gc,cpu      ] GC(5) User=0.00s Sys=0.00s Real=0.00s
[2026-05-13T10:45:42.223+0530][gc,marking  ] GC(5) Concurrent Cleanup for Next Mark
[2026-05-13T10:45:42.228+0530][gc,marking  ] GC(5) Concurrent Cleanup for Next Mark 4.961ms
[2026-05-13T10:45:42.229+0530][gc          ] GC(5) Concurrent Mark Cycle 20.373ms
[2026-05-13T10:46:10.711+0530][gc,heap,exit] Heap
[2026-05-13T10:46:10.711+0530][gc,heap,exit]  garbage-first heap   total 1048576K, used 175079K [0x00000007c0000000, 0x0000000800000000)
[2026-05-13T10:46:10.711+0530][gc,heap,exit]   region size 1024K, 29 young (29696K), 2 survivors (2048K)
[2026-05-13T10:46:10.711+0530][gc,heap,exit]  Metaspace       used 39364K, committed 39808K, reserved 1114112K
[2026-05-13T10:46:10.711+0530][gc,heap,exit]   class space    used 4635K, committed 4800K, reserved 1048576K
