[2026-05-12T18:20:32.591+0530][gc] Using G1
[2026-05-12T18:20:32.597+0530][gc,init] Version: 17.0.8+9-LTS-211 (release)
[2026-05-12T18:20:32.597+0530][gc,init] CPUs: 8 total, 8 available
[2026-05-12T18:20:32.597+0530][gc,init] Memory: 16384M
[2026-05-12T18:20:32.597+0530][gc,init] Large Page Support: Disabled
[2026-05-12T18:20:32.597+0530][gc,init] NUMA Support: Disabled
[2026-05-12T18:20:32.598+0530][gc,init] Compressed Oops: Enabled (Zero based)
[2026-05-12T18:20:32.598+0530][gc,init] Heap Region Size: 1M
[2026-05-12T18:20:32.598+0530][gc,init] Heap Min Capacity: 1G
[2026-05-12T18:20:32.598+0530][gc,init] Heap Initial Capacity: 1G
[2026-05-12T18:20:32.598+0530][gc,init] Heap Max Capacity: 1G
[2026-05-12T18:20:32.598+0530][gc,init] Pre-touch: Disabled
[2026-05-12T18:20:32.598+0530][gc,init] Parallel Workers: 8
[2026-05-12T18:20:32.598+0530][gc,init] Concurrent Workers: 2
[2026-05-12T18:20:32.598+0530][gc,init] Concurrent Refinement Workers: 8
[2026-05-12T18:20:32.598+0530][gc,init] Periodic GC: Disabled
[2026-05-12T18:20:32.605+0530][gc,metaspace] CDS archive(s) mapped at: [0x0000000125000000-0x0000000125be4000-0x0000000125be4000), size 12468224, SharedBaseAddress: 0x0000000125000000, ArchiveRelocationMode: 1.
[2026-05-12T18:20:32.605+0530][gc,metaspace] Compressed class space mapped at: 0x0000000126000000-0x0000000166000000, reserved size: 1073741824
[2026-05-12T18:20:32.605+0530][gc,metaspace] Narrow klass base: 0x0000000125000000, Narrow klass shift: 0, Narrow klass range: 0x100000000
[2026-05-12T18:20:34.014+0530][gc,start    ] GC(0) Pause Young (Normal) (G1 Evacuation Pause)
[2026-05-12T18:20:34.014+0530][gc,task     ] GC(0) Using 8 workers of 8 for evacuation
[2026-05-12T18:20:34.020+0530][gc,phases   ] GC(0)   Pre Evacuate Collection Set: 0.1ms
[2026-05-12T18:20:34.020+0530][gc,phases   ] GC(0)   Merge Heap Roots: 0.1ms
[2026-05-12T18:20:34.020+0530][gc,phases   ] GC(0)   Evacuate Collection Set: 5.0ms
[2026-05-12T18:20:34.020+0530][gc,phases   ] GC(0)   Post Evacuate Collection Set: 0.4ms
[2026-05-12T18:20:34.020+0530][gc,phases   ] GC(0)   Other: 0.6ms
[2026-05-12T18:20:34.020+0530][gc,heap     ] GC(0) Eden regions: 51->0(44)
[2026-05-12T18:20:34.020+0530][gc,heap     ] GC(0) Survivor regions: 0->7(7)
[2026-05-12T18:20:34.020+0530][gc,heap     ] GC(0) Old regions: 0->1
[2026-05-12T18:20:34.020+0530][gc,heap     ] GC(0) Archive regions: 2->2
[2026-05-12T18:20:34.020+0530][gc,heap     ] GC(0) Humongous regions: 0->0
[2026-05-12T18:20:34.020+0530][gc,metaspace] GC(0) Metaspace: 17413K(17536K)->17413K(17536K) NonClass: 15291K(15360K)->15291K(15360K) Class: 2122K(2176K)->2122K(2176K)
[2026-05-12T18:20:34.020+0530][gc          ] GC(0) Pause Young (Normal) (G1 Evacuation Pause) 51M->8M(1024M) 6.365ms
[2026-05-12T18:20:34.020+0530][gc,cpu      ] GC(0) User=0.03s Sys=0.01s Real=0.01s
[2026-05-12T18:20:34.385+0530][gc,start    ] GC(1) Pause Young (Concurrent Start) (Metadata GC Threshold)
[2026-05-12T18:20:34.385+0530][gc,task     ] GC(1) Using 8 workers of 8 for evacuation
[2026-05-12T18:20:34.391+0530][gc,phases   ] GC(1)   Pre Evacuate Collection Set: 0.1ms
[2026-05-12T18:20:34.391+0530][gc,phases   ] GC(1)   Merge Heap Roots: 0.1ms
[2026-05-12T18:20:34.391+0530][gc,phases   ] GC(1)   Evacuate Collection Set: 5.2ms
[2026-05-12T18:20:34.391+0530][gc,phases   ] GC(1)   Post Evacuate Collection Set: 0.4ms
[2026-05-12T18:20:34.391+0530][gc,phases   ] GC(1)   Other: 0.3ms
[2026-05-12T18:20:34.391+0530][gc,heap     ] GC(1) Eden regions: 17->0(49)
[2026-05-12T18:20:34.391+0530][gc,heap     ] GC(1) Survivor regions: 7->2(7)
[2026-05-12T18:20:34.391+0530][gc,heap     ] GC(1) Old regions: 1->8
[2026-05-12T18:20:34.391+0530][gc,heap     ] GC(1) Archive regions: 2->2
[2026-05-12T18:20:34.391+0530][gc,heap     ] GC(1) Humongous regions: 129->129
[2026-05-12T18:20:34.391+0530][gc,metaspace] GC(1) Metaspace: 21341K(21504K)->21341K(21504K) NonClass: 18737K(18816K)->18737K(18816K) Class: 2604K(2688K)->2604K(2688K)
[2026-05-12T18:20:34.391+0530][gc          ] GC(1) Pause Young (Concurrent Start) (Metadata GC Threshold) 154M->139M(1024M) 6.131ms
[2026-05-12T18:20:34.391+0530][gc,cpu      ] GC(1) User=0.03s Sys=0.00s Real=0.01s
[2026-05-12T18:20:34.391+0530][gc          ] GC(2) Concurrent Mark Cycle
[2026-05-12T18:20:34.391+0530][gc,marking  ] GC(2) Concurrent Clear Claimed Marks
[2026-05-12T18:20:34.391+0530][gc,marking  ] GC(2) Concurrent Clear Claimed Marks 0.021ms
[2026-05-12T18:20:34.391+0530][gc,marking  ] GC(2) Concurrent Scan Root Regions
[2026-05-12T18:20:34.394+0530][gc,marking  ] GC(2) Concurrent Scan Root Regions 2.683ms
[2026-05-12T18:20:34.394+0530][gc,marking  ] GC(2) Concurrent Mark
[2026-05-12T18:20:34.394+0530][gc,marking  ] GC(2) Concurrent Mark From Roots
[2026-05-12T18:20:34.394+0530][gc,task     ] GC(2) Using 2 workers of 2 for marking
[2026-05-12T18:20:34.396+0530][gc,marking  ] GC(2) Concurrent Mark From Roots 1.871ms
[2026-05-12T18:20:34.396+0530][gc,marking  ] GC(2) Concurrent Preclean
[2026-05-12T18:20:34.396+0530][gc,marking  ] GC(2) Concurrent Preclean 0.029ms
[2026-05-12T18:20:34.396+0530][gc,start    ] GC(2) Pause Remark
[2026-05-12T18:20:34.398+0530][gc          ] GC(2) Pause Remark 140M->140M(1024M) 1.618ms
[2026-05-12T18:20:34.398+0530][gc,cpu      ] GC(2) User=0.00s Sys=0.00s Real=0.00s
[2026-05-12T18:20:34.398+0530][gc,marking  ] GC(2) Concurrent Mark 3.877ms
[2026-05-12T18:20:34.398+0530][gc,marking  ] GC(2) Concurrent Rebuild Remembered Sets
[2026-05-12T18:20:34.398+0530][gc,marking  ] GC(2) Concurrent Rebuild Remembered Sets 0.017ms
[2026-05-12T18:20:34.398+0530][gc,start    ] GC(2) Pause Cleanup
[2026-05-12T18:20:34.398+0530][gc          ] GC(2) Pause Cleanup 140M->140M(1024M) 0.035ms
[2026-05-12T18:20:34.398+0530][gc,cpu      ] GC(2) User=0.00s Sys=0.00s Real=0.00s
[2026-05-12T18:20:34.398+0530][gc,marking  ] GC(2) Concurrent Cleanup for Next Mark
[2026-05-12T18:20:34.404+0530][gc,marking  ] GC(2) Concurrent Cleanup for Next Mark 5.704ms
[2026-05-12T18:20:34.404+0530][gc          ] GC(2) Concurrent Mark Cycle 12.703ms
[2026-05-12T18:20:35.167+0530][gc,start    ] GC(3) Pause Young (Normal) (G1 Evacuation Pause)
[2026-05-12T18:20:35.167+0530][gc,task     ] GC(3) Using 8 workers of 8 for evacuation
[2026-05-12T18:20:35.172+0530][gc,phases   ] GC(3)   Pre Evacuate Collection Set: 0.1ms
[2026-05-12T18:20:35.172+0530][gc,phases   ] GC(3)   Merge Heap Roots: 0.1ms
[2026-05-12T18:20:35.172+0530][gc,phases   ] GC(3)   Evacuate Collection Set: 4.7ms
[2026-05-12T18:20:35.172+0530][gc,phases   ] GC(3)   Post Evacuate Collection Set: 0.3ms
[2026-05-12T18:20:35.172+0530][gc,phases   ] GC(3)   Other: 0.1ms
[2026-05-12T18:20:35.172+0530][gc,heap     ] GC(3) Eden regions: 49->0(44)
[2026-05-12T18:20:35.172+0530][gc,heap     ] GC(3) Survivor regions: 2->7(7)
[2026-05-12T18:20:35.172+0530][gc,heap     ] GC(3) Old regions: 8->8
[2026-05-12T18:20:35.172+0530][gc,heap     ] GC(3) Archive regions: 2->2
[2026-05-12T18:20:35.172+0530][gc,heap     ] GC(3) Humongous regions: 129->129
[2026-05-12T18:20:35.172+0530][gc,metaspace] GC(3) Metaspace: 32602K(32768K)->32602K(32768K) NonClass: 28969K(29056K)->28969K(29056K) Class: 3632K(3712K)->3632K(3712K)
[2026-05-12T18:20:35.172+0530][gc          ] GC(3) Pause Young (Normal) (G1 Evacuation Pause) 188M->144M(1024M) 5.455ms
[2026-05-12T18:20:35.173+0530][gc,cpu      ] GC(3) User=0.04s Sys=0.00s Real=0.01s
[2026-05-12T18:21:04.270+0530][gc,start    ] GC(4) Pause Young (Concurrent Start) (Metadata GC Threshold)
[2026-05-12T18:21:04.272+0530][gc,task     ] GC(4) Using 8 workers of 8 for evacuation
[2026-05-12T18:21:04.279+0530][gc,phases   ] GC(4)   Pre Evacuate Collection Set: 0.2ms
[2026-05-12T18:21:04.279+0530][gc,phases   ] GC(4)   Merge Heap Roots: 0.1ms
[2026-05-12T18:21:04.279+0530][gc,phases   ] GC(4)   Evacuate Collection Set: 6.0ms
[2026-05-12T18:21:04.279+0530][gc,phases   ] GC(4)   Post Evacuate Collection Set: 0.4ms
[2026-05-12T18:21:04.279+0530][gc,phases   ] GC(4)   Other: 1.9ms
[2026-05-12T18:21:04.279+0530][gc,heap     ] GC(4) Eden regions: 15->0(49)
[2026-05-12T18:21:04.279+0530][gc,heap     ] GC(4) Survivor regions: 7->2(7)
[2026-05-12T18:21:04.279+0530][gc,heap     ] GC(4) Old regions: 8->15
[2026-05-12T18:21:04.279+0530][gc,heap     ] GC(4) Archive regions: 2->2
[2026-05-12T18:21:04.279+0530][gc,heap     ] GC(4) Humongous regions: 129->129
[2026-05-12T18:21:04.279+0530][gc,metaspace] GC(4) Metaspace: 35658K(35968K)->35658K(35968K) NonClass: 31665K(31808K)->31665K(31808K) Class: 3992K(4160K)->3992K(4160K)
[2026-05-12T18:21:04.279+0530][gc          ] GC(4) Pause Young (Concurrent Start) (Metadata GC Threshold) 158M->145M(1024M) 8.737ms
[2026-05-12T18:21:04.279+0530][gc,cpu      ] GC(4) User=0.04s Sys=0.01s Real=0.00s
[2026-05-12T18:21:04.279+0530][gc          ] GC(5) Concurrent Mark Cycle
[2026-05-12T18:21:04.279+0530][gc,marking  ] GC(5) Concurrent Clear Claimed Marks
[2026-05-12T18:21:04.279+0530][gc,marking  ] GC(5) Concurrent Clear Claimed Marks 0.017ms
[2026-05-12T18:21:04.279+0530][gc,marking  ] GC(5) Concurrent Scan Root Regions
[2026-05-12T18:21:04.283+0530][gc,marking  ] GC(5) Concurrent Scan Root Regions 3.878ms
[2026-05-12T18:21:04.283+0530][gc,marking  ] GC(5) Concurrent Mark
[2026-05-12T18:21:04.283+0530][gc,marking  ] GC(5) Concurrent Mark From Roots
[2026-05-12T18:21:04.283+0530][gc,task     ] GC(5) Using 2 workers of 2 for marking
[2026-05-12T18:21:04.289+0530][gc,marking  ] GC(5) Concurrent Mark From Roots 5.509ms
[2026-05-12T18:21:04.296+0530][gc,marking  ] GC(5) Concurrent Preclean
[2026-05-12T18:21:04.296+0530][gc,marking  ] GC(5) Concurrent Preclean 0.167ms
[2026-05-12T18:21:04.297+0530][gc,start    ] GC(5) Pause Remark
[2026-05-12T18:21:04.298+0530][gc          ] GC(5) Pause Remark 146M->146M(1024M) 1.652ms
[2026-05-12T18:21:04.298+0530][gc,cpu      ] GC(5) User=0.01s Sys=0.00s Real=0.00s
[2026-05-12T18:21:04.298+0530][gc,marking  ] GC(5) Concurrent Mark 15.061ms
[2026-05-12T18:21:04.298+0530][gc,marking  ] GC(5) Concurrent Rebuild Remembered Sets
[2026-05-12T18:21:04.304+0530][gc,marking  ] GC(5) Concurrent Rebuild Remembered Sets 5.364ms
[2026-05-12T18:21:04.306+0530][gc,start    ] GC(5) Pause Cleanup
[2026-05-12T18:21:04.306+0530][gc          ] GC(5) Pause Cleanup 146M->146M(1024M) 0.152ms
[2026-05-12T18:21:04.306+0530][gc,cpu      ] GC(5) User=0.00s Sys=0.00s Real=0.00s
[2026-05-12T18:21:04.306+0530][gc,marking  ] GC(5) Concurrent Cleanup for Next Mark
[2026-05-12T18:21:04.313+0530][gc,marking  ] GC(5) Concurrent Cleanup for Next Mark 6.824ms
[2026-05-12T18:21:04.313+0530][gc          ] GC(5) Concurrent Mark Cycle 33.882ms
[2026-05-12T18:28:44.908+0530][gc,start    ] GC(6) Pause Young (Prepare Mixed) (G1 Evacuation Pause)
[2026-05-12T18:28:44.908+0530][gc,task     ] GC(6) Using 8 workers of 8 for evacuation
[2026-05-12T18:28:44.913+0530][gc,phases   ] GC(6)   Pre Evacuate Collection Set: 0.1ms
[2026-05-12T18:28:44.913+0530][gc,phases   ] GC(6)   Merge Heap Roots: 0.1ms
[2026-05-12T18:28:44.913+0530][gc,phases   ] GC(6)   Evacuate Collection Set: 4.5ms
[2026-05-12T18:28:44.913+0530][gc,phases   ] GC(6)   Post Evacuate Collection Set: 0.5ms
[2026-05-12T18:28:44.913+0530][gc,phases   ] GC(6)   Other: 0.4ms
[2026-05-12T18:28:44.913+0530][gc,heap     ] GC(6) Eden regions: 49->0(46)
[2026-05-12T18:28:44.913+0530][gc,heap     ] GC(6) Survivor regions: 2->5(7)
[2026-05-12T18:28:44.913+0530][gc,heap     ] GC(6) Old regions: 15->15
[2026-05-12T18:28:44.913+0530][gc,heap     ] GC(6) Archive regions: 2->2
[2026-05-12T18:28:44.913+0530][gc,heap     ] GC(6) Humongous regions: 129->129
[2026-05-12T18:28:44.913+0530][gc,metaspace] GC(6) Metaspace: 40888K(41344K)->40888K(41344K) NonClass: 36141K(36416K)->36141K(36416K) Class: 4746K(4928K)->4746K(4928K)
[2026-05-12T18:28:44.913+0530][gc          ] GC(6) Pause Young (Prepare Mixed) (G1 Evacuation Pause) 194M->148M(1024M) 5.707ms
[2026-05-12T18:28:44.913+0530][gc,cpu      ] GC(6) User=0.03s Sys=0.00s Real=0.01s
[2026-05-12T18:35:21.634+0530][gc,start    ] GC(7) Pause Young (Mixed) (G1 Evacuation Pause)
[2026-05-12T18:35:21.635+0530][gc,task     ] GC(7) Using 8 workers of 8 for evacuation
[2026-05-12T18:35:21.642+0530][gc,phases   ] GC(7)   Pre Evacuate Collection Set: 0.2ms
[2026-05-12T18:35:21.642+0530][gc,phases   ] GC(7)   Merge Heap Roots: 0.1ms
[2026-05-12T18:35:21.642+0530][gc,phases   ] GC(7)   Evacuate Collection Set: 6.8ms
[2026-05-12T18:35:21.642+0530][gc,phases   ] GC(7)   Post Evacuate Collection Set: 0.3ms
[2026-05-12T18:35:21.642+0530][gc,phases   ] GC(7)   Other: 1.0ms
[2026-05-12T18:35:21.642+0530][gc,heap     ] GC(7) Eden regions: 46->0(48)
[2026-05-12T18:35:21.642+0530][gc,heap     ] GC(7) Survivor regions: 5->3(7)
[2026-05-12T18:35:21.642+0530][gc,heap     ] GC(7) Old regions: 15->17
[2026-05-12T18:35:21.642+0530][gc,heap     ] GC(7) Archive regions: 2->2
[2026-05-12T18:35:21.642+0530][gc,heap     ] GC(7) Humongous regions: 129->129
[2026-05-12T18:35:21.642+0530][gc,metaspace] GC(7) Metaspace: 41269K(41792K)->41269K(41792K) NonClass: 36462K(36800K)->36462K(36800K) Class: 4806K(4992K)->4806K(4992K)
[2026-05-12T18:35:21.642+0530][gc          ] GC(7) Pause Young (Mixed) (G1 Evacuation Pause) 194M->148M(1024M) 8.480ms
[2026-05-12T18:35:21.642+0530][gc,cpu      ] GC(7) User=0.03s Sys=0.01s Real=0.01s
[2026-05-12T18:41:14.902+0530][gc,start    ] GC(8) Pause Young (Normal) (G1 Evacuation Pause)
[2026-05-12T18:41:14.904+0530][gc,task     ] GC(8) Using 8 workers of 8 for evacuation
[2026-05-12T18:41:14.910+0530][gc,phases   ] GC(8)   Pre Evacuate Collection Set: 0.2ms
[2026-05-12T18:41:14.910+0530][gc,phases   ] GC(8)   Merge Heap Roots: 0.1ms
[2026-05-12T18:41:14.910+0530][gc,phases   ] GC(8)   Evacuate Collection Set: 4.7ms
[2026-05-12T18:41:14.910+0530][gc,phases   ] GC(8)   Post Evacuate Collection Set: 0.5ms
[2026-05-12T18:41:14.910+0530][gc,phases   ] GC(8)   Other: 2.2ms
[2026-05-12T18:41:14.910+0530][gc,heap     ] GC(8) Eden regions: 48->0(46)
[2026-05-12T18:41:14.910+0530][gc,heap     ] GC(8) Survivor regions: 3->5(7)
[2026-05-12T18:41:14.910+0530][gc,heap     ] GC(8) Old regions: 17->17
[2026-05-12T18:41:14.910+0530][gc,heap     ] GC(8) Archive regions: 2->2
[2026-05-12T18:41:14.910+0530][gc,heap     ] GC(8) Humongous regions: 129->129
[2026-05-12T18:41:14.910+0530][gc,metaspace] GC(8) Metaspace: 42114K(42624K)->42114K(42624K) NonClass: 37191K(37504K)->37191K(37504K) Class: 4923K(5120K)->4923K(5120K)
[2026-05-12T18:41:14.910+0530][gc          ] GC(8) Pause Young (Normal) (G1 Evacuation Pause) 196M->150M(1024M) 8.047ms
[2026-05-12T18:41:14.910+0530][gc,cpu      ] GC(8) User=0.04s Sys=0.00s Real=0.01s
[2026-05-12T18:47:45.082+0530][gc,start    ] GC(9) Pause Young (Normal) (G1 Evacuation Pause)
[2026-05-12T18:47:45.084+0530][gc,task     ] GC(9) Using 8 workers of 8 for evacuation
[2026-05-12T18:47:45.091+0530][gc,phases   ] GC(9)   Pre Evacuate Collection Set: 0.2ms
[2026-05-12T18:47:45.091+0530][gc,phases   ] GC(9)   Merge Heap Roots: 0.1ms
[2026-05-12T18:47:45.091+0530][gc,phases   ] GC(9)   Evacuate Collection Set: 5.7ms
[2026-05-12T18:47:45.091+0530][gc,phases   ] GC(9)   Post Evacuate Collection Set: 0.4ms
[2026-05-12T18:47:45.091+0530][gc,phases   ] GC(9)   Other: 2.0ms
[2026-05-12T18:47:45.091+0530][gc,heap     ] GC(9) Eden regions: 46->0(44)
[2026-05-12T18:47:45.091+0530][gc,heap     ] GC(9) Survivor regions: 5->7(7)
[2026-05-12T18:47:45.091+0530][gc,heap     ] GC(9) Old regions: 17->18
[2026-05-12T18:47:45.091+0530][gc,heap     ] GC(9) Archive regions: 2->2
[2026-05-12T18:47:45.091+0530][gc,heap     ] GC(9) Humongous regions: 129->129
[2026-05-12T18:47:45.091+0530][gc,metaspace] GC(9) Metaspace: 42576K(43200K)->42576K(43200K) NonClass: 37590K(37952K)->37590K(37952K) Class: 4986K(5248K)->4986K(5248K)
[2026-05-12T18:47:45.091+0530][gc          ] GC(9) Pause Young (Normal) (G1 Evacuation Pause) 196M->153M(1024M) 8.504ms
[2026-05-12T18:47:45.091+0530][gc,cpu      ] GC(9) User=0.04s Sys=0.01s Real=0.01s
[2026-05-12T19:28:06.662+0530][gc,start    ] GC(10) Pause Young (Normal) (G1 Evacuation Pause)
[2026-05-12T19:28:06.662+0530][gc,task     ] GC(10) Using 8 workers of 8 for evacuation
[2026-05-12T19:28:06.706+0530][gc,mmu      ] GC(10) MMU target violated: 21.0ms (20.0ms/21.0ms)
[2026-05-12T19:28:06.706+0530][gc,phases   ] GC(10)   Pre Evacuate Collection Set: 0.5ms
[2026-05-12T19:28:06.706+0530][gc,phases   ] GC(10)   Merge Heap Roots: 2.3ms
[2026-05-12T19:28:06.706+0530][gc,phases   ] GC(10)   Evacuate Collection Set: 40.5ms
[2026-05-12T19:28:06.706+0530][gc,phases   ] GC(10)   Post Evacuate Collection Set: 0.5ms
[2026-05-12T19:28:06.706+0530][gc,phases   ] GC(10)   Other: 0.5ms
[2026-05-12T19:28:06.706+0530][gc,heap     ] GC(10) Eden regions: 44->0(46)
[2026-05-12T19:28:06.706+0530][gc,heap     ] GC(10) Survivor regions: 7->5(7)
[2026-05-12T19:28:06.706+0530][gc,heap     ] GC(10) Old regions: 18->20
[2026-05-12T19:28:06.706+0530][gc,heap     ] GC(10) Archive regions: 2->2
[2026-05-12T19:28:06.706+0530][gc,heap     ] GC(10) Humongous regions: 129->129
[2026-05-12T19:28:06.706+0530][gc,metaspace] GC(10) Metaspace: 42774K(43456K)->42774K(43456K) NonClass: 37771K(38144K)->37771K(38144K) Class: 5003K(5312K)->5003K(5312K)
[2026-05-12T19:28:06.706+0530][gc          ] GC(10) Pause Young (Normal) (G1 Evacuation Pause) 197M->154M(1024M) 44.325ms
[2026-05-12T19:28:06.706+0530][gc,cpu      ] GC(10) User=0.05s Sys=0.10s Real=0.04s
[2026-05-12T19:30:28.700+0530][gc,start    ] GC(11) Pause Young (Normal) (G1 Evacuation Pause)
[2026-05-12T19:30:28.700+0530][gc,task     ] GC(11) Using 8 workers of 8 for evacuation
[2026-05-12T19:30:28.705+0530][gc,phases   ] GC(11)   Pre Evacuate Collection Set: 0.2ms
[2026-05-12T19:30:28.705+0530][gc,phases   ] GC(11)   Merge Heap Roots: 0.1ms
[2026-05-12T19:30:28.705+0530][gc,phases   ] GC(11)   Evacuate Collection Set: 4.8ms
[2026-05-12T19:30:28.705+0530][gc,phases   ] GC(11)   Post Evacuate Collection Set: 0.2ms
[2026-05-12T19:30:28.705+0530][gc,phases   ] GC(11)   Other: 0.3ms
[2026-05-12T19:30:28.705+0530][gc,heap     ] GC(11) Eden regions: 46->0(57)
[2026-05-12T19:30:28.705+0530][gc,heap     ] GC(11) Survivor regions: 5->3(7)
[2026-05-12T19:30:28.705+0530][gc,heap     ] GC(11) Old regions: 20->23
[2026-05-12T19:30:28.705+0530][gc,heap     ] GC(11) Archive regions: 2->2
[2026-05-12T19:30:28.705+0530][gc,heap     ] GC(11) Humongous regions: 129->129
[2026-05-12T19:30:28.705+0530][gc,metaspace] GC(11) Metaspace: 42863K(43520K)->42863K(43520K) NonClass: 37859K(38208K)->37859K(38208K) Class: 5003K(5312K)->5003K(5312K)
[2026-05-12T19:30:28.705+0530][gc          ] GC(11) Pause Young (Normal) (G1 Evacuation Pause) 200M->155M(1024M) 5.614ms
[2026-05-12T19:30:28.705+0530][gc,cpu      ] GC(11) User=0.03s Sys=0.00s Real=0.00s
[2026-05-12T19:33:27.094+0530][gc,start    ] GC(12) Pause Young (Normal) (G1 Evacuation Pause)
[2026-05-12T19:33:27.096+0530][gc,task     ] GC(12) Using 8 workers of 8 for evacuation
[2026-05-12T19:33:27.099+0530][gc,phases   ] GC(12)   Pre Evacuate Collection Set: 0.1ms
[2026-05-12T19:33:27.099+0530][gc,phases   ] GC(12)   Merge Heap Roots: 0.1ms
[2026-05-12T19:33:27.099+0530][gc,phases   ] GC(12)   Evacuate Collection Set: 2.9ms
[2026-05-12T19:33:27.099+0530][gc,phases   ] GC(12)   Post Evacuate Collection Set: 0.3ms
[2026-05-12T19:33:27.099+0530][gc,phases   ] GC(12)   Other: 2.0ms
[2026-05-12T19:33:27.099+0530][gc,heap     ] GC(12) Eden regions: 57->0(611)
[2026-05-12T19:33:27.099+0530][gc,heap     ] GC(12) Survivor regions: 3->3(8)
[2026-05-12T19:33:27.099+0530][gc,heap     ] GC(12) Old regions: 23->23
[2026-05-12T19:33:27.099+0530][gc,heap     ] GC(12) Archive regions: 2->2
[2026-05-12T19:33:27.099+0530][gc,heap     ] GC(12) Humongous regions: 129->129
[2026-05-12T19:33:27.099+0530][gc,metaspace] GC(12) Metaspace: 42880K(43520K)->42880K(43520K) NonClass: 37877K(38208K)->37877K(38208K) Class: 5003K(5312K)->5003K(5312K)
[2026-05-12T19:33:27.099+0530][gc          ] GC(12) Pause Young (Normal) (G1 Evacuation Pause) 212M->154M(1024M) 5.459ms
[2026-05-12T19:33:27.100+0530][gc,cpu      ] GC(12) User=0.02s Sys=0.00s Real=0.01s
[2026-05-12T20:05:51.992+0530][gc,start    ] GC(13) Pause Young (Normal) (G1 Evacuation Pause)
[2026-05-12T20:05:51.994+0530][gc,task     ] GC(13) Using 8 workers of 8 for evacuation
[2026-05-12T20:05:52.003+0530][gc,phases   ] GC(13)   Pre Evacuate Collection Set: 0.1ms
[2026-05-12T20:05:52.003+0530][gc,phases   ] GC(13)   Merge Heap Roots: 0.2ms
[2026-05-12T20:05:52.003+0530][gc,phases   ] GC(13)   Evacuate Collection Set: 7.7ms
[2026-05-12T20:05:52.003+0530][gc,phases   ] GC(13)   Post Evacuate Collection Set: 0.7ms
[2026-05-12T20:05:52.003+0530][gc,phases   ] GC(13)   Other: 2.1ms
[2026-05-12T20:05:52.003+0530][gc,heap     ] GC(13) Eden regions: 611->0(611)
[2026-05-12T20:05:52.003+0530][gc,heap     ] GC(13) Survivor regions: 3->3(77)
[2026-05-12T20:05:52.003+0530][gc,heap     ] GC(13) Old regions: 23->23
[2026-05-12T20:05:52.003+0530][gc,heap     ] GC(13) Archive regions: 2->2
[2026-05-12T20:05:52.003+0530][gc,heap     ] GC(13) Humongous regions: 129->129
[2026-05-12T20:05:52.003+0530][gc,metaspace] GC(13) Metaspace: 43004K(43584K)->43004K(43584K) NonClass: 37996K(38272K)->37996K(38272K) Class: 5007K(5312K)->5007K(5312K)
[2026-05-12T20:05:52.003+0530][gc          ] GC(13) Pause Young (Normal) (G1 Evacuation Pause) 765M->154M(1024M) 10.913ms
[2026-05-12T20:05:52.003+0530][gc,cpu      ] GC(13) User=0.02s Sys=0.03s Real=0.01s
[2026-05-12T20:19:31.692+0530][gc,heap,exit] Heap
[2026-05-12T20:19:31.692+0530][gc,heap,exit]  garbage-first heap   total 1048576K, used 431755K [0x00000007c0000000, 0x0000000800000000)
[2026-05-12T20:19:31.692+0530][gc,heap,exit]   region size 1024K, 270 young (276480K), 3 survivors (3072K)
[2026-05-12T20:19:31.692+0530][gc,heap,exit]  Metaspace       used 43809K, committed 44416K, reserved 1114112K
[2026-05-12T20:19:31.692+0530][gc,heap,exit]   class space    used 5177K, committed 5440K, reserved 1048576K
