[2026-04-30T12:10:51.777+0530][gc] Using G1
[2026-04-30T12:10:51.784+0530][gc,init] Version: 17.0.8+9-LTS-211 (release)
[2026-04-30T12:10:51.784+0530][gc,init] CPUs: 8 total, 8 available
[2026-04-30T12:10:51.784+0530][gc,init] Memory: 16384M
[2026-04-30T12:10:51.784+0530][gc,init] Large Page Support: Disabled
[2026-04-30T12:10:51.784+0530][gc,init] NUMA Support: Disabled
[2026-04-30T12:10:51.784+0530][gc,init] Compressed Oops: Enabled (Zero based)
[2026-04-30T12:10:51.784+0530][gc,init] Heap Region Size: 1M
[2026-04-30T12:10:51.784+0530][gc,init] Heap Min Capacity: 1G
[2026-04-30T12:10:51.784+0530][gc,init] Heap Initial Capacity: 1G
[2026-04-30T12:10:51.784+0530][gc,init] Heap Max Capacity: 1G
[2026-04-30T12:10:51.784+0530][gc,init] Pre-touch: Disabled
[2026-04-30T12:10:51.784+0530][gc,init] Parallel Workers: 8
[2026-04-30T12:10:51.784+0530][gc,init] Concurrent Workers: 2
[2026-04-30T12:10:51.784+0530][gc,init] Concurrent Refinement Workers: 8
[2026-04-30T12:10:51.784+0530][gc,init] Periodic GC: Disabled
[2026-04-30T12:10:51.792+0530][gc,metaspace] CDS archive(s) mapped at: [0x000000011e000000-0x000000011ebe4000-0x000000011ebe4000), size 12468224, SharedBaseAddress: 0x000000011e000000, ArchiveRelocationMode: 1.
[2026-04-30T12:10:51.792+0530][gc,metaspace] Compressed class space mapped at: 0x000000011f000000-0x000000015f000000, reserved size: 1073741824
[2026-04-30T12:10:51.792+0530][gc,metaspace] Narrow klass base: 0x000000011e000000, Narrow klass shift: 0, Narrow klass range: 0x100000000
[2026-04-30T12:10:53.060+0530][gc,start    ] GC(0) Pause Young (Normal) (G1 Evacuation Pause)
[2026-04-30T12:10:53.060+0530][gc,task     ] GC(0) Using 8 workers of 8 for evacuation
[2026-04-30T12:10:53.066+0530][gc,phases   ] GC(0)   Pre Evacuate Collection Set: 0.1ms
[2026-04-30T12:10:53.066+0530][gc,phases   ] GC(0)   Merge Heap Roots: 0.1ms
[2026-04-30T12:10:53.066+0530][gc,phases   ] GC(0)   Evacuate Collection Set: 4.8ms
[2026-04-30T12:10:53.066+0530][gc,phases   ] GC(0)   Post Evacuate Collection Set: 0.5ms
[2026-04-30T12:10:53.066+0530][gc,phases   ] GC(0)   Other: 0.8ms
[2026-04-30T12:10:53.066+0530][gc,heap     ] GC(0) Eden regions: 51->0(44)
[2026-04-30T12:10:53.066+0530][gc,heap     ] GC(0) Survivor regions: 0->7(7)
[2026-04-30T12:10:53.066+0530][gc,heap     ] GC(0) Old regions: 0->1
[2026-04-30T12:10:53.066+0530][gc,heap     ] GC(0) Archive regions: 2->2
[2026-04-30T12:10:53.066+0530][gc,heap     ] GC(0) Humongous regions: 0->0
[2026-04-30T12:10:53.066+0530][gc,metaspace] GC(0) Metaspace: 17400K(17536K)->17400K(17536K) NonClass: 15276K(15360K)->15276K(15360K) Class: 2124K(2176K)->2124K(2176K)
[2026-04-30T12:10:53.066+0530][gc          ] GC(0) Pause Young (Normal) (G1 Evacuation Pause) 51M->8M(1024M) 6.507ms
[2026-04-30T12:10:53.066+0530][gc,cpu      ] GC(0) User=0.03s Sys=0.01s Real=0.00s
[2026-04-30T12:10:53.313+0530][gc,start    ] GC(1) Pause Young (Concurrent Start) (Metadata GC Threshold)
[2026-04-30T12:10:53.313+0530][gc,task     ] GC(1) Using 8 workers of 8 for evacuation
[2026-04-30T12:10:53.318+0530][gc,phases   ] GC(1)   Pre Evacuate Collection Set: 0.1ms
[2026-04-30T12:10:53.318+0530][gc,phases   ] GC(1)   Merge Heap Roots: 0.1ms
[2026-04-30T12:10:53.318+0530][gc,phases   ] GC(1)   Evacuate Collection Set: 4.3ms
[2026-04-30T12:10:53.318+0530][gc,phases   ] GC(1)   Post Evacuate Collection Set: 0.4ms
[2026-04-30T12:10:53.318+0530][gc,phases   ] GC(1)   Other: 0.2ms
[2026-04-30T12:10:53.318+0530][gc,heap     ] GC(1) Eden regions: 15->0(49)
[2026-04-30T12:10:53.318+0530][gc,heap     ] GC(1) Survivor regions: 7->2(7)
[2026-04-30T12:10:53.318+0530][gc,heap     ] GC(1) Old regions: 1->8
[2026-04-30T12:10:53.318+0530][gc,heap     ] GC(1) Archive regions: 2->2
[2026-04-30T12:10:53.319+0530][gc,heap     ] GC(1) Humongous regions: 0->0
[2026-04-30T12:10:53.319+0530][gc,metaspace] GC(1) Metaspace: 21281K(21504K)->21281K(21504K) NonClass: 18654K(18752K)->18654K(18752K) Class: 2626K(2752K)->2626K(2752K)
[2026-04-30T12:10:53.319+0530][gc          ] GC(1) Pause Young (Concurrent Start) (Metadata GC Threshold) 23M->9M(1024M) 5.209ms
[2026-04-30T12:10:53.319+0530][gc,cpu      ] GC(1) User=0.02s Sys=0.00s Real=0.00s
[2026-04-30T12:10:53.319+0530][gc          ] GC(2) Concurrent Mark Cycle
[2026-04-30T12:10:53.319+0530][gc,marking  ] GC(2) Concurrent Clear Claimed Marks
[2026-04-30T12:10:53.319+0530][gc,marking  ] GC(2) Concurrent Clear Claimed Marks 0.014ms
[2026-04-30T12:10:53.319+0530][gc,marking  ] GC(2) Concurrent Scan Root Regions
[2026-04-30T12:10:53.321+0530][gc,marking  ] GC(2) Concurrent Scan Root Regions 1.914ms
[2026-04-30T12:10:53.321+0530][gc,marking  ] GC(2) Concurrent Mark
[2026-04-30T12:10:53.321+0530][gc,marking  ] GC(2) Concurrent Mark From Roots
[2026-04-30T12:10:53.321+0530][gc,task     ] GC(2) Using 2 workers of 2 for marking
[2026-04-30T12:10:53.323+0530][gc,marking  ] GC(2) Concurrent Mark From Roots 2.158ms
[2026-04-30T12:10:53.323+0530][gc,marking  ] GC(2) Concurrent Preclean
[2026-04-30T12:10:53.323+0530][gc,marking  ] GC(2) Concurrent Preclean 0.035ms
[2026-04-30T12:10:53.323+0530][gc,start    ] GC(2) Pause Remark
[2026-04-30T12:10:53.325+0530][gc          ] GC(2) Pause Remark 10M->10M(1024M) 1.797ms
[2026-04-30T12:10:53.325+0530][gc,cpu      ] GC(2) User=0.00s Sys=0.00s Real=0.00s
[2026-04-30T12:10:53.325+0530][gc,marking  ] GC(2) Concurrent Mark 4.253ms
[2026-04-30T12:10:53.325+0530][gc,marking  ] GC(2) Concurrent Rebuild Remembered Sets
[2026-04-30T12:10:53.325+0530][gc,marking  ] GC(2) Concurrent Rebuild Remembered Sets 0.020ms
[2026-04-30T12:10:53.325+0530][gc,start    ] GC(2) Pause Cleanup
[2026-04-30T12:10:53.325+0530][gc          ] GC(2) Pause Cleanup 10M->10M(1024M) 0.033ms
[2026-04-30T12:10:53.325+0530][gc,cpu      ] GC(2) User=0.00s Sys=0.00s Real=0.00s
[2026-04-30T12:10:53.325+0530][gc,marking  ] GC(2) Concurrent Cleanup for Next Mark
[2026-04-30T12:10:53.331+0530][gc,marking  ] GC(2) Concurrent Cleanup for Next Mark 5.380ms
[2026-04-30T12:10:53.331+0530][gc          ] GC(2) Concurrent Mark Cycle 11.989ms
[2026-04-30T12:10:54.103+0530][gc,start    ] GC(3) Pause Young (Normal) (GCLocker Initiated GC)
[2026-04-30T12:10:54.103+0530][gc,task     ] GC(3) Using 8 workers of 8 for evacuation
[2026-04-30T12:10:54.107+0530][gc,phases   ] GC(3)   Pre Evacuate Collection Set: 0.1ms
[2026-04-30T12:10:54.107+0530][gc,phases   ] GC(3)   Merge Heap Roots: 0.1ms
[2026-04-30T12:10:54.107+0530][gc,phases   ] GC(3)   Evacuate Collection Set: 3.6ms
[2026-04-30T12:10:54.107+0530][gc,phases   ] GC(3)   Post Evacuate Collection Set: 0.4ms
[2026-04-30T12:10:54.107+0530][gc,phases   ] GC(3)   Other: 0.1ms
[2026-04-30T12:10:54.107+0530][gc,heap     ] GC(3) Eden regions: 49->0(45)
[2026-04-30T12:10:54.107+0530][gc,heap     ] GC(3) Survivor regions: 2->6(7)
[2026-04-30T12:10:54.107+0530][gc,heap     ] GC(3) Old regions: 8->8
[2026-04-30T12:10:54.107+0530][gc,heap     ] GC(3) Archive regions: 2->2
[2026-04-30T12:10:54.107+0530][gc,heap     ] GC(3) Humongous regions: 129->129
[2026-04-30T12:10:54.107+0530][gc,metaspace] GC(3) Metaspace: 32375K(32576K)->32375K(32576K) NonClass: 28697K(28800K)->28697K(28800K) Class: 3677K(3776K)->3677K(3776K)
[2026-04-30T12:10:54.107+0530][gc          ] GC(3) Pause Young (Normal) (GCLocker Initiated GC) 187M->143M(1024M) 4.353ms
[2026-04-30T12:10:54.107+0530][gc,cpu      ] GC(3) User=0.02s Sys=0.00s Real=0.00s
[2026-04-30T12:10:54.305+0530][gc,start    ] GC(4) Pause Young (Concurrent Start) (Metadata GC Threshold)
[2026-04-30T12:10:54.305+0530][gc,task     ] GC(4) Using 8 workers of 8 for evacuation
[2026-04-30T12:10:54.312+0530][gc,phases   ] GC(4)   Pre Evacuate Collection Set: 0.1ms
[2026-04-30T12:10:54.312+0530][gc,phases   ] GC(4)   Merge Heap Roots: 0.1ms
[2026-04-30T12:10:54.312+0530][gc,phases   ] GC(4)   Evacuate Collection Set: 5.7ms
[2026-04-30T12:10:54.312+0530][gc,phases   ] GC(4)   Post Evacuate Collection Set: 0.4ms
[2026-04-30T12:10:54.312+0530][gc,phases   ] GC(4)   Other: 0.2ms
[2026-04-30T12:10:54.312+0530][gc,heap     ] GC(4) Eden regions: 15->0(49)
[2026-04-30T12:10:54.312+0530][gc,heap     ] GC(4) Survivor regions: 6->2(7)
[2026-04-30T12:10:54.312+0530][gc,heap     ] GC(4) Old regions: 8->14
[2026-04-30T12:10:54.312+0530][gc,heap     ] GC(4) Archive regions: 2->2
[2026-04-30T12:10:54.312+0530][gc,heap     ] GC(4) Humongous regions: 129->129
[2026-04-30T12:10:54.312+0530][gc,metaspace] GC(4) Metaspace: 35702K(35968K)->35702K(35968K) NonClass: 31726K(31872K)->31726K(31872K) Class: 3975K(4096K)->3975K(4096K)
[2026-04-30T12:10:54.312+0530][gc          ] GC(4) Pause Young (Concurrent Start) (Metadata GC Threshold) 157M->144M(1024M) 6.766ms
[2026-04-30T12:10:54.312+0530][gc,cpu      ] GC(4) User=0.03s Sys=0.01s Real=0.01s
[2026-04-30T12:10:54.312+0530][gc          ] GC(5) Concurrent Mark Cycle
[2026-04-30T12:10:54.312+0530][gc,marking  ] GC(5) Concurrent Clear Claimed Marks
[2026-04-30T12:10:54.312+0530][gc,marking  ] GC(5) Concurrent Clear Claimed Marks 0.052ms
[2026-04-30T12:10:54.312+0530][gc,marking  ] GC(5) Concurrent Scan Root Regions
[2026-04-30T12:10:54.316+0530][gc,marking  ] GC(5) Concurrent Scan Root Regions 3.288ms
[2026-04-30T12:10:54.316+0530][gc,marking  ] GC(5) Concurrent Mark
[2026-04-30T12:10:54.316+0530][gc,marking  ] GC(5) Concurrent Mark From Roots
[2026-04-30T12:10:54.316+0530][gc,task     ] GC(5) Using 2 workers of 2 for marking
[2026-04-30T12:10:54.323+0530][gc,marking  ] GC(5) Concurrent Mark From Roots 7.122ms
[2026-04-30T12:10:54.323+0530][gc,marking  ] GC(5) Concurrent Preclean
[2026-04-30T12:10:54.323+0530][gc,marking  ] GC(5) Concurrent Preclean 0.065ms
[2026-04-30T12:10:54.323+0530][gc,start    ] GC(5) Pause Remark
[2026-04-30T12:10:54.324+0530][gc          ] GC(5) Pause Remark 145M->145M(1024M) 1.311ms
[2026-04-30T12:10:54.324+0530][gc,cpu      ] GC(5) User=0.01s Sys=0.00s Real=0.00s
[2026-04-30T12:10:54.324+0530][gc,marking  ] GC(5) Concurrent Mark 8.774ms
[2026-04-30T12:10:54.325+0530][gc,marking  ] GC(5) Concurrent Rebuild Remembered Sets
[2026-04-30T12:10:54.330+0530][gc,marking  ] GC(5) Concurrent Rebuild Remembered Sets 5.295ms
[2026-04-30T12:10:54.330+0530][gc,start    ] GC(5) Pause Cleanup
[2026-04-30T12:10:54.330+0530][gc          ] GC(5) Pause Cleanup 146M->146M(1024M) 0.186ms
[2026-04-30T12:10:54.330+0530][gc,cpu      ] GC(5) User=0.00s Sys=0.00s Real=0.00s
[2026-04-30T12:10:54.330+0530][gc,marking  ] GC(5) Concurrent Cleanup for Next Mark
[2026-04-30T12:10:54.336+0530][gc,marking  ] GC(5) Concurrent Cleanup for Next Mark 5.817ms
[2026-04-30T12:10:54.336+0530][gc          ] GC(5) Concurrent Mark Cycle 23.895ms
[2026-04-30T12:17:16.145+0530][gc,start    ] GC(6) Pause Young (Normal) (G1 Evacuation Pause)
[2026-04-30T12:17:16.146+0530][gc,task     ] GC(6) Using 8 workers of 8 for evacuation
[2026-04-30T12:17:16.152+0530][gc,phases   ] GC(6)   Pre Evacuate Collection Set: 0.2ms
[2026-04-30T12:17:16.152+0530][gc,phases   ] GC(6)   Merge Heap Roots: 0.1ms
[2026-04-30T12:17:16.152+0530][gc,phases   ] GC(6)   Evacuate Collection Set: 5.9ms
[2026-04-30T12:17:16.152+0530][gc,phases   ] GC(6)   Post Evacuate Collection Set: 0.6ms
[2026-04-30T12:17:16.153+0530][gc,phases   ] GC(6)   Other: 0.4ms
[2026-04-30T12:17:16.153+0530][gc,heap     ] GC(6) Eden regions: 49->0(47)
[2026-04-30T12:17:16.153+0530][gc,heap     ] GC(6) Survivor regions: 2->4(7)
[2026-04-30T12:17:16.153+0530][gc,heap     ] GC(6) Old regions: 14->14
[2026-04-30T12:17:16.153+0530][gc,heap     ] GC(6) Archive regions: 2->2
[2026-04-30T12:17:16.153+0530][gc,heap     ] GC(6) Humongous regions: 129->129
[2026-04-30T12:17:16.153+0530][gc,metaspace] GC(6) Metaspace: 40783K(41344K)->40783K(41344K) NonClass: 35974K(36288K)->35974K(36288K) Class: 4808K(5056K)->4808K(5056K)
[2026-04-30T12:17:16.153+0530][gc          ] GC(6) Pause Young (Normal) (G1 Evacuation Pause) 193M->147M(1024M) 7.426ms
[2026-04-30T12:17:16.153+0530][gc,cpu      ] GC(6) User=0.03s Sys=0.00s Real=0.01s
[2026-04-30T12:24:13.365+0530][gc,start    ] GC(7) Pause Young (Normal) (G1 Evacuation Pause)
[2026-04-30T12:24:13.365+0530][gc,task     ] GC(7) Using 8 workers of 8 for evacuation
[2026-04-30T12:24:13.369+0530][gc,phases   ] GC(7)   Pre Evacuate Collection Set: 0.2ms
[2026-04-30T12:24:13.369+0530][gc,phases   ] GC(7)   Merge Heap Roots: 0.1ms
[2026-04-30T12:24:13.369+0530][gc,phases   ] GC(7)   Evacuate Collection Set: 3.1ms
[2026-04-30T12:24:13.369+0530][gc,phases   ] GC(7)   Post Evacuate Collection Set: 0.4ms
[2026-04-30T12:24:13.369+0530][gc,phases   ] GC(7)   Other: 0.5ms
[2026-04-30T12:24:13.369+0530][gc,heap     ] GC(7) Eden regions: 47->0(47)
[2026-04-30T12:24:13.369+0530][gc,heap     ] GC(7) Survivor regions: 4->4(7)
[2026-04-30T12:24:13.369+0530][gc,heap     ] GC(7) Old regions: 14->14
[2026-04-30T12:24:13.369+0530][gc,heap     ] GC(7) Archive regions: 2->2
[2026-04-30T12:24:13.369+0530][gc,heap     ] GC(7) Humongous regions: 129->129
[2026-04-30T12:24:13.369+0530][gc,metaspace] GC(7) Metaspace: 41280K(41856K)->41280K(41856K) NonClass: 36458K(36800K)->36458K(36800K) Class: 4822K(5056K)->4822K(5056K)
[2026-04-30T12:24:13.369+0530][gc          ] GC(7) Pause Young (Normal) (G1 Evacuation Pause) 194M->147M(1024M) 4.399ms
[2026-04-30T12:24:13.369+0530][gc,cpu      ] GC(7) User=0.02s Sys=0.00s Real=0.00s
[2026-04-30T12:31:50.870+0530][gc,start    ] GC(8) Pause Young (Normal) (G1 Evacuation Pause)
[2026-04-30T12:31:50.872+0530][gc,task     ] GC(8) Using 8 workers of 8 for evacuation
[2026-04-30T12:31:50.879+0530][gc,phases   ] GC(8)   Pre Evacuate Collection Set: 0.2ms
[2026-04-30T12:31:50.879+0530][gc,phases   ] GC(8)   Merge Heap Roots: 0.1ms
[2026-04-30T12:31:50.879+0530][gc,phases   ] GC(8)   Evacuate Collection Set: 5.5ms
[2026-04-30T12:31:50.879+0530][gc,phases   ] GC(8)   Post Evacuate Collection Set: 0.6ms
[2026-04-30T12:31:50.879+0530][gc,phases   ] GC(8)   Other: 2.2ms
[2026-04-30T12:31:50.879+0530][gc,heap     ] GC(8) Eden regions: 47->0(46)
[2026-04-30T12:31:50.879+0530][gc,heap     ] GC(8) Survivor regions: 4->5(7)
[2026-04-30T12:31:50.879+0530][gc,heap     ] GC(8) Old regions: 14->15
[2026-04-30T12:31:50.879+0530][gc,heap     ] GC(8) Archive regions: 2->2
[2026-04-30T12:31:50.879+0530][gc,heap     ] GC(8) Humongous regions: 129->129
[2026-04-30T12:31:50.879+0530][gc,metaspace] GC(8) Metaspace: 41371K(41920K)->41371K(41920K) NonClass: 36549K(36864K)->36549K(36864K) Class: 4822K(5056K)->4822K(5056K)
[2026-04-30T12:31:50.879+0530][gc          ] GC(8) Pause Young (Normal) (G1 Evacuation Pause) 194M->148M(1024M) 8.851ms
[2026-04-30T12:31:50.879+0530][gc,cpu      ] GC(8) User=0.04s Sys=0.00s Real=0.00s
[2026-04-30T12:39:46.835+0530][gc,start    ] GC(9) Pause Young (Normal) (G1 Evacuation Pause)
[2026-04-30T12:39:46.837+0530][gc,task     ] GC(9) Using 8 workers of 8 for evacuation
[2026-04-30T12:39:46.843+0530][gc,phases   ] GC(9)   Pre Evacuate Collection Set: 0.2ms
[2026-04-30T12:39:46.843+0530][gc,phases   ] GC(9)   Merge Heap Roots: 0.1ms
[2026-04-30T12:39:46.843+0530][gc,phases   ] GC(9)   Evacuate Collection Set: 4.8ms
[2026-04-30T12:39:46.843+0530][gc,phases   ] GC(9)   Post Evacuate Collection Set: 0.4ms
[2026-04-30T12:39:46.843+0530][gc,phases   ] GC(9)   Other: 2.2ms
[2026-04-30T12:39:46.843+0530][gc,heap     ] GC(9) Eden regions: 46->0(74)
[2026-04-30T12:39:46.843+0530][gc,heap     ] GC(9) Survivor regions: 5->3(7)
[2026-04-30T12:39:46.843+0530][gc,heap     ] GC(9) Old regions: 15->16
[2026-04-30T12:39:46.843+0530][gc,heap     ] GC(9) Archive regions: 2->2
[2026-04-30T12:39:46.843+0530][gc,heap     ] GC(9) Humongous regions: 129->129
[2026-04-30T12:39:46.843+0530][gc,metaspace] GC(9) Metaspace: 41442K(41984K)->41442K(41984K) NonClass: 36619K(36928K)->36619K(36928K) Class: 4822K(5056K)->4822K(5056K)
[2026-04-30T12:39:46.843+0530][gc          ] GC(9) Pause Young (Normal) (G1 Evacuation Pause) 194M->148M(1024M) 7.986ms
[2026-04-30T12:39:46.843+0530][gc,cpu      ] GC(9) User=0.03s Sys=0.01s Real=0.01s
[2026-04-30T12:54:35.408+0530][gc,start    ] GC(10) Pause Young (Normal) (G1 Evacuation Pause)
[2026-04-30T12:54:35.410+0530][gc,task     ] GC(10) Using 8 workers of 8 for evacuation
[2026-04-30T12:54:35.414+0530][gc,phases   ] GC(10)   Pre Evacuate Collection Set: 0.2ms
[2026-04-30T12:54:35.414+0530][gc,phases   ] GC(10)   Merge Heap Roots: 0.1ms
[2026-04-30T12:54:35.414+0530][gc,phases   ] GC(10)   Evacuate Collection Set: 3.3ms
[2026-04-30T12:54:35.414+0530][gc,phases   ] GC(10)   Post Evacuate Collection Set: 0.5ms
[2026-04-30T12:54:35.414+0530][gc,phases   ] GC(10)   Other: 2.3ms
[2026-04-30T12:54:35.414+0530][gc,heap     ] GC(10) Eden regions: 74->0(348)
[2026-04-30T12:54:35.414+0530][gc,heap     ] GC(10) Survivor regions: 3->3(10)
[2026-04-30T12:54:35.414+0530][gc,heap     ] GC(10) Old regions: 16->16
[2026-04-30T12:54:35.414+0530][gc,heap     ] GC(10) Archive regions: 2->2
[2026-04-30T12:54:35.414+0530][gc,heap     ] GC(10) Humongous regions: 129->129
[2026-04-30T12:54:35.414+0530][gc,metaspace] GC(10) Metaspace: 41923K(42496K)->41923K(42496K) NonClass: 37032K(37376K)->37032K(37376K) Class: 4890K(5120K)->4890K(5120K)
[2026-04-30T12:54:35.414+0530][gc          ] GC(10) Pause Young (Normal) (G1 Evacuation Pause) 222M->148M(1024M) 6.539ms
[2026-04-30T12:54:35.414+0530][gc,cpu      ] GC(10) User=0.02s Sys=0.01s Real=0.01s
[2026-04-30T14:33:18.890+0530][gc,start    ] GC(11) Pause Young (Normal) (G1 Evacuation Pause)
[2026-04-30T14:33:18.891+0530][gc,task     ] GC(11) Using 8 workers of 8 for evacuation
[2026-04-30T14:33:18.922+0530][gc,mmu      ] GC(11) MMU target violated: 21.0ms (20.0ms/21.0ms)
[2026-04-30T14:33:18.922+0530][gc,phases   ] GC(11)   Pre Evacuate Collection Set: 0.8ms
[2026-04-30T14:33:18.922+0530][gc,phases   ] GC(11)   Merge Heap Roots: 0.2ms
[2026-04-30T14:33:18.922+0530][gc,phases   ] GC(11)   Evacuate Collection Set: 28.9ms
[2026-04-30T14:33:18.922+0530][gc,phases   ] GC(11)   Post Evacuate Collection Set: 0.9ms
[2026-04-30T14:33:18.922+0530][gc,phases   ] GC(11)   Other: 0.7ms
[2026-04-30T14:33:18.922+0530][gc,heap     ] GC(11) Eden regions: 348->0(46)
[2026-04-30T14:33:18.922+0530][gc,heap     ] GC(11) Survivor regions: 3->5(44)
[2026-04-30T14:33:18.922+0530][gc,heap     ] GC(11) Old regions: 16->16
[2026-04-30T14:33:18.922+0530][gc,heap     ] GC(11) Archive regions: 2->2
[2026-04-30T14:33:18.922+0530][gc,heap     ] GC(11) Humongous regions: 129->129
[2026-04-30T14:33:18.922+0530][gc,metaspace] GC(11) Metaspace: 45003K(45632K)->45003K(45632K) NonClass: 39578K(39936K)->39578K(39936K) Class: 5424K(5696K)->5424K(5696K)
[2026-04-30T14:33:18.922+0530][gc          ] GC(11) Pause Young (Normal) (G1 Evacuation Pause) 496M->149M(1024M) 31.637ms
[2026-04-30T14:33:18.922+0530][gc,cpu      ] GC(11) User=0.04s Sys=0.10s Real=0.03s
[2026-04-30T14:40:52.769+0530][gc,start    ] GC(12) Pause Young (Normal) (G1 Evacuation Pause)
[2026-04-30T14:40:52.769+0530][gc,task     ] GC(12) Using 8 workers of 8 for evacuation
[2026-04-30T14:40:52.807+0530][gc,mmu      ] GC(12) MMU target violated: 21.0ms (20.0ms/21.0ms)
[2026-04-30T14:40:52.808+0530][gc,phases   ] GC(12)   Pre Evacuate Collection Set: 10.9ms
[2026-04-30T14:40:52.808+0530][gc,phases   ] GC(12)   Merge Heap Roots: 2.3ms
[2026-04-30T14:40:52.808+0530][gc,phases   ] GC(12)   Evacuate Collection Set: 15.5ms
[2026-04-30T14:40:52.808+0530][gc,phases   ] GC(12)   Post Evacuate Collection Set: 0.9ms
[2026-04-30T14:40:52.808+0530][gc,phases   ] GC(12)   Other: 9.5ms
[2026-04-30T14:40:52.808+0530][gc,heap     ] GC(12) Eden regions: 46->0(49)
[2026-04-30T14:40:52.808+0530][gc,heap     ] GC(12) Survivor regions: 5->2(7)
[2026-04-30T14:40:52.808+0530][gc,heap     ] GC(12) Old regions: 16->19
[2026-04-30T14:40:52.808+0530][gc,heap     ] GC(12) Archive regions: 2->2
[2026-04-30T14:40:52.808+0530][gc,heap     ] GC(12) Humongous regions: 129->129
[2026-04-30T14:40:52.808+0530][gc,metaspace] GC(12) Metaspace: 45011K(45632K)->45011K(45632K) NonClass: 39586K(39936K)->39586K(39936K) Class: 5424K(5696K)->5424K(5696K)
[2026-04-30T14:40:52.809+0530][gc          ] GC(12) Pause Young (Normal) (G1 Evacuation Pause) 195M->149M(1024M) 39.957ms
[2026-04-30T14:40:52.809+0530][gc,cpu      ] GC(12) User=0.02s Sys=0.01s Real=0.04s
[2026-04-30T14:48:54.220+0530][gc,start    ] GC(13) Pause Young (Normal) (G1 Evacuation Pause)
[2026-04-30T14:48:54.220+0530][gc,task     ] GC(13) Using 8 workers of 8 for evacuation
[2026-04-30T14:48:54.230+0530][gc,phases   ] GC(13)   Pre Evacuate Collection Set: 0.2ms
[2026-04-30T14:48:54.230+0530][gc,phases   ] GC(13)   Merge Heap Roots: 0.1ms
[2026-04-30T14:48:54.230+0530][gc,phases   ] GC(13)   Evacuate Collection Set: 9.6ms
[2026-04-30T14:48:54.231+0530][gc,phases   ] GC(13)   Post Evacuate Collection Set: 0.5ms
[2026-04-30T14:48:54.231+0530][gc,phases   ] GC(13)   Other: 0.3ms
[2026-04-30T14:48:54.231+0530][gc,heap     ] GC(13) Eden regions: 49->0(47)
[2026-04-30T14:48:54.231+0530][gc,heap     ] GC(13) Survivor regions: 2->4(7)
[2026-04-30T14:48:54.231+0530][gc,heap     ] GC(13) Old regions: 19->19
[2026-04-30T14:48:54.231+0530][gc,heap     ] GC(13) Archive regions: 2->2
[2026-04-30T14:48:54.231+0530][gc,heap     ] GC(13) Humongous regions: 129->129
[2026-04-30T14:48:54.231+0530][gc,metaspace] GC(13) Metaspace: 45033K(45632K)->45033K(45632K) NonClass: 39609K(39936K)->39609K(39936K) Class: 5424K(5696K)->5424K(5696K)
[2026-04-30T14:48:54.231+0530][gc          ] GC(13) Pause Young (Normal) (G1 Evacuation Pause) 198M->152M(1024M) 10.852ms
[2026-04-30T14:48:54.231+0530][gc,cpu      ] GC(13) User=0.02s Sys=0.03s Real=0.01s
[2026-04-30T14:56:16.045+0530][gc,start    ] GC(14) Pause Young (Normal) (G1 Evacuation Pause)
[2026-04-30T14:56:16.045+0530][gc,task     ] GC(14) Using 8 workers of 8 for evacuation
[2026-04-30T14:56:16.059+0530][gc,phases   ] GC(14)   Pre Evacuate Collection Set: 0.1ms
[2026-04-30T14:56:16.059+0530][gc,phases   ] GC(14)   Merge Heap Roots: 0.1ms
[2026-04-30T14:56:16.059+0530][gc,phases   ] GC(14)   Evacuate Collection Set: 12.6ms
[2026-04-30T14:56:16.059+0530][gc,phases   ] GC(14)   Post Evacuate Collection Set: 0.4ms
[2026-04-30T14:56:16.059+0530][gc,phases   ] GC(14)   Other: 0.7ms
[2026-04-30T14:56:16.059+0530][gc,heap     ] GC(14) Eden regions: 47->0(44)
[2026-04-30T14:56:16.059+0530][gc,heap     ] GC(14) Survivor regions: 4->7(7)
[2026-04-30T14:56:16.059+0530][gc,heap     ] GC(14) Old regions: 19->20
[2026-04-30T14:56:16.059+0530][gc,heap     ] GC(14) Archive regions: 2->2
[2026-04-30T14:56:16.059+0530][gc,heap     ] GC(14) Humongous regions: 129->129
[2026-04-30T14:56:16.059+0530][gc,metaspace] GC(14) Metaspace: 45038K(45632K)->45038K(45632K) NonClass: 39614K(39936K)->39614K(39936K) Class: 5424K(5696K)->5424K(5696K)
[2026-04-30T14:56:16.059+0530][gc          ] GC(14) Pause Young (Normal) (G1 Evacuation Pause) 199M->156M(1024M) 14.095ms
[2026-04-30T14:56:16.059+0530][gc,cpu      ] GC(14) User=0.04s Sys=0.04s Real=0.01s
[2026-04-30T15:03:30.512+0530][gc,start    ] GC(15) Pause Young (Normal) (G1 Evacuation Pause)
[2026-04-30T15:03:30.514+0530][gc,task     ] GC(15) Using 8 workers of 8 for evacuation
[2026-04-30T15:03:30.522+0530][gc,phases   ] GC(15)   Pre Evacuate Collection Set: 0.2ms
[2026-04-30T15:03:30.523+0530][gc,phases   ] GC(15)   Merge Heap Roots: 0.1ms
[2026-04-30T15:03:30.523+0530][gc,phases   ] GC(15)   Evacuate Collection Set: 7.5ms
[2026-04-30T15:03:30.523+0530][gc,phases   ] GC(15)   Post Evacuate Collection Set: 0.4ms
[2026-04-30T15:03:30.523+0530][gc,phases   ] GC(15)   Other: 2.1ms
[2026-04-30T15:03:30.523+0530][gc,heap     ] GC(15) Eden regions: 44->0(69)
[2026-04-30T15:03:30.523+0530][gc,heap     ] GC(15) Survivor regions: 7->3(7)
[2026-04-30T15:03:30.523+0530][gc,heap     ] GC(15) Old regions: 20->24
[2026-04-30T15:03:30.523+0530][gc,heap     ] GC(15) Archive regions: 2->2
[2026-04-30T15:03:30.523+0530][gc,heap     ] GC(15) Humongous regions: 129->129
[2026-04-30T15:03:30.523+0530][gc,metaspace] GC(15) Metaspace: 45069K(45696K)->45069K(45696K) NonClass: 39645K(40000K)->39645K(40000K) Class: 5424K(5696K)->5424K(5696K)
[2026-04-30T15:03:30.523+0530][gc          ] GC(15) Pause Young (Normal) (G1 Evacuation Pause) 200M->155M(1024M) 10.466ms
[2026-04-30T15:03:30.523+0530][gc,cpu      ] GC(15) User=0.03s Sys=0.02s Real=0.01s
[2026-04-30T15:09:47.355+0530][gc,start    ] GC(16) Pause Young (Normal) (G1 Evacuation Pause)
[2026-04-30T15:09:47.357+0530][gc,task     ] GC(16) Using 8 workers of 8 for evacuation
[2026-04-30T15:09:47.379+0530][gc,mmu      ] GC(16) MMU target violated: 21.0ms (20.0ms/21.0ms)
[2026-04-30T15:09:47.379+0530][gc,phases   ] GC(16)   Pre Evacuate Collection Set: 1.2ms
[2026-04-30T15:09:47.379+0530][gc,phases   ] GC(16)   Merge Heap Roots: 0.2ms
[2026-04-30T15:09:47.379+0530][gc,phases   ] GC(16)   Evacuate Collection Set: 19.5ms
[2026-04-30T15:09:47.379+0530][gc,phases   ] GC(16)   Post Evacuate Collection Set: 0.6ms
[2026-04-30T15:09:47.379+0530][gc,phases   ] GC(16)   Other: 2.3ms
[2026-04-30T15:09:47.379+0530][gc,heap     ] GC(16) Eden regions: 69->0(45)
[2026-04-30T15:09:47.379+0530][gc,heap     ] GC(16) Survivor regions: 3->6(9)
[2026-04-30T15:09:47.379+0530][gc,heap     ] GC(16) Old regions: 24->24
[2026-04-30T15:09:47.379+0530][gc,heap     ] GC(16) Archive regions: 2->2
[2026-04-30T15:09:47.379+0530][gc,heap     ] GC(16) Humongous regions: 129->129
[2026-04-30T15:09:47.379+0530][gc,metaspace] GC(16) Metaspace: 46774K(47488K)->46774K(47488K) NonClass: 41058K(41472K)->41058K(41472K) Class: 5715K(6016K)->5715K(6016K)
[2026-04-30T15:09:47.379+0530][gc          ] GC(16) Pause Young (Normal) (G1 Evacuation Pause) 224M->159M(1024M) 23.842ms
[2026-04-30T15:09:47.379+0530][gc,cpu      ] GC(16) User=0.04s Sys=0.06s Real=0.02s
[2026-04-30T15:14:18.938+0530][gc,start    ] GC(17) Pause Young (Normal) (G1 Evacuation Pause)
[2026-04-30T15:14:18.940+0530][gc,task     ] GC(17) Using 8 workers of 8 for evacuation
[2026-04-30T15:14:18.951+0530][gc,phases   ] GC(17)   Pre Evacuate Collection Set: 0.3ms
[2026-04-30T15:14:18.951+0530][gc,phases   ] GC(17)   Merge Heap Roots: 0.1ms
[2026-04-30T15:14:18.951+0530][gc,phases   ] GC(17)   Evacuate Collection Set: 10.7ms
[2026-04-30T15:14:18.951+0530][gc,phases   ] GC(17)   Post Evacuate Collection Set: 0.3ms
[2026-04-30T15:14:18.951+0530][gc,phases   ] GC(17)   Other: 2.1ms
[2026-04-30T15:14:18.951+0530][gc,heap     ] GC(17) Eden regions: 45->0(65)
[2026-04-30T15:14:18.951+0530][gc,heap     ] GC(17) Survivor regions: 6->3(7)
[2026-04-30T15:14:18.951+0530][gc,heap     ] GC(17) Old regions: 24->29
[2026-04-30T15:14:18.951+0530][gc,heap     ] GC(17) Archive regions: 2->2
[2026-04-30T15:14:18.951+0530][gc,heap     ] GC(17) Humongous regions: 129->129
[2026-04-30T15:14:18.951+0530][gc,metaspace] GC(17) Metaspace: 47134K(47808K)->47134K(47808K) NonClass: 41388K(41792K)->41388K(41792K) Class: 5745K(6016K)->5745K(6016K)
[2026-04-30T15:14:18.951+0530][gc          ] GC(17) Pause Young (Normal) (G1 Evacuation Pause) 204M->161M(1024M) 13.736ms
[2026-04-30T15:14:18.952+0530][gc,cpu      ] GC(17) User=0.04s Sys=0.01s Real=0.02s
[2026-04-30T15:15:58.003+0530][gc,start    ] GC(18) Pause Young (Normal) (G1 Evacuation Pause)
[2026-04-30T15:15:58.003+0530][gc,task     ] GC(18) Using 8 workers of 8 for evacuation
[2026-04-30T15:15:58.016+0530][gc,phases   ] GC(18)   Pre Evacuate Collection Set: 0.1ms
[2026-04-30T15:15:58.016+0530][gc,phases   ] GC(18)   Merge Heap Roots: 0.1ms
[2026-04-30T15:15:58.016+0530][gc,phases   ] GC(18)   Evacuate Collection Set: 12.1ms
[2026-04-30T15:15:58.016+0530][gc,phases   ] GC(18)   Post Evacuate Collection Set: 0.4ms
[2026-04-30T15:15:58.016+0530][gc,phases   ] GC(18)   Other: 0.3ms
[2026-04-30T15:15:58.016+0530][gc,heap     ] GC(18) Eden regions: 65->0(45)
[2026-04-30T15:15:58.016+0530][gc,heap     ] GC(18) Survivor regions: 3->6(9)
[2026-04-30T15:15:58.016+0530][gc,heap     ] GC(18) Old regions: 29->29
[2026-04-30T15:15:58.016+0530][gc,heap     ] GC(18) Archive regions: 2->2
[2026-04-30T15:15:58.016+0530][gc,heap     ] GC(18) Humongous regions: 129->129
[2026-04-30T15:15:58.016+0530][gc,metaspace] GC(18) Metaspace: 47193K(47872K)->47193K(47872K) NonClass: 41446K(41856K)->41446K(41856K) Class: 5747K(6016K)->5747K(6016K)
[2026-04-30T15:15:58.017+0530][gc          ] GC(18) Pause Young (Normal) (G1 Evacuation Pause) 226M->163M(1024M) 13.825ms
[2026-04-30T15:15:58.017+0530][gc,cpu      ] GC(18) User=0.03s Sys=0.02s Real=0.01s
[2026-04-30T15:16:27.131+0530][gc,start    ] GC(19) Pause Young (Normal) (G1 Evacuation Pause)
[2026-04-30T15:16:27.133+0530][gc,task     ] GC(19) Using 8 workers of 8 for evacuation
[2026-04-30T15:16:27.139+0530][gc,phases   ] GC(19)   Pre Evacuate Collection Set: 0.2ms
[2026-04-30T15:16:27.139+0530][gc,phases   ] GC(19)   Merge Heap Roots: 0.1ms
[2026-04-30T15:16:27.139+0530][gc,phases   ] GC(19)   Evacuate Collection Set: 5.4ms
[2026-04-30T15:16:27.139+0530][gc,phases   ] GC(19)   Post Evacuate Collection Set: 0.3ms
[2026-04-30T15:16:27.139+0530][gc,phases   ] GC(19)   Other: 2.0ms
[2026-04-30T15:16:27.139+0530][gc,heap     ] GC(19) Eden regions: 45->0(75)
[2026-04-30T15:16:27.139+0530][gc,heap     ] GC(19) Survivor regions: 6->5(7)
[2026-04-30T15:16:27.139+0530][gc,heap     ] GC(19) Old regions: 29->31
[2026-04-30T15:16:27.139+0530][gc,heap     ] GC(19) Archive regions: 2->2
[2026-04-30T15:16:27.139+0530][gc,heap     ] GC(19) Humongous regions: 129->129
[2026-04-30T15:16:27.139+0530][gc,metaspace] GC(19) Metaspace: 47202K(47872K)->47202K(47872K) NonClass: 41454K(41856K)->41454K(41856K) Class: 5747K(6016K)->5747K(6016K)
[2026-04-30T15:16:27.139+0530][gc          ] GC(19) Pause Young (Normal) (G1 Evacuation Pause) 208M->165M(1024M) 8.080ms
[2026-04-30T15:16:27.139+0530][gc,cpu      ] GC(19) User=0.03s Sys=0.01s Real=0.00s
[2026-04-30T15:17:18.496+0530][gc,start    ] GC(20) Pause Young (Normal) (G1 Evacuation Pause)
[2026-04-30T15:17:18.497+0530][gc,task     ] GC(20) Using 8 workers of 8 for evacuation
[2026-04-30T15:17:18.522+0530][gc,mmu      ] GC(20) MMU target violated: 21.0ms (20.0ms/21.0ms)
[2026-04-30T15:17:18.523+0530][gc,phases   ] GC(20)   Pre Evacuate Collection Set: 0.2ms
[2026-04-30T15:17:18.523+0530][gc,phases   ] GC(20)   Merge Heap Roots: 0.1ms
[2026-04-30T15:17:18.523+0530][gc,phases   ] GC(20)   Evacuate Collection Set: 24.2ms
[2026-04-30T15:17:18.523+0530][gc,phases   ] GC(20)   Post Evacuate Collection Set: 0.4ms
[2026-04-30T15:17:18.523+0530][gc,phases   ] GC(20)   Other: 2.2ms
[2026-04-30T15:17:18.523+0530][gc,heap     ] GC(20) Eden regions: 71->0(43)
[2026-04-30T15:17:18.523+0530][gc,heap     ] GC(20) Survivor regions: 5->8(10)
[2026-04-30T15:17:18.523+0530][gc,heap     ] GC(20) Old regions: 31->31
[2026-04-30T15:17:18.523+0530][gc,heap     ] GC(20) Archive regions: 2->2
[2026-04-30T15:17:18.523+0530][gc,heap     ] GC(20) Humongous regions: 129->129
[2026-04-30T15:17:18.523+0530][gc,metaspace] GC(20) Metaspace: 47205K(47872K)->47205K(47872K) NonClass: 41457K(41856K)->41457K(41856K) Class: 5748K(6016K)->5748K(6016K)
[2026-04-30T15:17:18.523+0530][gc          ] GC(20) Pause Young (Normal) (G1 Evacuation Pause) 236M->168M(1024M) 27.525ms
[2026-04-30T15:17:18.523+0530][gc,cpu      ] GC(20) User=0.05s Sys=0.06s Real=0.03s
[2026-04-30T15:17:52.267+0530][gc,start    ] GC(21) Pause Young (Normal) (G1 Evacuation Pause)
[2026-04-30T15:17:52.267+0530][gc,task     ] GC(21) Using 8 workers of 8 for evacuation
[2026-04-30T15:17:52.274+0530][gc,phases   ] GC(21)   Pre Evacuate Collection Set: 0.1ms
[2026-04-30T15:17:52.274+0530][gc,phases   ] GC(21)   Merge Heap Roots: 0.1ms
[2026-04-30T15:17:52.274+0530][gc,phases   ] GC(21)   Evacuate Collection Set: 6.2ms
[2026-04-30T15:17:52.274+0530][gc,phases   ] GC(21)   Post Evacuate Collection Set: 0.3ms
[2026-04-30T15:17:52.274+0530][gc,phases   ] GC(21)   Other: 0.2ms
[2026-04-30T15:17:52.274+0530][gc,heap     ] GC(21) Eden regions: 43->0(79)
[2026-04-30T15:17:52.274+0530][gc,heap     ] GC(21) Survivor regions: 8->5(7)
[2026-04-30T15:17:52.274+0530][gc,heap     ] GC(21) Old regions: 31->36
[2026-04-30T15:17:52.274+0530][gc,heap     ] GC(21) Archive regions: 2->2
[2026-04-30T15:17:52.274+0530][gc,heap     ] GC(21) Humongous regions: 129->129
[2026-04-30T15:17:52.274+0530][gc,metaspace] GC(21) Metaspace: 47209K(47872K)->47209K(47872K) NonClass: 41460K(41856K)->41460K(41856K) Class: 5748K(6016K)->5748K(6016K)
[2026-04-30T15:17:52.274+0530][gc          ] GC(21) Pause Young (Normal) (G1 Evacuation Pause) 211M->169M(1024M) 7.059ms
[2026-04-30T15:17:52.274+0530][gc,cpu      ] GC(21) User=0.04s Sys=0.00s Real=0.01s
[2026-04-30T15:19:00.993+0530][gc,start    ] GC(22) Pause Young (Normal) (G1 Evacuation Pause)
[2026-04-30T15:19:00.993+0530][gc,task     ] GC(22) Using 8 workers of 8 for evacuation
[2026-04-30T15:19:01.112+0530][gc,mmu      ] GC(22) MMU target violated: 21.0ms (20.0ms/21.0ms)
[2026-04-30T15:19:01.112+0530][gc,phases   ] GC(22)   Pre Evacuate Collection Set: 0.8ms
[2026-04-30T15:19:01.113+0530][gc,phases   ] GC(22)   Merge Heap Roots: 0.6ms
[2026-04-30T15:19:01.113+0530][gc,phases   ] GC(22)   Evacuate Collection Set: 116.5ms
[2026-04-30T15:19:01.113+0530][gc,phases   ] GC(22)   Post Evacuate Collection Set: 1.1ms
[2026-04-30T15:19:01.113+0530][gc,phases   ] GC(22)   Other: 0.9ms
[2026-04-30T15:19:01.113+0530][gc,heap     ] GC(22) Eden regions: 75->0(44)
[2026-04-30T15:19:01.113+0530][gc,heap     ] GC(22) Survivor regions: 5->7(10)
[2026-04-30T15:19:01.113+0530][gc,heap     ] GC(22) Old regions: 36->36
[2026-04-30T15:19:01.113+0530][gc,heap     ] GC(22) Archive regions: 2->2
[2026-04-30T15:19:01.113+0530][gc,heap     ] GC(22) Humongous regions: 129->129
[2026-04-30T15:19:01.113+0530][gc,metaspace] GC(22) Metaspace: 47209K(47872K)->47209K(47872K) NonClass: 41461K(41856K)->41461K(41856K) Class: 5748K(6016K)->5748K(6016K)
[2026-04-30T15:19:01.113+0530][gc          ] GC(22) Pause Young (Normal) (G1 Evacuation Pause) 244M->172M(1024M) 120.655ms
[2026-04-30T15:19:01.113+0530][gc,cpu      ] GC(22) User=0.09s Sys=0.10s Real=0.12s
[2026-04-30T15:20:07.264+0530][gc,start    ] GC(23) Pause Young (Normal) (G1 Evacuation Pause)
[2026-04-30T15:20:07.266+0530][gc,task     ] GC(23) Using 8 workers of 8 for evacuation
[2026-04-30T15:20:07.274+0530][gc,phases   ] GC(23)   Pre Evacuate Collection Set: 0.2ms
[2026-04-30T15:20:07.274+0530][gc,phases   ] GC(23)   Merge Heap Roots: 0.1ms
[2026-04-30T15:20:07.274+0530][gc,phases   ] GC(23)   Evacuate Collection Set: 7.5ms
[2026-04-30T15:20:07.274+0530][gc,phases   ] GC(23)   Post Evacuate Collection Set: 0.4ms
[2026-04-30T15:20:07.274+0530][gc,phases   ] GC(23)   Other: 2.1ms
[2026-04-30T15:20:07.274+0530][gc,heap     ] GC(23) Eden regions: 44->0(46)
[2026-04-30T15:20:07.274+0530][gc,heap     ] GC(23) Survivor regions: 7->5(7)
[2026-04-30T15:20:07.274+0530][gc,heap     ] GC(23) Old regions: 36->40
[2026-04-30T15:20:07.274+0530][gc,heap     ] GC(23) Archive regions: 2->2
[2026-04-30T15:20:07.274+0530][gc,heap     ] GC(23) Humongous regions: 129->129
[2026-04-30T15:20:07.274+0530][gc,metaspace] GC(23) Metaspace: 47212K(47872K)->47212K(47872K) NonClass: 41463K(41856K)->41463K(41856K) Class: 5748K(6016K)->5748K(6016K)
[2026-04-30T15:20:07.274+0530][gc          ] GC(23) Pause Young (Normal) (G1 Evacuation Pause) 216M->173M(1024M) 10.494ms
[2026-04-30T15:20:07.274+0530][gc,cpu      ] GC(23) User=0.05s Sys=0.01s Real=0.01s
[2026-04-30T15:23:03.287+0530][gc,start    ] GC(24) Pause Young (Normal) (G1 Evacuation Pause)
[2026-04-30T15:23:03.289+0530][gc,task     ] GC(24) Using 8 workers of 8 for evacuation
[2026-04-30T15:23:03.299+0530][gc,phases   ] GC(24)   Pre Evacuate Collection Set: 0.2ms
[2026-04-30T15:23:03.299+0530][gc,phases   ] GC(24)   Merge Heap Roots: 0.1ms
[2026-04-30T15:23:03.299+0530][gc,phases   ] GC(24)   Evacuate Collection Set: 8.8ms
[2026-04-30T15:23:03.299+0530][gc,phases   ] GC(24)   Post Evacuate Collection Set: 0.4ms
[2026-04-30T15:23:03.299+0530][gc,phases   ] GC(24)   Other: 2.2ms
[2026-04-30T15:23:03.299+0530][gc,heap     ] GC(24) Eden regions: 46->0(45)
[2026-04-30T15:23:03.299+0530][gc,heap     ] GC(24) Survivor regions: 5->6(7)
[2026-04-30T15:23:03.299+0530][gc,heap     ] GC(24) Old regions: 40->42
[2026-04-30T15:23:03.299+0530][gc,heap     ] GC(24) Archive regions: 2->2
[2026-04-30T15:23:03.299+0530][gc,heap     ] GC(24) Humongous regions: 129->129
[2026-04-30T15:23:03.299+0530][gc,metaspace] GC(24) Metaspace: 47252K(48000K)->47252K(48000K) NonClass: 41498K(41920K)->41498K(41920K) Class: 5753K(6080K)->5753K(6080K)
[2026-04-30T15:23:03.299+0530][gc          ] GC(24) Pause Young (Normal) (G1 Evacuation Pause) 219M->177M(1024M) 11.948ms
[2026-04-30T15:23:03.299+0530][gc,cpu      ] GC(24) User=0.06s Sys=0.00s Real=0.01s
[2026-04-30T15:23:12.282+0530][gc,heap,exit] Heap
[2026-04-30T15:23:12.283+0530][gc,heap,exit]  garbage-first heap   total 1048576K, used 197075K [0x00000007c0000000, 0x0000000800000000)
[2026-04-30T15:23:12.283+0530][gc,heap,exit]   region size 1024K, 22 young (22528K), 6 survivors (6144K)
[2026-04-30T15:23:12.283+0530][gc,heap,exit]  Metaspace       used 48245K, committed 48960K, reserved 1114112K
[2026-04-30T15:23:12.283+0530][gc,heap,exit]   class space    used 5955K, committed 6272K, reserved 1048576K
