[2026-05-13T10:45:32.161+0530][gc] Using G1
[2026-05-13T10:45:32.167+0530][gc,init] Version: 17.0.8+9-LTS-211 (release)
[2026-05-13T10:45:32.167+0530][gc,init] CPUs: 8 total, 8 available
[2026-05-13T10:45:32.167+0530][gc,init] Memory: 16384M
[2026-05-13T10:45:32.167+0530][gc,init] Large Page Support: Disabled
[2026-05-13T10:45:32.167+0530][gc,init] NUMA Support: Disabled
[2026-05-13T10:45:32.167+0530][gc,init] Compressed Oops: Enabled (Zero based)
[2026-05-13T10:45:32.167+0530][gc,init] Heap Region Size: 1M
[2026-05-13T10:45:32.167+0530][gc,init] Heap Min Capacity: 1G
[2026-05-13T10:45:32.167+0530][gc,init] Heap Initial Capacity: 1G
[2026-05-13T10:45:32.167+0530][gc,init] Heap Max Capacity: 1G
[2026-05-13T10:45:32.167+0530][gc,init] Pre-touch: Disabled
[2026-05-13T10:45:32.167+0530][gc,init] Parallel Workers: 8
[2026-05-13T10:45:32.167+0530][gc,init] Concurrent Workers: 2
[2026-05-13T10:45:32.167+0530][gc,init] Concurrent Refinement Workers: 8
[2026-05-13T10:45:32.167+0530][gc,init] Periodic GC: Disabled
[2026-05-13T10:45:32.174+0530][gc,metaspace] CDS archive(s) mapped at: [0x000000012b000000-0x000000012bbe4000-0x000000012bbe4000), size 12468224, SharedBaseAddress: 0x000000012b000000, ArchiveRelocationMode: 1.
[2026-05-13T10:45:32.174+0530][gc,metaspace] Compressed class space mapped at: 0x000000012c000000-0x000000016c000000, reserved size: 1073741824
[2026-05-13T10:45:32.174+0530][gc,metaspace] Narrow klass base: 0x000000012b000000, Narrow klass shift: 0, Narrow klass range: 0x100000000
[2026-05-13T10:45:33.548+0530][gc,start    ] GC(0) Pause Young (Normal) (G1 Evacuation Pause)
[2026-05-13T10:45:33.549+0530][gc,task     ] GC(0) Using 8 workers of 8 for evacuation
[2026-05-13T10:45:33.555+0530][gc,phases   ] GC(0)   Pre Evacuate Collection Set: 0.1ms
[2026-05-13T10:45:33.555+0530][gc,phases   ] GC(0)   Merge Heap Roots: 0.1ms
[2026-05-13T10:45:33.555+0530][gc,phases   ] GC(0)   Evacuate Collection Set: 5.1ms
[2026-05-13T10:45:33.555+0530][gc,phases   ] GC(0)   Post Evacuate Collection Set: 0.4ms
[2026-05-13T10:45:33.555+0530][gc,phases   ] GC(0)   Other: 0.7ms
[2026-05-13T10:45:33.555+0530][gc,heap     ] GC(0) Eden regions: 51->0(44)
[2026-05-13T10:45:33.555+0530][gc,heap     ] GC(0) Survivor regions: 0->7(7)
[2026-05-13T10:45:33.555+0530][gc,heap     ] GC(0) Old regions: 0->1
[2026-05-13T10:45:33.555+0530][gc,heap     ] GC(0) Archive regions: 2->2
[2026-05-13T10:45:33.555+0530][gc,heap     ] GC(0) Humongous regions: 0->0
[2026-05-13T10:45:33.555+0530][gc,metaspace] GC(0) Metaspace: 17436K(17600K)->17436K(17600K) NonClass: 15312K(15424K)->15312K(15424K) Class: 2124K(2176K)->2124K(2176K)
[2026-05-13T10:45:33.555+0530][gc          ] GC(0) Pause Young (Normal) (G1 Evacuation Pause) 51M->8M(1024M) 6.505ms
[2026-05-13T10:45:33.555+0530][gc,cpu      ] GC(0) User=0.02s Sys=0.01s Real=0.01s
[2026-05-13T10:45:33.843+0530][gc,start    ] GC(1) Pause Young (Concurrent Start) (Metadata GC Threshold)
[2026-05-13T10:45:33.843+0530][gc,task     ] GC(1) Using 8 workers of 8 for evacuation
[2026-05-13T10:45:33.848+0530][gc,phases   ] GC(1)   Pre Evacuate Collection Set: 0.1ms
[2026-05-13T10:45:33.848+0530][gc,phases   ] GC(1)   Merge Heap Roots: 0.1ms
[2026-05-13T10:45:33.848+0530][gc,phases   ] GC(1)   Evacuate Collection Set: 4.0ms
[2026-05-13T10:45:33.848+0530][gc,phases   ] GC(1)   Post Evacuate Collection Set: 0.4ms
[2026-05-13T10:45:33.848+0530][gc,phases   ] GC(1)   Other: 0.2ms
[2026-05-13T10:45:33.848+0530][gc,heap     ] GC(1) Eden regions: 15->0(49)
[2026-05-13T10:45:33.848+0530][gc,heap     ] GC(1) Survivor regions: 7->2(7)
[2026-05-13T10:45:33.848+0530][gc,heap     ] GC(1) Old regions: 1->8
[2026-05-13T10:45:33.848+0530][gc,heap     ] GC(1) Archive regions: 2->2
[2026-05-13T10:45:33.848+0530][gc,heap     ] GC(1) Humongous regions: 0->0
[2026-05-13T10:45:33.848+0530][gc,metaspace] GC(1) Metaspace: 21304K(21504K)->21304K(21504K) NonClass: 18679K(18752K)->18679K(18752K) Class: 2624K(2752K)->2624K(2752K)
[2026-05-13T10:45:33.848+0530][gc          ] GC(1) Pause Young (Concurrent Start) (Metadata GC Threshold) 23M->9M(1024M) 4.999ms
[2026-05-13T10:45:33.848+0530][gc,cpu      ] GC(1) User=0.03s Sys=0.01s Real=0.00s
[2026-05-13T10:45:33.848+0530][gc          ] GC(2) Concurrent Mark Cycle
[2026-05-13T10:45:33.848+0530][gc,marking  ] GC(2) Concurrent Clear Claimed Marks
[2026-05-13T10:45:33.848+0530][gc,marking  ] GC(2) Concurrent Clear Claimed Marks 0.016ms
[2026-05-13T10:45:33.848+0530][gc,marking  ] GC(2) Concurrent Scan Root Regions
[2026-05-13T10:45:33.850+0530][gc,marking  ] GC(2) Concurrent Scan Root Regions 2.024ms
[2026-05-13T10:45:33.851+0530][gc,marking  ] GC(2) Concurrent Mark
[2026-05-13T10:45:33.851+0530][gc,marking  ] GC(2) Concurrent Mark From Roots
[2026-05-13T10:45:33.851+0530][gc,task     ] GC(2) Using 2 workers of 2 for marking
[2026-05-13T10:45:33.852+0530][gc,marking  ] GC(2) Concurrent Mark From Roots 1.519ms
[2026-05-13T10:45:33.852+0530][gc,marking  ] GC(2) Concurrent Preclean
[2026-05-13T10:45:33.852+0530][gc,marking  ] GC(2) Concurrent Preclean 0.029ms
[2026-05-13T10:45:33.852+0530][gc,start    ] GC(2) Pause Remark
[2026-05-13T10:45:33.854+0530][gc          ] GC(2) Pause Remark 10M->10M(1024M) 1.526ms
[2026-05-13T10:45:33.854+0530][gc,cpu      ] GC(2) User=0.00s Sys=0.00s Real=0.00s
[2026-05-13T10:45:33.854+0530][gc,marking  ] GC(2) Concurrent Mark 3.363ms
[2026-05-13T10:45:33.854+0530][gc,marking  ] GC(2) Concurrent Rebuild Remembered Sets
[2026-05-13T10:45:33.856+0530][gc,marking  ] GC(2) Concurrent Rebuild Remembered Sets 2.129ms
[2026-05-13T10:45:33.856+0530][gc,start    ] GC(2) Pause Cleanup
[2026-05-13T10:45:33.856+0530][gc          ] GC(2) Pause Cleanup 10M->10M(1024M) 0.139ms
[2026-05-13T10:45:33.856+0530][gc,cpu      ] GC(2) User=0.00s Sys=0.00s Real=0.00s
[2026-05-13T10:45:33.856+0530][gc,marking  ] GC(2) Concurrent Cleanup for Next Mark
[2026-05-13T10:45:33.862+0530][gc,marking  ] GC(2) Concurrent Cleanup for Next Mark 5.713ms
[2026-05-13T10:45:33.862+0530][gc          ] GC(2) Concurrent Mark Cycle 13.789ms
[2026-05-13T10:45:34.717+0530][gc,start    ] GC(3) Pause Young (Normal) (G1 Evacuation Pause)
[2026-05-13T10:45:34.717+0530][gc,task     ] GC(3) Using 8 workers of 8 for evacuation
[2026-05-13T10:45:34.722+0530][gc,phases   ] GC(3)   Pre Evacuate Collection Set: 0.1ms
[2026-05-13T10:45:34.722+0530][gc,phases   ] GC(3)   Merge Heap Roots: 0.1ms
[2026-05-13T10:45:34.722+0530][gc,phases   ] GC(3)   Evacuate Collection Set: 4.5ms
[2026-05-13T10:45:34.722+0530][gc,phases   ] GC(3)   Post Evacuate Collection Set: 0.4ms
[2026-05-13T10:45:34.722+0530][gc,phases   ] GC(3)   Other: 0.1ms
[2026-05-13T10:45:34.722+0530][gc,heap     ] GC(3) Eden regions: 49->0(45)
[2026-05-13T10:45:34.722+0530][gc,heap     ] GC(3) Survivor regions: 2->6(7)
[2026-05-13T10:45:34.722+0530][gc,heap     ] GC(3) Old regions: 8->8
[2026-05-13T10:45:34.722+0530][gc,heap     ] GC(3) Archive regions: 2->2
[2026-05-13T10:45:34.722+0530][gc,heap     ] GC(3) Humongous regions: 129->129
[2026-05-13T10:45:34.722+0530][gc,metaspace] GC(3) Metaspace: 32261K(32512K)->32261K(32512K) NonClass: 28607K(28736K)->28607K(28736K) Class: 3653K(3776K)->3653K(3776K)
[2026-05-13T10:45:34.722+0530][gc          ] GC(3) Pause Young (Normal) (G1 Evacuation Pause) 187M->143M(1024M) 5.361ms
[2026-05-13T10:45:34.722+0530][gc,cpu      ] GC(3) User=0.03s Sys=0.00s Real=0.01s
[2026-05-13T10:45:34.847+0530][gc,start    ] GC(4) Pause Young (Concurrent Start) (Metadata GC Threshold)
[2026-05-13T10:45:34.847+0530][gc,task     ] GC(4) Using 8 workers of 8 for evacuation
[2026-05-13T10:45:34.853+0530][gc,phases   ] GC(4)   Pre Evacuate Collection Set: 0.1ms
[2026-05-13T10:45:34.853+0530][gc,phases   ] GC(4)   Merge Heap Roots: 0.1ms
[2026-05-13T10:45:34.853+0530][gc,phases   ] GC(4)   Evacuate Collection Set: 5.1ms
[2026-05-13T10:45:34.853+0530][gc,phases   ] GC(4)   Post Evacuate Collection Set: 0.4ms
[2026-05-13T10:45:34.853+0530][gc,phases   ] GC(4)   Other: 0.2ms
[2026-05-13T10:45:34.853+0530][gc,heap     ] GC(4) Eden regions: 16->0(49)
[2026-05-13T10:45:34.853+0530][gc,heap     ] GC(4) Survivor regions: 6->2(7)
[2026-05-13T10:45:34.853+0530][gc,heap     ] GC(4) Old regions: 8->14
[2026-05-13T10:45:34.853+0530][gc,heap     ] GC(4) Archive regions: 2->2
[2026-05-13T10:45:34.853+0530][gc,heap     ] GC(4) Humongous regions: 129->129
[2026-05-13T10:45:34.853+0530][gc,metaspace] GC(4) Metaspace: 35812K(36096K)->35812K(36096K) NonClass: 31716K(31872K)->31716K(31872K) Class: 4096K(4224K)->4096K(4224K)
[2026-05-13T10:45:34.853+0530][gc          ] GC(4) Pause Young (Concurrent Start) (Metadata GC Threshold) 158M->144M(1024M) 5.891ms
[2026-05-13T10:45:34.853+0530][gc,cpu      ] GC(4) User=0.03s Sys=0.00s Real=0.01s
[2026-05-13T10:45:34.853+0530][gc          ] GC(5) Concurrent Mark Cycle
[2026-05-13T10:45:34.853+0530][gc,marking  ] GC(5) Concurrent Clear Claimed Marks
[2026-05-13T10:45:34.853+0530][gc,marking  ] GC(5) Concurrent Clear Claimed Marks 0.019ms
[2026-05-13T10:45:34.853+0530][gc,marking  ] GC(5) Concurrent Scan Root Regions
[2026-05-13T10:45:34.856+0530][gc,marking  ] GC(5) Concurrent Scan Root Regions 2.957ms
[2026-05-13T10:45:34.856+0530][gc,marking  ] GC(5) Concurrent Mark
[2026-05-13T10:45:34.856+0530][gc,marking  ] GC(5) Concurrent Mark From Roots
[2026-05-13T10:45:34.856+0530][gc,task     ] GC(5) Using 2 workers of 2 for marking
[2026-05-13T10:45:34.862+0530][gc,marking  ] GC(5) Concurrent Mark From Roots 6.254ms
[2026-05-13T10:45:34.862+0530][gc,marking  ] GC(5) Concurrent Preclean
[2026-05-13T10:45:34.862+0530][gc,marking  ] GC(5) Concurrent Preclean 0.058ms
[2026-05-13T10:45:34.863+0530][gc,start    ] GC(5) Pause Remark
[2026-05-13T10:45:34.864+0530][gc          ] GC(5) Pause Remark 146M->146M(1024M) 1.138ms
[2026-05-13T10:45:34.864+0530][gc,cpu      ] GC(5) User=0.00s Sys=0.00s Real=0.00s
[2026-05-13T10:45:34.864+0530][gc,marking  ] GC(5) Concurrent Mark 7.734ms
[2026-05-13T10:45:34.864+0530][gc,marking  ] GC(5) Concurrent Rebuild Remembered Sets
[2026-05-13T10:45:34.870+0530][gc,marking  ] GC(5) Concurrent Rebuild Remembered Sets 6.504ms
[2026-05-13T10:45:34.870+0530][gc,start    ] GC(5) Pause Cleanup
[2026-05-13T10:45:34.871+0530][gc          ] GC(5) Pause Cleanup 146M->146M(1024M) 0.110ms
[2026-05-13T10:45:34.871+0530][gc,cpu      ] GC(5) User=0.00s Sys=0.00s Real=0.00s
[2026-05-13T10:45:34.871+0530][gc,marking  ] GC(5) Concurrent Cleanup for Next Mark
[2026-05-13T10:45:34.877+0530][gc,marking  ] GC(5) Concurrent Cleanup for Next Mark 6.498ms
[2026-05-13T10:45:34.877+0530][gc          ] GC(5) Concurrent Mark Cycle 24.190ms
[2026-05-13T10:46:10.727+0530][gc,heap,exit] Heap
[2026-05-13T10:46:10.727+0530][gc,heap,exit]  garbage-first heap   total 1048576K, used 192190K [0x00000007c0000000, 0x0000000800000000)
[2026-05-13T10:46:10.727+0530][gc,heap,exit]   region size 1024K, 45 young (46080K), 2 survivors (2048K)
[2026-05-13T10:46:10.727+0530][gc,heap,exit]  Metaspace       used 42321K, committed 42880K, reserved 1114112K
[2026-05-13T10:46:10.727+0530][gc,heap,exit]   class space    used 5244K, committed 5504K, reserved 1048576K
