[2026-05-12T18:19:50.964+0530][gc] Using G1
[2026-05-12T18:19:50.971+0530][gc,init] Version: 17.0.8+9-LTS-211 (release)
[2026-05-12T18:19:50.971+0530][gc,init] CPUs: 8 total, 8 available
[2026-05-12T18:19:50.971+0530][gc,init] Memory: 16384M
[2026-05-12T18:19:50.971+0530][gc,init] Large Page Support: Disabled
[2026-05-12T18:19:50.971+0530][gc,init] NUMA Support: Disabled
[2026-05-12T18:19:50.971+0530][gc,init] Compressed Oops: Enabled (Zero based)
[2026-05-12T18:19:50.971+0530][gc,init] Heap Region Size: 1M
[2026-05-12T18:19:50.971+0530][gc,init] Heap Min Capacity: 1G
[2026-05-12T18:19:50.971+0530][gc,init] Heap Initial Capacity: 1G
[2026-05-12T18:19:50.971+0530][gc,init] Heap Max Capacity: 1G
[2026-05-12T18:19:50.971+0530][gc,init] Pre-touch: Disabled
[2026-05-12T18:19:50.971+0530][gc,init] Parallel Workers: 8
[2026-05-12T18:19:50.971+0530][gc,init] Concurrent Workers: 2
[2026-05-12T18:19:50.971+0530][gc,init] Concurrent Refinement Workers: 8
[2026-05-12T18:19:50.971+0530][gc,init] Periodic GC: Disabled
[2026-05-12T18:19:50.979+0530][gc,metaspace] CDS archive(s) mapped at: [0x0000000121000000-0x0000000121be4000-0x0000000121be4000), size 12468224, SharedBaseAddress: 0x0000000121000000, ArchiveRelocationMode: 1.
[2026-05-12T18:19:50.979+0530][gc,metaspace] Compressed class space mapped at: 0x0000000122000000-0x0000000162000000, reserved size: 1073741824
[2026-05-12T18:19:50.979+0530][gc,metaspace] Narrow klass base: 0x0000000121000000, Narrow klass shift: 0, Narrow klass range: 0x100000000
[2026-05-12T18:19:52.469+0530][gc,start    ] GC(0) Pause Young (Normal) (G1 Evacuation Pause)
[2026-05-12T18:19:52.470+0530][gc,task     ] GC(0) Using 8 workers of 8 for evacuation
[2026-05-12T18:19:52.475+0530][gc,phases   ] GC(0)   Pre Evacuate Collection Set: 0.1ms
[2026-05-12T18:19:52.475+0530][gc,phases   ] GC(0)   Merge Heap Roots: 0.1ms
[2026-05-12T18:19:52.475+0530][gc,phases   ] GC(0)   Evacuate Collection Set: 5.0ms
[2026-05-12T18:19:52.476+0530][gc,phases   ] GC(0)   Post Evacuate Collection Set: 0.4ms
[2026-05-12T18:19:52.476+0530][gc,phases   ] GC(0)   Other: 0.7ms
[2026-05-12T18:19:52.476+0530][gc,heap     ] GC(0) Eden regions: 51->0(44)
[2026-05-12T18:19:52.476+0530][gc,heap     ] GC(0) Survivor regions: 0->7(7)
[2026-05-12T18:19:52.476+0530][gc,heap     ] GC(0) Old regions: 0->1
[2026-05-12T18:19:52.476+0530][gc,heap     ] GC(0) Archive regions: 2->2
[2026-05-12T18:19:52.476+0530][gc,heap     ] GC(0) Humongous regions: 0->0
[2026-05-12T18:19:52.476+0530][gc,metaspace] GC(0) Metaspace: 17441K(17664K)->17441K(17664K) NonClass: 15312K(15424K)->15312K(15424K) Class: 2129K(2240K)->2129K(2240K)
[2026-05-12T18:19:52.476+0530][gc          ] GC(0) Pause Young (Normal) (G1 Evacuation Pause) 51M->8M(1024M) 6.407ms
[2026-05-12T18:19:52.476+0530][gc,cpu      ] GC(0) User=0.02s Sys=0.01s Real=0.01s
[2026-05-12T18:19:52.884+0530][gc,start    ] GC(1) Pause Young (Concurrent Start) (Metadata GC Threshold)
[2026-05-12T18:19:52.884+0530][gc,task     ] GC(1) Using 8 workers of 8 for evacuation
[2026-05-12T18:19:52.890+0530][gc,phases   ] GC(1)   Pre Evacuate Collection Set: 0.1ms
[2026-05-12T18:19:52.890+0530][gc,phases   ] GC(1)   Merge Heap Roots: 0.1ms
[2026-05-12T18:19:52.890+0530][gc,phases   ] GC(1)   Evacuate Collection Set: 5.2ms
[2026-05-12T18:19:52.890+0530][gc,phases   ] GC(1)   Post Evacuate Collection Set: 0.6ms
[2026-05-12T18:19:52.890+0530][gc,phases   ] GC(1)   Other: 0.3ms
[2026-05-12T18:19:52.890+0530][gc,heap     ] GC(1) Eden regions: 17->0(49)
[2026-05-12T18:19:52.891+0530][gc,heap     ] GC(1) Survivor regions: 7->2(7)
[2026-05-12T18:19:52.891+0530][gc,heap     ] GC(1) Old regions: 1->8
[2026-05-12T18:19:52.891+0530][gc,heap     ] GC(1) Archive regions: 2->2
[2026-05-12T18:19:52.891+0530][gc,heap     ] GC(1) Humongous regions: 129->129
[2026-05-12T18:19:52.891+0530][gc,metaspace] GC(1) Metaspace: 21356K(21504K)->21356K(21504K) NonClass: 18745K(18816K)->18745K(18816K) Class: 2611K(2688K)->2611K(2688K)
[2026-05-12T18:19:52.891+0530][gc          ] GC(1) Pause Young (Concurrent Start) (Metadata GC Threshold) 154M->139M(1024M) 6.454ms
[2026-05-12T18:19:52.891+0530][gc,cpu      ] GC(1) User=0.03s Sys=0.00s Real=0.01s
[2026-05-12T18:19:52.891+0530][gc          ] GC(2) Concurrent Mark Cycle
[2026-05-12T18:19:52.891+0530][gc,marking  ] GC(2) Concurrent Clear Claimed Marks
[2026-05-12T18:19:52.891+0530][gc,marking  ] GC(2) Concurrent Clear Claimed Marks 0.024ms
[2026-05-12T18:19:52.891+0530][gc,marking  ] GC(2) Concurrent Scan Root Regions
[2026-05-12T18:19:52.894+0530][gc,marking  ] GC(2) Concurrent Scan Root Regions 2.777ms
[2026-05-12T18:19:52.894+0530][gc,marking  ] GC(2) Concurrent Mark
[2026-05-12T18:19:52.894+0530][gc,marking  ] GC(2) Concurrent Mark From Roots
[2026-05-12T18:19:52.894+0530][gc,task     ] GC(2) Using 2 workers of 2 for marking
[2026-05-12T18:19:52.896+0530][gc,marking  ] GC(2) Concurrent Mark From Roots 2.768ms
[2026-05-12T18:19:52.896+0530][gc,marking  ] GC(2) Concurrent Preclean
[2026-05-12T18:19:52.896+0530][gc,marking  ] GC(2) Concurrent Preclean 0.057ms
[2026-05-12T18:19:52.897+0530][gc,start    ] GC(2) Pause Remark
[2026-05-12T18:19:52.898+0530][gc          ] GC(2) Pause Remark 140M->140M(1024M) 1.539ms
[2026-05-12T18:19:52.898+0530][gc,cpu      ] GC(2) User=0.01s Sys=0.00s Real=0.00s
[2026-05-12T18:19:52.898+0530][gc,marking  ] GC(2) Concurrent Mark 4.642ms
[2026-05-12T18:19:52.898+0530][gc,marking  ] GC(2) Concurrent Rebuild Remembered Sets
[2026-05-12T18:19:52.898+0530][gc,marking  ] GC(2) Concurrent Rebuild Remembered Sets 0.008ms
[2026-05-12T18:19:52.898+0530][gc,start    ] GC(2) Pause Cleanup
[2026-05-12T18:19:52.898+0530][gc          ] GC(2) Pause Cleanup 140M->140M(1024M) 0.028ms
[2026-05-12T18:19:52.898+0530][gc,cpu      ] GC(2) User=0.00s Sys=0.00s Real=0.00s
[2026-05-12T18:19:52.898+0530][gc,marking  ] GC(2) Concurrent Cleanup for Next Mark
[2026-05-12T18:19:52.904+0530][gc,marking  ] GC(2) Concurrent Cleanup for Next Mark 5.481ms
[2026-05-12T18:19:52.904+0530][gc          ] GC(2) Concurrent Mark Cycle 13.265ms
[2026-05-12T18:19:53.677+0530][gc,start    ] GC(3) Pause Young (Normal) (G1 Evacuation Pause)
[2026-05-12T18:19:53.677+0530][gc,task     ] GC(3) Using 8 workers of 8 for evacuation
[2026-05-12T18:19:53.682+0530][gc,phases   ] GC(3)   Pre Evacuate Collection Set: 0.1ms
[2026-05-12T18:19:53.682+0530][gc,phases   ] GC(3)   Merge Heap Roots: 0.1ms
[2026-05-12T18:19:53.682+0530][gc,phases   ] GC(3)   Evacuate Collection Set: 4.5ms
[2026-05-12T18:19:53.682+0530][gc,phases   ] GC(3)   Post Evacuate Collection Set: 0.5ms
[2026-05-12T18:19:53.682+0530][gc,phases   ] GC(3)   Other: 0.2ms
[2026-05-12T18:19:53.682+0530][gc,heap     ] GC(3) Eden regions: 49->0(44)
[2026-05-12T18:19:53.682+0530][gc,heap     ] GC(3) Survivor regions: 2->7(7)
[2026-05-12T18:19:53.682+0530][gc,heap     ] GC(3) Old regions: 8->8
[2026-05-12T18:19:53.682+0530][gc,heap     ] GC(3) Archive regions: 2->2
[2026-05-12T18:19:53.682+0530][gc,heap     ] GC(3) Humongous regions: 129->129
[2026-05-12T18:19:53.682+0530][gc,metaspace] GC(3) Metaspace: 32580K(32832K)->32580K(32832K) NonClass: 28953K(29120K)->28953K(29120K) Class: 3627K(3712K)->3627K(3712K)
[2026-05-12T18:19:53.682+0530][gc          ] GC(3) Pause Young (Normal) (G1 Evacuation Pause) 188M->144M(1024M) 5.599ms
[2026-05-12T18:19:53.682+0530][gc,cpu      ] GC(3) User=0.04s Sys=0.00s Real=0.01s
[2026-05-12T18:19:53.895+0530][gc,start    ] GC(4) Pause Young (Concurrent Start) (Metadata GC Threshold)
[2026-05-12T18:19:53.895+0530][gc,task     ] GC(4) Using 8 workers of 8 for evacuation
[2026-05-12T18:19:53.901+0530][gc,phases   ] GC(4)   Pre Evacuate Collection Set: 0.1ms
[2026-05-12T18:19:53.901+0530][gc,phases   ] GC(4)   Merge Heap Roots: 0.0ms
[2026-05-12T18:19:53.901+0530][gc,phases   ] GC(4)   Evacuate Collection Set: 5.0ms
[2026-05-12T18:19:53.901+0530][gc,phases   ] GC(4)   Post Evacuate Collection Set: 0.3ms
[2026-05-12T18:19:53.901+0530][gc,phases   ] GC(4)   Other: 0.2ms
[2026-05-12T18:19:53.901+0530][gc,heap     ] GC(4) Eden regions: 14->0(49)
[2026-05-12T18:19:53.901+0530][gc,heap     ] GC(4) Survivor regions: 7->2(7)
[2026-05-12T18:19:53.901+0530][gc,heap     ] GC(4) Old regions: 8->15
[2026-05-12T18:19:53.901+0530][gc,heap     ] GC(4) Archive regions: 2->2
[2026-05-12T18:19:53.901+0530][gc,heap     ] GC(4) Humongous regions: 129->129
[2026-05-12T18:19:53.901+0530][gc,metaspace] GC(4) Metaspace: 35699K(35968K)->35699K(35968K) NonClass: 31660K(31808K)->31660K(31808K) Class: 4039K(4160K)->4039K(4160K)
[2026-05-12T18:19:53.901+0530][gc          ] GC(4) Pause Young (Concurrent Start) (Metadata GC Threshold) 157M->145M(1024M) 5.774ms
[2026-05-12T18:19:53.901+0530][gc,cpu      ] GC(4) User=0.03s Sys=0.01s Real=0.01s
[2026-05-12T18:19:53.901+0530][gc          ] GC(5) Concurrent Mark Cycle
[2026-05-12T18:19:53.901+0530][gc,marking  ] GC(5) Concurrent Clear Claimed Marks
[2026-05-12T18:19:53.901+0530][gc,marking  ] GC(5) Concurrent Clear Claimed Marks 0.015ms
[2026-05-12T18:19:53.901+0530][gc,marking  ] GC(5) Concurrent Scan Root Regions
[2026-05-12T18:19:53.905+0530][gc,marking  ] GC(5) Concurrent Scan Root Regions 3.483ms
[2026-05-12T18:19:53.905+0530][gc,marking  ] GC(5) Concurrent Mark
[2026-05-12T18:19:53.905+0530][gc,marking  ] GC(5) Concurrent Mark From Roots
[2026-05-12T18:19:53.905+0530][gc,task     ] GC(5) Using 2 workers of 2 for marking
[2026-05-12T18:19:53.912+0530][gc,marking  ] GC(5) Concurrent Mark From Roots 7.006ms
[2026-05-12T18:19:53.912+0530][gc,marking  ] GC(5) Concurrent Preclean
[2026-05-12T18:19:53.912+0530][gc,marking  ] GC(5) Concurrent Preclean 0.102ms
[2026-05-12T18:19:53.912+0530][gc,start    ] GC(5) Pause Remark
[2026-05-12T18:19:53.913+0530][gc          ] GC(5) Pause Remark 145M->145M(1024M) 1.233ms
[2026-05-12T18:19:53.913+0530][gc,cpu      ] GC(5) User=0.00s Sys=0.00s Real=0.00s
[2026-05-12T18:19:53.913+0530][gc,marking  ] GC(5) Concurrent Mark 8.594ms
[2026-05-12T18:19:53.913+0530][gc,marking  ] GC(5) Concurrent Rebuild Remembered Sets
[2026-05-12T18:19:53.919+0530][gc,marking  ] GC(5) Concurrent Rebuild Remembered Sets 5.886ms
[2026-05-12T18:19:53.919+0530][gc,start    ] GC(5) Pause Cleanup
[2026-05-12T18:19:53.920+0530][gc          ] GC(5) Pause Cleanup 146M->146M(1024M) 0.151ms
[2026-05-12T18:19:53.920+0530][gc,cpu      ] GC(5) User=0.00s Sys=0.00s Real=0.01s
[2026-05-12T18:19:53.920+0530][gc,marking  ] GC(5) Concurrent Cleanup for Next Mark
[2026-05-12T18:19:53.925+0530][gc,marking  ] GC(5) Concurrent Cleanup for Next Mark 5.175ms
[2026-05-12T18:19:53.925+0530][gc          ] GC(5) Concurrent Mark Cycle 23.673ms
[2026-05-12T18:27:29.950+0530][gc,start    ] GC(6) Pause Young (Normal) (G1 Evacuation Pause)
[2026-05-12T18:27:29.951+0530][gc,task     ] GC(6) Using 8 workers of 8 for evacuation
[2026-05-12T18:27:29.958+0530][gc,phases   ] GC(6)   Pre Evacuate Collection Set: 0.2ms
[2026-05-12T18:27:29.958+0530][gc,phases   ] GC(6)   Merge Heap Roots: 0.1ms
[2026-05-12T18:27:29.958+0530][gc,phases   ] GC(6)   Evacuate Collection Set: 6.3ms
[2026-05-12T18:27:29.958+0530][gc,phases   ] GC(6)   Post Evacuate Collection Set: 0.7ms
[2026-05-12T18:27:29.958+0530][gc,phases   ] GC(6)   Other: 0.3ms
[2026-05-12T18:27:29.958+0530][gc,heap     ] GC(6) Eden regions: 49->0(46)
[2026-05-12T18:27:29.958+0530][gc,heap     ] GC(6) Survivor regions: 2->5(7)
[2026-05-12T18:27:29.958+0530][gc,heap     ] GC(6) Old regions: 15->15
[2026-05-12T18:27:29.958+0530][gc,heap     ] GC(6) Archive regions: 2->2
[2026-05-12T18:27:29.958+0530][gc,heap     ] GC(6) Humongous regions: 129->129
[2026-05-12T18:27:29.958+0530][gc,metaspace] GC(6) Metaspace: 42397K(42880K)->42397K(42880K) NonClass: 37298K(37568K)->37298K(37568K) Class: 5098K(5312K)->5098K(5312K)
[2026-05-12T18:27:29.958+0530][gc          ] GC(6) Pause Young (Normal) (G1 Evacuation Pause) 194M->148M(1024M) 7.911ms
[2026-05-12T18:27:29.958+0530][gc,cpu      ] GC(6) User=0.03s Sys=0.00s Real=0.00s
[2026-05-12T18:34:18.780+0530][gc,start    ] GC(7) Pause Young (Normal) (G1 Evacuation Pause)
[2026-05-12T18:34:18.782+0530][gc,task     ] GC(7) Using 8 workers of 8 for evacuation
[2026-05-12T18:34:18.788+0530][gc,phases   ] GC(7)   Pre Evacuate Collection Set: 0.2ms
[2026-05-12T18:34:18.788+0530][gc,phases   ] GC(7)   Merge Heap Roots: 0.1ms
[2026-05-12T18:34:18.788+0530][gc,phases   ] GC(7)   Evacuate Collection Set: 4.7ms
[2026-05-12T18:34:18.788+0530][gc,phases   ] GC(7)   Post Evacuate Collection Set: 0.4ms
[2026-05-12T18:34:18.788+0530][gc,phases   ] GC(7)   Other: 2.1ms
[2026-05-12T18:34:18.788+0530][gc,heap     ] GC(7) Eden regions: 46->0(49)
[2026-05-12T18:34:18.788+0530][gc,heap     ] GC(7) Survivor regions: 5->2(7)
[2026-05-12T18:34:18.788+0530][gc,heap     ] GC(7) Old regions: 15->18
[2026-05-12T18:34:18.788+0530][gc,heap     ] GC(7) Archive regions: 2->2
[2026-05-12T18:34:18.788+0530][gc,heap     ] GC(7) Humongous regions: 129->129
[2026-05-12T18:34:18.788+0530][gc,metaspace] GC(7) Metaspace: 42515K(43072K)->42515K(43072K) NonClass: 37410K(37760K)->37410K(37760K) Class: 5104K(5312K)->5104K(5312K)
[2026-05-12T18:34:18.788+0530][gc          ] GC(7) Pause Young (Normal) (G1 Evacuation Pause) 194M->148M(1024M) 7.701ms
[2026-05-12T18:34:18.788+0530][gc,cpu      ] GC(7) User=0.03s Sys=0.00s Real=0.00s
[2026-05-12T18:39:57.158+0530][gc,start    ] GC(8) Pause Young (Normal) (G1 Evacuation Pause)
[2026-05-12T18:39:57.160+0530][gc,task     ] GC(8) Using 8 workers of 8 for evacuation
[2026-05-12T18:39:57.165+0530][gc,phases   ] GC(8)   Pre Evacuate Collection Set: 0.1ms
[2026-05-12T18:39:57.165+0530][gc,phases   ] GC(8)   Merge Heap Roots: 0.1ms
[2026-05-12T18:39:57.165+0530][gc,phases   ] GC(8)   Evacuate Collection Set: 4.0ms
[2026-05-12T18:39:57.165+0530][gc,phases   ] GC(8)   Post Evacuate Collection Set: 0.4ms
[2026-05-12T18:39:57.165+0530][gc,phases   ] GC(8)   Other: 2.2ms
[2026-05-12T18:39:57.165+0530][gc,heap     ] GC(8) Eden regions: 49->0(46)
[2026-05-12T18:39:57.165+0530][gc,heap     ] GC(8) Survivor regions: 2->5(7)
[2026-05-12T18:39:57.165+0530][gc,heap     ] GC(8) Old regions: 18->18
[2026-05-12T18:39:57.165+0530][gc,heap     ] GC(8) Archive regions: 2->2
[2026-05-12T18:39:57.165+0530][gc,heap     ] GC(8) Humongous regions: 129->129
[2026-05-12T18:39:57.165+0530][gc,metaspace] GC(8) Metaspace: 44049K(44672K)->44049K(44672K) NonClass: 38640K(38976K)->38640K(38976K) Class: 5408K(5696K)->5408K(5696K)
[2026-05-12T18:39:57.165+0530][gc          ] GC(8) Pause Young (Normal) (G1 Evacuation Pause) 197M->151M(1024M) 6.894ms
[2026-05-12T18:39:57.165+0530][gc,cpu      ] GC(8) User=0.03s Sys=0.00s Real=0.01s
[2026-05-12T18:45:53.784+0530][gc,start    ] GC(9) Pause Young (Normal) (G1 Evacuation Pause)
[2026-05-12T18:45:53.784+0530][gc,task     ] GC(9) Using 8 workers of 8 for evacuation
[2026-05-12T18:45:53.790+0530][gc,phases   ] GC(9)   Pre Evacuate Collection Set: 0.1ms
[2026-05-12T18:45:53.790+0530][gc,phases   ] GC(9)   Merge Heap Roots: 0.1ms
[2026-05-12T18:45:53.790+0530][gc,phases   ] GC(9)   Evacuate Collection Set: 5.1ms
[2026-05-12T18:45:53.790+0530][gc,phases   ] GC(9)   Post Evacuate Collection Set: 0.3ms
[2026-05-12T18:45:53.790+0530][gc,phases   ] GC(9)   Other: 0.8ms
[2026-05-12T18:45:53.790+0530][gc,heap     ] GC(9) Eden regions: 46->0(45)
[2026-05-12T18:45:53.790+0530][gc,heap     ] GC(9) Survivor regions: 5->6(7)
[2026-05-12T18:45:53.790+0530][gc,heap     ] GC(9) Old regions: 18->19
[2026-05-12T18:45:53.790+0530][gc,heap     ] GC(9) Archive regions: 2->2
[2026-05-12T18:45:53.790+0530][gc,heap     ] GC(9) Humongous regions: 129->129
[2026-05-12T18:45:53.790+0530][gc,metaspace] GC(9) Metaspace: 44296K(44928K)->44296K(44928K) NonClass: 38884K(39232K)->38884K(39232K) Class: 5412K(5696K)->5412K(5696K)
[2026-05-12T18:45:53.790+0530][gc          ] GC(9) Pause Young (Normal) (G1 Evacuation Pause) 197M->153M(1024M) 6.611ms
[2026-05-12T18:45:53.790+0530][gc,cpu      ] GC(9) User=0.03s Sys=0.00s Real=0.01s
[2026-05-12T19:27:31.328+0530][gc,start    ] GC(10) Pause Young (Normal) (G1 Evacuation Pause)
[2026-05-12T19:27:31.330+0530][gc,task     ] GC(10) Using 8 workers of 8 for evacuation
[2026-05-12T19:27:31.364+0530][gc,mmu      ] GC(10) MMU target violated: 21.0ms (20.0ms/21.0ms)
[2026-05-12T19:27:31.364+0530][gc,phases   ] GC(10)   Pre Evacuate Collection Set: 0.5ms
[2026-05-12T19:27:31.364+0530][gc,phases   ] GC(10)   Merge Heap Roots: 0.2ms
[2026-05-12T19:27:31.364+0530][gc,phases   ] GC(10)   Evacuate Collection Set: 32.6ms
[2026-05-12T19:27:31.364+0530][gc,phases   ] GC(10)   Post Evacuate Collection Set: 0.4ms
[2026-05-12T19:27:31.364+0530][gc,phases   ] GC(10)   Other: 2.0ms
[2026-05-12T19:27:31.364+0530][gc,heap     ] GC(10) Eden regions: 45->0(45)
[2026-05-12T19:27:31.364+0530][gc,heap     ] GC(10) Survivor regions: 6->6(7)
[2026-05-12T19:27:31.364+0530][gc,heap     ] GC(10) Old regions: 19->21
[2026-05-12T19:27:31.364+0530][gc,heap     ] GC(10) Archive regions: 2->2
[2026-05-12T19:27:31.364+0530][gc,heap     ] GC(10) Humongous regions: 129->129
[2026-05-12T19:27:31.364+0530][gc,metaspace] GC(10) Metaspace: 44452K(45056K)->44452K(45056K) NonClass: 39032K(39360K)->39032K(39360K) Class: 5419K(5696K)->5419K(5696K)
[2026-05-12T19:27:31.364+0530][gc          ] GC(10) Pause Young (Normal) (G1 Evacuation Pause) 198M->156M(1024M) 35.847ms
[2026-05-12T19:27:31.364+0530][gc,cpu      ] GC(10) User=0.05s Sys=0.09s Real=0.04s
[2026-05-12T19:29:49.189+0530][gc,start    ] GC(11) Pause Young (Normal) (G1 Evacuation Pause)
[2026-05-12T19:29:49.191+0530][gc,task     ] GC(11) Using 8 workers of 8 for evacuation
[2026-05-12T19:29:49.195+0530][gc,phases   ] GC(11)   Pre Evacuate Collection Set: 0.1ms
[2026-05-12T19:29:49.195+0530][gc,phases   ] GC(11)   Merge Heap Roots: 0.1ms
[2026-05-12T19:29:49.195+0530][gc,phases   ] GC(11)   Evacuate Collection Set: 3.7ms
[2026-05-12T19:29:49.196+0530][gc,phases   ] GC(11)   Post Evacuate Collection Set: 0.2ms
[2026-05-12T19:29:49.196+0530][gc,phases   ] GC(11)   Other: 2.0ms
[2026-05-12T19:29:49.196+0530][gc,heap     ] GC(11) Eden regions: 45->0(65)
[2026-05-12T19:29:49.196+0530][gc,heap     ] GC(11) Survivor regions: 6->4(7)
[2026-05-12T19:29:49.196+0530][gc,heap     ] GC(11) Old regions: 21->23
[2026-05-12T19:29:49.196+0530][gc,heap     ] GC(11) Archive regions: 2->2
[2026-05-12T19:29:49.196+0530][gc,heap     ] GC(11) Humongous regions: 129->129
[2026-05-12T19:29:49.196+0530][gc,metaspace] GC(11) Metaspace: 44542K(45120K)->44542K(45120K) NonClass: 39123K(39424K)->39123K(39424K) Class: 5419K(5696K)->5419K(5696K)
[2026-05-12T19:29:49.196+0530][gc          ] GC(11) Pause Young (Normal) (G1 Evacuation Pause) 201M->156M(1024M) 6.198ms
[2026-05-12T19:29:49.196+0530][gc,cpu      ] GC(11) User=0.02s Sys=0.01s Real=0.01s
[2026-05-12T19:33:12.041+0530][gc,start    ] GC(12) Pause Young (Normal) (G1 Evacuation Pause)
[2026-05-12T19:33:12.046+0530][gc,task     ] GC(12) Using 8 workers of 8 for evacuation
[2026-05-12T19:33:12.053+0530][gc,phases   ] GC(12)   Pre Evacuate Collection Set: 0.1ms
[2026-05-12T19:33:12.053+0530][gc,phases   ] GC(12)   Merge Heap Roots: 0.1ms
[2026-05-12T19:33:12.053+0530][gc,phases   ] GC(12)   Evacuate Collection Set: 2.9ms
[2026-05-12T19:33:12.053+0530][gc,phases   ] GC(12)   Post Evacuate Collection Set: 0.3ms
[2026-05-12T19:33:12.054+0530][gc,phases   ] GC(12)   Other: 9.1ms
[2026-05-12T19:33:12.054+0530][gc,heap     ] GC(12) Eden regions: 65->0(610)
[2026-05-12T19:33:12.054+0530][gc,heap     ] GC(12) Survivor regions: 4->4(9)
[2026-05-12T19:33:12.054+0530][gc,heap     ] GC(12) Old regions: 23->23
[2026-05-12T19:33:12.054+0530][gc,heap     ] GC(12) Archive regions: 2->2
[2026-05-12T19:33:12.054+0530][gc,heap     ] GC(12) Humongous regions: 129->129
[2026-05-12T19:33:12.054+0530][gc,metaspace] GC(12) Metaspace: 44587K(45248K)->44587K(45248K) NonClass: 39167K(39552K)->39167K(39552K) Class: 5419K(5696K)->5419K(5696K)
[2026-05-12T19:33:12.054+0530][gc          ] GC(12) Pause Young (Normal) (G1 Evacuation Pause) 221M->155M(1024M) 12.587ms
[2026-05-12T19:33:12.054+0530][gc,cpu      ] GC(12) User=0.02s Sys=0.01s Real=0.01s
[2026-05-12T20:05:32.900+0530][gc,start    ] GC(13) Pause Young (Normal) (G1 Evacuation Pause)
[2026-05-12T20:05:32.901+0530][gc,task     ] GC(13) Using 8 workers of 8 for evacuation
[2026-05-12T20:05:32.913+0530][gc,phases   ] GC(13)   Pre Evacuate Collection Set: 0.2ms
[2026-05-12T20:05:32.914+0530][gc,phases   ] GC(13)   Merge Heap Roots: 0.1ms
[2026-05-12T20:05:32.914+0530][gc,phases   ] GC(13)   Evacuate Collection Set: 10.4ms
[2026-05-12T20:05:32.914+0530][gc,phases   ] GC(13)   Post Evacuate Collection Set: 0.8ms
[2026-05-12T20:05:32.914+0530][gc,phases   ] GC(13)   Other: 2.2ms
[2026-05-12T20:05:32.914+0530][gc,heap     ] GC(13) Eden regions: 610->0(610)
[2026-05-12T20:05:32.914+0530][gc,heap     ] GC(13) Survivor regions: 4->4(77)
[2026-05-12T20:05:32.914+0530][gc,heap     ] GC(13) Old regions: 23->23
[2026-05-12T20:05:32.914+0530][gc,heap     ] GC(13) Archive regions: 2->2
[2026-05-12T20:05:32.914+0530][gc,heap     ] GC(13) Humongous regions: 129->129
[2026-05-12T20:05:32.914+0530][gc,metaspace] GC(13) Metaspace: 44704K(45312K)->44704K(45312K) NonClass: 39281K(39616K)->39281K(39616K) Class: 5423K(5696K)->5423K(5696K)
[2026-05-12T20:05:32.914+0530][gc          ] GC(13) Pause Young (Normal) (G1 Evacuation Pause) 765M->156M(1024M) 14.949ms
[2026-05-12T20:05:32.914+0530][gc,cpu      ] GC(13) User=0.03s Sys=0.04s Real=0.01s
[2026-05-12T20:19:35.732+0530][gc,heap,exit] Heap
[2026-05-12T20:19:35.733+0530][gc,heap,exit]  garbage-first heap   total 1048576K, used 442660K [0x00000007c0000000, 0x0000000800000000)
[2026-05-12T20:19:35.733+0530][gc,heap,exit]   region size 1024K, 281 young (287744K), 4 survivors (4096K)
[2026-05-12T20:19:35.733+0530][gc,heap,exit]  Metaspace       used 45687K, committed 46336K, reserved 1114112K
[2026-05-12T20:19:35.733+0530][gc,heap,exit]   class space    used 5637K, committed 5888K, reserved 1048576K
