[2026-04-30T11:53:29.324+0530][gc] Using G1
[2026-04-30T11:53:29.327+0530][gc,init] Version: 17.0.8+9-LTS-211 (release)
[2026-04-30T11:53:29.327+0530][gc,init] CPUs: 8 total, 8 available
[2026-04-30T11:53:29.327+0530][gc,init] Memory: 16384M
[2026-04-30T11:53:29.327+0530][gc,init] Large Page Support: Disabled
[2026-04-30T11:53:29.327+0530][gc,init] NUMA Support: Disabled
[2026-04-30T11:53:29.327+0530][gc,init] Compressed Oops: Enabled (Zero based)
[2026-04-30T11:53:29.327+0530][gc,init] Heap Region Size: 1M
[2026-04-30T11:53:29.327+0530][gc,init] Heap Min Capacity: 512M
[2026-04-30T11:53:29.328+0530][gc,init] Heap Initial Capacity: 512M
[2026-04-30T11:53:29.328+0530][gc,init] Heap Max Capacity: 512M
[2026-04-30T11:53:29.328+0530][gc,init] Pre-touch: Disabled
[2026-04-30T11:53:29.328+0530][gc,init] Parallel Workers: 8
[2026-04-30T11:53:29.328+0530][gc,init] Concurrent Workers: 2
[2026-04-30T11:53:29.328+0530][gc,init] Concurrent Refinement Workers: 8
[2026-04-30T11:53:29.328+0530][gc,init] Periodic GC: Disabled
[2026-04-30T11:53:29.336+0530][gc,metaspace] CDS archive(s) mapped at: [0x000000012d000000-0x000000012dbe4000-0x000000012dbe4000), size 12468224, SharedBaseAddress: 0x000000012d000000, ArchiveRelocationMode: 1.
[2026-04-30T11:53:29.336+0530][gc,metaspace] Compressed class space mapped at: 0x000000012e000000-0x000000016e000000, reserved size: 1073741824
[2026-04-30T11:53:29.336+0530][gc,metaspace] Narrow klass base: 0x000000012d000000, Narrow klass shift: 0, Narrow klass range: 0x100000000
[2026-04-30T11:54:15.753+0530][gc,start    ] GC(0) Pause Young (Normal) (G1 Evacuation Pause)
[2026-04-30T11:54:15.754+0530][gc,task     ] GC(0) Using 8 workers of 8 for evacuation
[2026-04-30T11:54:15.759+0530][gc,phases   ] GC(0)   Pre Evacuate Collection Set: 0.1ms
[2026-04-30T11:54:15.759+0530][gc,phases   ] GC(0)   Merge Heap Roots: 0.1ms
[2026-04-30T11:54:15.759+0530][gc,phases   ] GC(0)   Evacuate Collection Set: 4.4ms
[2026-04-30T11:54:15.759+0530][gc,phases   ] GC(0)   Post Evacuate Collection Set: 0.4ms
[2026-04-30T11:54:15.760+0530][gc,phases   ] GC(0)   Other: 0.8ms
[2026-04-30T11:54:15.760+0530][gc,heap     ] GC(0) Eden regions: 25->0(21)
[2026-04-30T11:54:15.760+0530][gc,heap     ] GC(0) Survivor regions: 0->4(4)
[2026-04-30T11:54:15.760+0530][gc,heap     ] GC(0) Old regions: 0->4
[2026-04-30T11:54:15.760+0530][gc,heap     ] GC(0) Archive regions: 2->2
[2026-04-30T11:54:15.760+0530][gc,heap     ] GC(0) Humongous regions: 0->0
[2026-04-30T11:54:15.760+0530][gc,metaspace] GC(0) Metaspace: 7898K(8128K)->7898K(8128K) NonClass: 6992K(7104K)->6992K(7104K) Class: 905K(1024K)->905K(1024K)
[2026-04-30T11:54:15.760+0530][gc          ] GC(0) Pause Young (Normal) (G1 Evacuation Pause) 25M->8M(512M) 6.146ms
[2026-04-30T11:54:15.760+0530][gc,cpu      ] GC(0) User=0.02s Sys=0.02s Real=0.01s
[2026-04-30T13:15:58.049+0530][gc,start    ] GC(1) Pause Young (Normal) (G1 Evacuation Pause)
[2026-04-30T13:15:58.049+0530][gc,task     ] GC(1) Using 8 workers of 8 for evacuation
[2026-04-30T13:15:58.063+0530][gc,phases   ] GC(1)   Pre Evacuate Collection Set: 0.5ms
[2026-04-30T13:15:58.063+0530][gc,phases   ] GC(1)   Merge Heap Roots: 0.1ms
[2026-04-30T13:15:58.063+0530][gc,phases   ] GC(1)   Evacuate Collection Set: 12.7ms
[2026-04-30T13:15:58.063+0530][gc,phases   ] GC(1)   Post Evacuate Collection Set: 0.4ms
[2026-04-30T13:15:58.063+0530][gc,phases   ] GC(1)   Other: 0.6ms
[2026-04-30T13:15:58.063+0530][gc,heap     ] GC(1) Eden regions: 21->0(24)
[2026-04-30T13:15:58.063+0530][gc,heap     ] GC(1) Survivor regions: 4->1(4)
[2026-04-30T13:15:58.063+0530][gc,heap     ] GC(1) Old regions: 4->8
[2026-04-30T13:15:58.063+0530][gc,heap     ] GC(1) Archive regions: 2->2
[2026-04-30T13:15:58.063+0530][gc,heap     ] GC(1) Humongous regions: 0->0
[2026-04-30T13:15:58.063+0530][gc,metaspace] GC(1) Metaspace: 8718K(8896K)->8718K(8896K) NonClass: 7787K(7872K)->7787K(7872K) Class: 931K(1024K)->931K(1024K)
[2026-04-30T13:15:58.063+0530][gc          ] GC(1) Pause Young (Normal) (G1 Evacuation Pause) 29M->9M(512M) 14.498ms
[2026-04-30T13:15:58.063+0530][gc,cpu      ] GC(1) User=0.02s Sys=0.06s Real=0.02s
[2026-04-30T15:23:26.767+0530][gc,heap,exit] Heap
[2026-04-30T15:23:26.768+0530][gc,heap,exit]  garbage-first heap   total 524288K, used 32202K [0x00000007e0000000, 0x0000000800000000)
[2026-04-30T15:23:26.768+0530][gc,heap,exit]   region size 1024K, 23 young (23552K), 1 survivors (1024K)
[2026-04-30T15:23:26.768+0530][gc,heap,exit]  Metaspace       used 8807K, committed 8960K, reserved 1114112K
[2026-04-30T15:23:26.768+0530][gc,heap,exit]   class space    used 931K, committed 1024K, reserved 1048576K
