[2026-05-13T10:45:35.773+0530][gc] Using G1
[2026-05-13T10:45:35.780+0530][gc,init] Version: 17.0.8+9-LTS-211 (release)
[2026-05-13T10:45:35.780+0530][gc,init] CPUs: 8 total, 8 available
[2026-05-13T10:45:35.780+0530][gc,init] Memory: 16384M
[2026-05-13T10:45:35.780+0530][gc,init] Large Page Support: Disabled
[2026-05-13T10:45:35.780+0530][gc,init] NUMA Support: Disabled
[2026-05-13T10:45:35.780+0530][gc,init] Compressed Oops: Enabled (Zero based)
[2026-05-13T10:45:35.780+0530][gc,init] Heap Region Size: 1M
[2026-05-13T10:45:35.780+0530][gc,init] Heap Min Capacity: 1G
[2026-05-13T10:45:35.780+0530][gc,init] Heap Initial Capacity: 1G
[2026-05-13T10:45:35.780+0530][gc,init] Heap Max Capacity: 1G
[2026-05-13T10:45:35.780+0530][gc,init] Pre-touch: Disabled
[2026-05-13T10:45:35.780+0530][gc,init] Parallel Workers: 8
[2026-05-13T10:45:35.780+0530][gc,init] Concurrent Workers: 2
[2026-05-13T10:45:35.780+0530][gc,init] Concurrent Refinement Workers: 8
[2026-05-13T10:45:35.780+0530][gc,init] Periodic GC: Disabled
[2026-05-13T10:45:35.788+0530][gc,metaspace] CDS archive(s) mapped at: [0x000000012a000000-0x000000012abe4000-0x000000012abe4000), size 12468224, SharedBaseAddress: 0x000000012a000000, ArchiveRelocationMode: 1.
[2026-05-13T10:45:35.788+0530][gc,metaspace] Compressed class space mapped at: 0x000000012b000000-0x000000016b000000, reserved size: 1073741824
[2026-05-13T10:45:35.788+0530][gc,metaspace] Narrow klass base: 0x000000012a000000, Narrow klass shift: 0, Narrow klass range: 0x100000000
[2026-05-13T10:45:37.202+0530][gc,start    ] GC(0) Pause Young (Normal) (G1 Evacuation Pause)
[2026-05-13T10:45:37.203+0530][gc,task     ] GC(0) Using 8 workers of 8 for evacuation
[2026-05-13T10:45:37.208+0530][gc,phases   ] GC(0)   Pre Evacuate Collection Set: 0.1ms
[2026-05-13T10:45:37.208+0530][gc,phases   ] GC(0)   Merge Heap Roots: 0.1ms
[2026-05-13T10:45:37.208+0530][gc,phases   ] GC(0)   Evacuate Collection Set: 4.5ms
[2026-05-13T10:45:37.208+0530][gc,phases   ] GC(0)   Post Evacuate Collection Set: 0.4ms
[2026-05-13T10:45:37.208+0530][gc,phases   ] GC(0)   Other: 0.6ms
[2026-05-13T10:45:37.208+0530][gc,heap     ] GC(0) Eden regions: 51->0(44)
[2026-05-13T10:45:37.208+0530][gc,heap     ] GC(0) Survivor regions: 0->7(7)
[2026-05-13T10:45:37.208+0530][gc,heap     ] GC(0) Old regions: 0->1
[2026-05-13T10:45:37.208+0530][gc,heap     ] GC(0) Archive regions: 2->2
[2026-05-13T10:45:37.208+0530][gc,heap     ] GC(0) Humongous regions: 0->0
[2026-05-13T10:45:37.208+0530][gc,metaspace] GC(0) Metaspace: 17421K(17600K)->17421K(17600K) NonClass: 15296K(15424K)->15296K(15424K) Class: 2125K(2176K)->2125K(2176K)
[2026-05-13T10:45:37.208+0530][gc          ] GC(0) Pause Young (Normal) (G1 Evacuation Pause) 51M->8M(1024M) 5.803ms
[2026-05-13T10:45:37.208+0530][gc,cpu      ] GC(0) User=0.02s Sys=0.01s Real=0.00s
[2026-05-13T10:45:37.483+0530][gc,start    ] GC(1) Pause Young (Concurrent Start) (Metadata GC Threshold)
[2026-05-13T10:45:37.483+0530][gc,task     ] GC(1) Using 8 workers of 8 for evacuation
[2026-05-13T10:45:37.488+0530][gc,phases   ] GC(1)   Pre Evacuate Collection Set: 0.1ms
[2026-05-13T10:45:37.488+0530][gc,phases   ] GC(1)   Merge Heap Roots: 0.1ms
[2026-05-13T10:45:37.488+0530][gc,phases   ] GC(1)   Evacuate Collection Set: 4.1ms
[2026-05-13T10:45:37.488+0530][gc,phases   ] GC(1)   Post Evacuate Collection Set: 0.4ms
[2026-05-13T10:45:37.488+0530][gc,phases   ] GC(1)   Other: 0.2ms
[2026-05-13T10:45:37.488+0530][gc,heap     ] GC(1) Eden regions: 16->0(50)
[2026-05-13T10:45:37.488+0530][gc,heap     ] GC(1) Survivor regions: 7->1(7)
[2026-05-13T10:45:37.488+0530][gc,heap     ] GC(1) Old regions: 1->8
[2026-05-13T10:45:37.488+0530][gc,heap     ] GC(1) Archive regions: 2->2
[2026-05-13T10:45:37.488+0530][gc,heap     ] GC(1) Humongous regions: 0->0
[2026-05-13T10:45:37.488+0530][gc,metaspace] GC(1) Metaspace: 21297K(21504K)->21297K(21504K) NonClass: 18673K(18816K)->18673K(18816K) Class: 2624K(2688K)->2624K(2688K)
[2026-05-13T10:45:37.488+0530][gc          ] GC(1) Pause Young (Concurrent Start) (Metadata GC Threshold) 24M->9M(1024M) 5.113ms
[2026-05-13T10:45:37.488+0530][gc,cpu      ] GC(1) User=0.02s Sys=0.01s Real=0.00s
[2026-05-13T10:45:37.488+0530][gc          ] GC(2) Concurrent Mark Cycle
[2026-05-13T10:45:37.489+0530][gc,marking  ] GC(2) Concurrent Clear Claimed Marks
[2026-05-13T10:45:37.489+0530][gc,marking  ] GC(2) Concurrent Clear Claimed Marks 0.015ms
[2026-05-13T10:45:37.489+0530][gc,marking  ] GC(2) Concurrent Scan Root Regions
[2026-05-13T10:45:37.491+0530][gc,marking  ] GC(2) Concurrent Scan Root Regions 1.937ms
[2026-05-13T10:45:37.491+0530][gc,marking  ] GC(2) Concurrent Mark
[2026-05-13T10:45:37.491+0530][gc,marking  ] GC(2) Concurrent Mark From Roots
[2026-05-13T10:45:37.491+0530][gc,task     ] GC(2) Using 2 workers of 2 for marking
[2026-05-13T10:45:37.492+0530][gc,marking  ] GC(2) Concurrent Mark From Roots 1.564ms
[2026-05-13T10:45:37.492+0530][gc,marking  ] GC(2) Concurrent Preclean
[2026-05-13T10:45:37.492+0530][gc,marking  ] GC(2) Concurrent Preclean 0.038ms
[2026-05-13T10:45:37.492+0530][gc,start    ] GC(2) Pause Remark
[2026-05-13T10:45:37.494+0530][gc          ] GC(2) Pause Remark 10M->10M(1024M) 1.518ms
[2026-05-13T10:45:37.494+0530][gc,cpu      ] GC(2) User=0.00s Sys=0.00s Real=0.00s
[2026-05-13T10:45:37.494+0530][gc,marking  ] GC(2) Concurrent Mark 3.428ms
[2026-05-13T10:45:37.494+0530][gc,marking  ] GC(2) Concurrent Rebuild Remembered Sets
[2026-05-13T10:45:37.494+0530][gc,marking  ] GC(2) Concurrent Rebuild Remembered Sets 0.018ms
[2026-05-13T10:45:37.494+0530][gc,start    ] GC(2) Pause Cleanup
[2026-05-13T10:45:37.494+0530][gc          ] GC(2) Pause Cleanup 10M->10M(1024M) 0.024ms
[2026-05-13T10:45:37.494+0530][gc,cpu      ] GC(2) User=0.00s Sys=0.00s Real=0.00s
[2026-05-13T10:45:37.494+0530][gc,marking  ] GC(2) Concurrent Cleanup for Next Mark
[2026-05-13T10:45:37.500+0530][gc,marking  ] GC(2) Concurrent Cleanup for Next Mark 5.350ms
[2026-05-13T10:45:37.500+0530][gc          ] GC(2) Concurrent Mark Cycle 11.100ms
[2026-05-13T10:45:38.367+0530][gc,start    ] GC(3) Pause Young (Normal) (G1 Evacuation Pause)
[2026-05-13T10:45:38.367+0530][gc,task     ] GC(3) Using 8 workers of 8 for evacuation
[2026-05-13T10:45:38.370+0530][gc,phases   ] GC(3)   Pre Evacuate Collection Set: 0.1ms
[2026-05-13T10:45:38.371+0530][gc,phases   ] GC(3)   Merge Heap Roots: 0.1ms
[2026-05-13T10:45:38.371+0530][gc,phases   ] GC(3)   Evacuate Collection Set: 3.3ms
[2026-05-13T10:45:38.371+0530][gc,phases   ] GC(3)   Post Evacuate Collection Set: 0.3ms
[2026-05-13T10:45:38.371+0530][gc,phases   ] GC(3)   Other: 0.1ms
[2026-05-13T10:45:38.371+0530][gc,heap     ] GC(3) Eden regions: 50->0(45)
[2026-05-13T10:45:38.371+0530][gc,heap     ] GC(3) Survivor regions: 1->6(7)
[2026-05-13T10:45:38.371+0530][gc,heap     ] GC(3) Old regions: 8->8
[2026-05-13T10:45:38.371+0530][gc,heap     ] GC(3) Archive regions: 2->2
[2026-05-13T10:45:38.371+0530][gc,heap     ] GC(3) Humongous regions: 129->129
[2026-05-13T10:45:38.371+0530][gc,metaspace] GC(3) Metaspace: 32502K(32704K)->32502K(32704K) NonClass: 28814K(28928K)->28814K(28928K) Class: 3687K(3776K)->3687K(3776K)
[2026-05-13T10:45:38.371+0530][gc          ] GC(3) Pause Young (Normal) (G1 Evacuation Pause) 188M->143M(1024M) 4.006ms
[2026-05-13T10:45:38.371+0530][gc,cpu      ] GC(3) User=0.03s Sys=0.01s Real=0.01s
[2026-05-13T10:45:38.557+0530][gc,start    ] GC(4) Pause Young (Concurrent Start) (Metadata GC Threshold)
[2026-05-13T10:45:38.557+0530][gc,task     ] GC(4) Using 8 workers of 8 for evacuation
[2026-05-13T10:45:38.563+0530][gc,phases   ] GC(4)   Pre Evacuate Collection Set: 0.1ms
[2026-05-13T10:45:38.563+0530][gc,phases   ] GC(4)   Merge Heap Roots: 0.1ms
[2026-05-13T10:45:38.563+0530][gc,phases   ] GC(4)   Evacuate Collection Set: 4.8ms
[2026-05-13T10:45:38.563+0530][gc,phases   ] GC(4)   Post Evacuate Collection Set: 0.3ms
[2026-05-13T10:45:38.563+0530][gc,phases   ] GC(4)   Other: 0.2ms
[2026-05-13T10:45:38.563+0530][gc,heap     ] GC(4) Eden regions: 14->0(49)
[2026-05-13T10:45:38.563+0530][gc,heap     ] GC(4) Survivor regions: 6->2(7)
[2026-05-13T10:45:38.563+0530][gc,heap     ] GC(4) Old regions: 8->14
[2026-05-13T10:45:38.563+0530][gc,heap     ] GC(4) Archive regions: 2->2
[2026-05-13T10:45:38.563+0530][gc,heap     ] GC(4) Humongous regions: 129->129
[2026-05-13T10:45:38.563+0530][gc,metaspace] GC(4) Metaspace: 35818K(36096K)->35818K(36096K) NonClass: 31826K(31936K)->31826K(31936K) Class: 3991K(4160K)->3991K(4160K)
[2026-05-13T10:45:38.563+0530][gc          ] GC(4) Pause Young (Concurrent Start) (Metadata GC Threshold) 157M->144M(1024M) 5.569ms
[2026-05-13T10:45:38.563+0530][gc,cpu      ] GC(4) User=0.03s Sys=0.00s Real=0.01s
[2026-05-13T10:45:38.563+0530][gc          ] GC(5) Concurrent Mark Cycle
[2026-05-13T10:45:38.563+0530][gc,marking  ] GC(5) Concurrent Clear Claimed Marks
[2026-05-13T10:45:38.563+0530][gc,marking  ] GC(5) Concurrent Clear Claimed Marks 0.016ms
[2026-05-13T10:45:38.563+0530][gc,marking  ] GC(5) Concurrent Scan Root Regions
[2026-05-13T10:45:38.567+0530][gc,marking  ] GC(5) Concurrent Scan Root Regions 3.978ms
[2026-05-13T10:45:38.567+0530][gc,marking  ] GC(5) Concurrent Mark
[2026-05-13T10:45:38.567+0530][gc,marking  ] GC(5) Concurrent Mark From Roots
[2026-05-13T10:45:38.567+0530][gc,task     ] GC(5) Using 2 workers of 2 for marking
[2026-05-13T10:45:38.574+0530][gc,marking  ] GC(5) Concurrent Mark From Roots 6.922ms
[2026-05-13T10:45:38.574+0530][gc,marking  ] GC(5) Concurrent Preclean
[2026-05-13T10:45:38.574+0530][gc,marking  ] GC(5) Concurrent Preclean 0.101ms
[2026-05-13T10:45:38.574+0530][gc,start    ] GC(5) Pause Remark
[2026-05-13T10:45:38.575+0530][gc          ] GC(5) Pause Remark 145M->145M(1024M) 1.171ms
[2026-05-13T10:45:38.575+0530][gc,cpu      ] GC(5) User=0.01s Sys=0.01s Real=0.00s
[2026-05-13T10:45:38.575+0530][gc,marking  ] GC(5) Concurrent Mark 8.516ms
[2026-05-13T10:45:38.575+0530][gc,marking  ] GC(5) Concurrent Rebuild Remembered Sets
[2026-05-13T10:45:38.581+0530][gc,marking  ] GC(5) Concurrent Rebuild Remembered Sets 5.848ms
[2026-05-13T10:45:38.581+0530][gc,start    ] GC(5) Pause Cleanup
[2026-05-13T10:45:38.582+0530][gc          ] GC(5) Pause Cleanup 146M->146M(1024M) 0.187ms
[2026-05-13T10:45:38.582+0530][gc,cpu      ] GC(5) User=0.00s Sys=0.00s Real=0.00s
[2026-05-13T10:45:38.582+0530][gc,marking  ] GC(5) Concurrent Cleanup for Next Mark
[2026-05-13T10:45:38.588+0530][gc,marking  ] GC(5) Concurrent Cleanup for Next Mark 6.068ms
[2026-05-13T10:45:38.588+0530][gc          ] GC(5) Concurrent Mark Cycle 24.971ms
[2026-05-13T10:46:48.700+0530][gc,heap,exit] Heap
[2026-05-13T10:46:48.700+0530][gc,heap,exit]  garbage-first heap   total 1048576K, used 181634K [0x00000007c0000000, 0x0000000800000000)
[2026-05-13T10:46:48.700+0530][gc,heap,exit]   region size 1024K, 35 young (35840K), 2 survivors (2048K)
[2026-05-13T10:46:48.700+0530][gc,heap,exit]  Metaspace       used 41041K, committed 41600K, reserved 1114112K
[2026-05-13T10:46:48.700+0530][gc,heap,exit]   class space    used 4984K, committed 5184K, reserved 1048576K
