[2026-05-12T18:20:09.655+0530][gc] Using G1
[2026-05-12T18:20:09.661+0530][gc,init] Version: 17.0.8+9-LTS-211 (release)
[2026-05-12T18:20:09.661+0530][gc,init] CPUs: 8 total, 8 available
[2026-05-12T18:20:09.661+0530][gc,init] Memory: 16384M
[2026-05-12T18:20:09.661+0530][gc,init] Large Page Support: Disabled
[2026-05-12T18:20:09.661+0530][gc,init] NUMA Support: Disabled
[2026-05-12T18:20:09.661+0530][gc,init] Compressed Oops: Enabled (Zero based)
[2026-05-12T18:20:09.661+0530][gc,init] Heap Region Size: 1M
[2026-05-12T18:20:09.661+0530][gc,init] Heap Min Capacity: 1G
[2026-05-12T18:20:09.661+0530][gc,init] Heap Initial Capacity: 1G
[2026-05-12T18:20:09.661+0530][gc,init] Heap Max Capacity: 1G
[2026-05-12T18:20:09.661+0530][gc,init] Pre-touch: Disabled
[2026-05-12T18:20:09.661+0530][gc,init] Parallel Workers: 8
[2026-05-12T18:20:09.661+0530][gc,init] Concurrent Workers: 2
[2026-05-12T18:20:09.661+0530][gc,init] Concurrent Refinement Workers: 8
[2026-05-12T18:20:09.661+0530][gc,init] Periodic GC: Disabled
[2026-05-12T18:20:09.669+0530][gc,metaspace] CDS archive(s) mapped at: [0x000000011e000000-0x000000011ebe4000-0x000000011ebe4000), size 12468224, SharedBaseAddress: 0x000000011e000000, ArchiveRelocationMode: 1.
[2026-05-12T18:20:09.669+0530][gc,metaspace] Compressed class space mapped at: 0x000000011f000000-0x000000015f000000, reserved size: 1073741824
[2026-05-12T18:20:09.669+0530][gc,metaspace] Narrow klass base: 0x000000011e000000, Narrow klass shift: 0, Narrow klass range: 0x100000000
[2026-05-12T18:20:11.128+0530][gc,start    ] GC(0) Pause Young (Normal) (G1 Evacuation Pause)
[2026-05-12T18:20:11.129+0530][gc,task     ] GC(0) Using 8 workers of 8 for evacuation
[2026-05-12T18:20:11.135+0530][gc,phases   ] GC(0)   Pre Evacuate Collection Set: 0.1ms
[2026-05-12T18:20:11.135+0530][gc,phases   ] GC(0)   Merge Heap Roots: 0.1ms
[2026-05-12T18:20:11.135+0530][gc,phases   ] GC(0)   Evacuate Collection Set: 5.0ms
[2026-05-12T18:20:11.135+0530][gc,phases   ] GC(0)   Post Evacuate Collection Set: 0.4ms
[2026-05-12T18:20:11.135+0530][gc,phases   ] GC(0)   Other: 0.5ms
[2026-05-12T18:20:11.135+0530][gc,heap     ] GC(0) Eden regions: 51->0(44)
[2026-05-12T18:20:11.135+0530][gc,heap     ] GC(0) Survivor regions: 0->7(7)
[2026-05-12T18:20:11.135+0530][gc,heap     ] GC(0) Old regions: 0->2
[2026-05-12T18:20:11.135+0530][gc,heap     ] GC(0) Archive regions: 2->2
[2026-05-12T18:20:11.135+0530][gc,heap     ] GC(0) Humongous regions: 0->0
[2026-05-12T18:20:11.135+0530][gc,metaspace] GC(0) Metaspace: 17425K(17536K)->17425K(17536K) NonClass: 15302K(15360K)->15302K(15360K) Class: 2122K(2176K)->2122K(2176K)
[2026-05-12T18:20:11.135+0530][gc          ] GC(0) Pause Young (Normal) (G1 Evacuation Pause) 51M->9M(1024M) 6.322ms
[2026-05-12T18:20:11.135+0530][gc,cpu      ] GC(0) User=0.03s Sys=0.02s Real=0.01s
[2026-05-12T18:20:11.497+0530][gc,start    ] GC(1) Pause Young (Concurrent Start) (Metadata GC Threshold)
[2026-05-12T18:20:11.497+0530][gc,task     ] GC(1) Using 8 workers of 8 for evacuation
[2026-05-12T18:20:11.503+0530][gc,phases   ] GC(1)   Pre Evacuate Collection Set: 0.1ms
[2026-05-12T18:20:11.503+0530][gc,phases   ] GC(1)   Merge Heap Roots: 0.1ms
[2026-05-12T18:20:11.503+0530][gc,phases   ] GC(1)   Evacuate Collection Set: 5.4ms
[2026-05-12T18:20:11.503+0530][gc,phases   ] GC(1)   Post Evacuate Collection Set: 0.4ms
[2026-05-12T18:20:11.503+0530][gc,phases   ] GC(1)   Other: 0.3ms
[2026-05-12T18:20:11.503+0530][gc,heap     ] GC(1) Eden regions: 16->0(49)
[2026-05-12T18:20:11.503+0530][gc,heap     ] GC(1) Survivor regions: 7->2(7)
[2026-05-12T18:20:11.503+0530][gc,heap     ] GC(1) Old regions: 2->8
[2026-05-12T18:20:11.503+0530][gc,heap     ] GC(1) Archive regions: 2->2
[2026-05-12T18:20:11.504+0530][gc,heap     ] GC(1) Humongous regions: 129->129
[2026-05-12T18:20:11.504+0530][gc,metaspace] GC(1) Metaspace: 21344K(21504K)->21344K(21504K) NonClass: 18740K(18816K)->18740K(18816K) Class: 2604K(2688K)->2604K(2688K)
[2026-05-12T18:20:11.504+0530][gc          ] GC(1) Pause Young (Concurrent Start) (Metadata GC Threshold) 153M->139M(1024M) 6.566ms
[2026-05-12T18:20:11.504+0530][gc,cpu      ] GC(1) User=0.03s Sys=0.00s Real=0.01s
[2026-05-12T18:20:11.504+0530][gc          ] GC(2) Concurrent Mark Cycle
[2026-05-12T18:20:11.504+0530][gc,marking  ] GC(2) Concurrent Clear Claimed Marks
[2026-05-12T18:20:11.504+0530][gc,marking  ] GC(2) Concurrent Clear Claimed Marks 0.019ms
[2026-05-12T18:20:11.504+0530][gc,marking  ] GC(2) Concurrent Scan Root Regions
[2026-05-12T18:20:11.507+0530][gc,marking  ] GC(2) Concurrent Scan Root Regions 3.063ms
[2026-05-12T18:20:11.507+0530][gc,marking  ] GC(2) Concurrent Mark
[2026-05-12T18:20:11.507+0530][gc,marking  ] GC(2) Concurrent Mark From Roots
[2026-05-12T18:20:11.507+0530][gc,task     ] GC(2) Using 2 workers of 2 for marking
[2026-05-12T18:20:11.509+0530][gc,marking  ] GC(2) Concurrent Mark From Roots 2.399ms
[2026-05-12T18:20:11.509+0530][gc,marking  ] GC(2) Concurrent Preclean
[2026-05-12T18:20:11.509+0530][gc,marking  ] GC(2) Concurrent Preclean 0.038ms
[2026-05-12T18:20:11.509+0530][gc,start    ] GC(2) Pause Remark
[2026-05-12T18:20:11.511+0530][gc          ] GC(2) Pause Remark 140M->140M(1024M) 1.443ms
[2026-05-12T18:20:11.511+0530][gc,cpu      ] GC(2) User=0.00s Sys=0.00s Real=0.01s
[2026-05-12T18:20:11.511+0530][gc,marking  ] GC(2) Concurrent Mark 4.452ms
[2026-05-12T18:20:11.511+0530][gc,marking  ] GC(2) Concurrent Rebuild Remembered Sets
[2026-05-12T18:20:11.511+0530][gc,marking  ] GC(2) Concurrent Rebuild Remembered Sets 0.012ms
[2026-05-12T18:20:11.511+0530][gc,start    ] GC(2) Pause Cleanup
[2026-05-12T18:20:11.511+0530][gc          ] GC(2) Pause Cleanup 140M->140M(1024M) 0.024ms
[2026-05-12T18:20:11.511+0530][gc,cpu      ] GC(2) User=0.00s Sys=0.00s Real=0.00s
[2026-05-12T18:20:11.511+0530][gc,marking  ] GC(2) Concurrent Cleanup for Next Mark
[2026-05-12T18:20:11.519+0530][gc,marking  ] GC(2) Concurrent Cleanup for Next Mark 7.867ms
[2026-05-12T18:20:11.519+0530][gc          ] GC(2) Concurrent Mark Cycle 15.727ms
[2026-05-12T18:20:12.300+0530][gc,start    ] GC(3) Pause Young (Normal) (G1 Evacuation Pause)
[2026-05-12T18:20:12.300+0530][gc,task     ] GC(3) Using 8 workers of 8 for evacuation
[2026-05-12T18:20:12.305+0530][gc,phases   ] GC(3)   Pre Evacuate Collection Set: 0.1ms
[2026-05-12T18:20:12.305+0530][gc,phases   ] GC(3)   Merge Heap Roots: 0.1ms
[2026-05-12T18:20:12.305+0530][gc,phases   ] GC(3)   Evacuate Collection Set: 4.1ms
[2026-05-12T18:20:12.305+0530][gc,phases   ] GC(3)   Post Evacuate Collection Set: 0.3ms
[2026-05-12T18:20:12.305+0530][gc,phases   ] GC(3)   Other: 0.1ms
[2026-05-12T18:20:12.305+0530][gc,heap     ] GC(3) Eden regions: 49->0(44)
[2026-05-12T18:20:12.305+0530][gc,heap     ] GC(3) Survivor regions: 2->7(7)
[2026-05-12T18:20:12.305+0530][gc,heap     ] GC(3) Old regions: 8->8
[2026-05-12T18:20:12.305+0530][gc,heap     ] GC(3) Archive regions: 2->2
[2026-05-12T18:20:12.305+0530][gc,heap     ] GC(3) Humongous regions: 129->129
[2026-05-12T18:20:12.305+0530][gc,metaspace] GC(3) Metaspace: 32512K(32704K)->32512K(32704K) NonClass: 28897K(28992K)->28897K(28992K) Class: 3614K(3712K)->3614K(3712K)
[2026-05-12T18:20:12.305+0530][gc          ] GC(3) Pause Young (Normal) (G1 Evacuation Pause) 188M->144M(1024M) 4.840ms
[2026-05-12T18:20:12.305+0530][gc,cpu      ] GC(3) User=0.03s Sys=0.00s Real=0.00s
[2026-05-12T18:20:41.385+0530][gc,start    ] GC(4) Pause Young (Concurrent Start) (Metadata GC Threshold)
[2026-05-12T18:20:41.387+0530][gc,task     ] GC(4) Using 8 workers of 8 for evacuation
[2026-05-12T18:20:41.393+0530][gc,phases   ] GC(4)   Pre Evacuate Collection Set: 0.2ms
[2026-05-12T18:20:41.393+0530][gc,phases   ] GC(4)   Merge Heap Roots: 0.1ms
[2026-05-12T18:20:41.393+0530][gc,phases   ] GC(4)   Evacuate Collection Set: 5.1ms
[2026-05-12T18:20:41.393+0530][gc,phases   ] GC(4)   Post Evacuate Collection Set: 0.4ms
[2026-05-12T18:20:41.393+0530][gc,phases   ] GC(4)   Other: 2.3ms
[2026-05-12T18:20:41.393+0530][gc,heap     ] GC(4) Eden regions: 15->0(49)
[2026-05-12T18:20:41.393+0530][gc,heap     ] GC(4) Survivor regions: 7->2(7)
[2026-05-12T18:20:41.393+0530][gc,heap     ] GC(4) Old regions: 8->15
[2026-05-12T18:20:41.393+0530][gc,heap     ] GC(4) Archive regions: 2->2
[2026-05-12T18:20:41.393+0530][gc,heap     ] GC(4) Humongous regions: 129->129
[2026-05-12T18:20:41.393+0530][gc,metaspace] GC(4) Metaspace: 35651K(35968K)->35651K(35968K) NonClass: 31663K(31808K)->31663K(31808K) Class: 3988K(4160K)->3988K(4160K)
[2026-05-12T18:20:41.393+0530][gc          ] GC(4) Pause Young (Concurrent Start) (Metadata GC Threshold) 158M->145M(1024M) 8.269ms
[2026-05-12T18:20:41.393+0530][gc,cpu      ] GC(4) User=0.03s Sys=0.01s Real=0.01s
[2026-05-12T18:20:41.393+0530][gc          ] GC(5) Concurrent Mark Cycle
[2026-05-12T18:20:41.393+0530][gc,marking  ] GC(5) Concurrent Clear Claimed Marks
[2026-05-12T18:20:41.393+0530][gc,marking  ] GC(5) Concurrent Clear Claimed Marks 0.025ms
[2026-05-12T18:20:41.393+0530][gc,marking  ] GC(5) Concurrent Scan Root Regions
[2026-05-12T18:20:41.397+0530][gc,marking  ] GC(5) Concurrent Scan Root Regions 3.849ms
[2026-05-12T18:20:41.397+0530][gc,marking  ] GC(5) Concurrent Mark
[2026-05-12T18:20:41.397+0530][gc,marking  ] GC(5) Concurrent Mark From Roots
[2026-05-12T18:20:41.397+0530][gc,task     ] GC(5) Using 2 workers of 2 for marking
[2026-05-12T18:20:41.403+0530][gc,marking  ] GC(5) Concurrent Mark From Roots 6.002ms
[2026-05-12T18:20:41.413+0530][gc,marking  ] GC(5) Concurrent Preclean
[2026-05-12T18:20:41.413+0530][gc,marking  ] GC(5) Concurrent Preclean 0.225ms
[2026-05-12T18:20:41.413+0530][gc,start    ] GC(5) Pause Remark
[2026-05-12T18:20:41.415+0530][gc          ] GC(5) Pause Remark 146M->146M(1024M) 1.933ms
[2026-05-12T18:20:41.415+0530][gc,cpu      ] GC(5) User=0.00s Sys=0.00s Real=0.00s
[2026-05-12T18:20:41.415+0530][gc,marking  ] GC(5) Concurrent Mark 18.040ms
[2026-05-12T18:20:41.415+0530][gc,marking  ] GC(5) Concurrent Rebuild Remembered Sets
[2026-05-12T18:20:41.421+0530][gc,marking  ] GC(5) Concurrent Rebuild Remembered Sets 5.824ms
[2026-05-12T18:20:41.421+0530][gc,start    ] GC(5) Pause Cleanup
[2026-05-12T18:20:41.422+0530][gc          ] GC(5) Pause Cleanup 146M->146M(1024M) 0.166ms
[2026-05-12T18:20:41.422+0530][gc,cpu      ] GC(5) User=0.00s Sys=0.00s Real=0.00s
[2026-05-12T18:20:41.422+0530][gc,marking  ] GC(5) Concurrent Cleanup for Next Mark
[2026-05-12T18:20:41.427+0530][gc,marking  ] GC(5) Concurrent Cleanup for Next Mark 5.667ms
[2026-05-12T18:20:41.427+0530][gc          ] GC(5) Concurrent Mark Cycle 33.963ms
[2026-05-12T18:28:57.459+0530][gc,start    ] GC(6) Pause Young (Normal) (G1 Evacuation Pause)
[2026-05-12T18:28:57.461+0530][gc,task     ] GC(6) Using 8 workers of 8 for evacuation
[2026-05-12T18:28:57.468+0530][gc,phases   ] GC(6)   Pre Evacuate Collection Set: 0.2ms
[2026-05-12T18:28:57.468+0530][gc,phases   ] GC(6)   Merge Heap Roots: 0.1ms
[2026-05-12T18:28:57.468+0530][gc,phases   ] GC(6)   Evacuate Collection Set: 5.5ms
[2026-05-12T18:28:57.468+0530][gc,phases   ] GC(6)   Post Evacuate Collection Set: 0.7ms
[2026-05-12T18:28:57.468+0530][gc,phases   ] GC(6)   Other: 2.2ms
[2026-05-12T18:28:57.468+0530][gc,heap     ] GC(6) Eden regions: 49->0(46)
[2026-05-12T18:28:57.468+0530][gc,heap     ] GC(6) Survivor regions: 2->5(7)
[2026-05-12T18:28:57.468+0530][gc,heap     ] GC(6) Old regions: 15->15
[2026-05-12T18:28:57.468+0530][gc,heap     ] GC(6) Archive regions: 2->2
[2026-05-12T18:28:57.468+0530][gc,heap     ] GC(6) Humongous regions: 129->129
[2026-05-12T18:28:57.468+0530][gc,metaspace] GC(6) Metaspace: 40748K(41216K)->40748K(41216K) NonClass: 36046K(36288K)->36046K(36288K) Class: 4701K(4928K)->4701K(4928K)
[2026-05-12T18:28:57.468+0530][gc          ] GC(6) Pause Young (Normal) (G1 Evacuation Pause) 194M->148M(1024M) 9.034ms
[2026-05-12T18:28:57.468+0530][gc,cpu      ] GC(6) User=0.04s Sys=0.00s Real=0.01s
[2026-05-12T18:35:43.236+0530][gc,start    ] GC(7) Pause Young (Normal) (G1 Evacuation Pause)
[2026-05-12T18:35:43.238+0530][gc,task     ] GC(7) Using 8 workers of 8 for evacuation
[2026-05-12T18:35:43.242+0530][gc,phases   ] GC(7)   Pre Evacuate Collection Set: 0.2ms
[2026-05-12T18:35:43.242+0530][gc,phases   ] GC(7)   Merge Heap Roots: 0.1ms
[2026-05-12T18:35:43.242+0530][gc,phases   ] GC(7)   Evacuate Collection Set: 3.8ms
[2026-05-12T18:35:43.242+0530][gc,phases   ] GC(7)   Post Evacuate Collection Set: 0.3ms
[2026-05-12T18:35:43.242+0530][gc,phases   ] GC(7)   Other: 2.0ms
[2026-05-12T18:35:43.242+0530][gc,heap     ] GC(7) Eden regions: 46->0(48)
[2026-05-12T18:35:43.242+0530][gc,heap     ] GC(7) Survivor regions: 5->3(7)
[2026-05-12T18:35:43.242+0530][gc,heap     ] GC(7) Old regions: 15->17
[2026-05-12T18:35:43.242+0530][gc,heap     ] GC(7) Archive regions: 2->2
[2026-05-12T18:35:43.242+0530][gc,heap     ] GC(7) Humongous regions: 129->129
[2026-05-12T18:35:43.242+0530][gc,metaspace] GC(7) Metaspace: 40942K(41472K)->40942K(41472K) NonClass: 36229K(36544K)->36229K(36544K) Class: 4712K(4928K)->4712K(4928K)
[2026-05-12T18:35:43.242+0530][gc          ] GC(7) Pause Young (Normal) (G1 Evacuation Pause) 194M->148M(1024M) 6.372ms
[2026-05-12T18:35:43.242+0530][gc,cpu      ] GC(7) User=0.02s Sys=0.01s Real=0.01s
[2026-05-12T18:41:53.665+0530][gc,start    ] GC(8) Pause Young (Normal) (G1 Evacuation Pause)
[2026-05-12T18:41:53.667+0530][gc,task     ] GC(8) Using 8 workers of 8 for evacuation
[2026-05-12T18:41:53.672+0530][gc,phases   ] GC(8)   Pre Evacuate Collection Set: 0.2ms
[2026-05-12T18:41:53.681+0530][gc,phases   ] GC(8)   Merge Heap Roots: 0.1ms
[2026-05-12T18:41:53.681+0530][gc,phases   ] GC(8)   Evacuate Collection Set: 4.8ms
[2026-05-12T18:41:53.681+0530][gc,phases   ] GC(8)   Post Evacuate Collection Set: 0.4ms
[2026-05-12T18:41:53.681+0530][gc,phases   ] GC(8)   Other: 2.0ms
[2026-05-12T18:41:53.681+0530][gc,heap     ] GC(8) Eden regions: 48->0(46)
[2026-05-12T18:41:53.681+0530][gc,heap     ] GC(8) Survivor regions: 3->5(7)
[2026-05-12T18:41:53.681+0530][gc,heap     ] GC(8) Old regions: 17->17
[2026-05-12T18:41:53.681+0530][gc,heap     ] GC(8) Archive regions: 2->2
[2026-05-12T18:41:53.681+0530][gc,heap     ] GC(8) Humongous regions: 129->129
[2026-05-12T18:41:53.681+0530][gc,metaspace] GC(8) Metaspace: 41793K(42304K)->41793K(42304K) NonClass: 36952K(37248K)->36952K(37248K) Class: 4841K(5056K)->4841K(5056K)
[2026-05-12T18:41:53.681+0530][gc          ] GC(8) Pause Young (Normal) (G1 Evacuation Pause) 196M->150M(1024M) 16.423ms
[2026-05-12T18:41:53.681+0530][gc,cpu      ] GC(8) User=0.03s Sys=0.01s Real=0.02s
[2026-05-12T18:48:17.940+0530][gc,start    ] GC(9) Pause Young (Normal) (G1 Evacuation Pause)
[2026-05-12T18:48:17.942+0530][gc,task     ] GC(9) Using 8 workers of 8 for evacuation
[2026-05-12T18:48:17.951+0530][gc,phases   ] GC(9)   Pre Evacuate Collection Set: 0.3ms
[2026-05-12T18:48:17.951+0530][gc,phases   ] GC(9)   Merge Heap Roots: 0.4ms
[2026-05-12T18:48:17.951+0530][gc,phases   ] GC(9)   Evacuate Collection Set: 7.7ms
[2026-05-12T18:48:17.951+0530][gc,phases   ] GC(9)   Post Evacuate Collection Set: 0.3ms
[2026-05-12T18:48:17.951+0530][gc,phases   ] GC(9)   Other: 2.2ms
[2026-05-12T18:48:17.951+0530][gc,heap     ] GC(9) Eden regions: 46->0(44)
[2026-05-12T18:48:17.951+0530][gc,heap     ] GC(9) Survivor regions: 5->7(7)
[2026-05-12T18:48:17.951+0530][gc,heap     ] GC(9) Old regions: 17->18
[2026-05-12T18:48:17.951+0530][gc,heap     ] GC(9) Archive regions: 2->2
[2026-05-12T18:48:17.951+0530][gc,heap     ] GC(9) Humongous regions: 129->129
[2026-05-12T18:48:17.951+0530][gc,metaspace] GC(9) Metaspace: 42227K(42816K)->42227K(42816K) NonClass: 37324K(37632K)->37324K(37632K) Class: 4902K(5184K)->4902K(5184K)
[2026-05-12T18:48:17.951+0530][gc          ] GC(9) Pause Young (Normal) (G1 Evacuation Pause) 196M->153M(1024M) 10.956ms
[2026-05-12T18:48:17.951+0530][gc,cpu      ] GC(9) User=0.04s Sys=0.01s Real=0.01s
[2026-05-12T19:28:18.848+0530][gc,start    ] GC(10) Pause Young (Normal) (G1 Evacuation Pause)
[2026-05-12T19:28:18.849+0530][gc,task     ] GC(10) Using 8 workers of 8 for evacuation
[2026-05-12T19:28:18.874+0530][gc,mmu      ] GC(10) MMU target violated: 21.0ms (20.0ms/21.0ms)
[2026-05-12T19:28:18.874+0530][gc,phases   ] GC(10)   Pre Evacuate Collection Set: 0.3ms
[2026-05-12T19:28:18.874+0530][gc,phases   ] GC(10)   Merge Heap Roots: 0.2ms
[2026-05-12T19:28:18.874+0530][gc,phases   ] GC(10)   Evacuate Collection Set: 23.3ms
[2026-05-12T19:28:18.874+0530][gc,phases   ] GC(10)   Post Evacuate Collection Set: 0.4ms
[2026-05-12T19:28:18.874+0530][gc,phases   ] GC(10)   Other: 2.1ms
[2026-05-12T19:28:18.874+0530][gc,heap     ] GC(10) Eden regions: 44->0(46)
[2026-05-12T19:28:18.874+0530][gc,heap     ] GC(10) Survivor regions: 7->5(7)
[2026-05-12T19:28:18.874+0530][gc,heap     ] GC(10) Old regions: 18->20
[2026-05-12T19:28:18.874+0530][gc,heap     ] GC(10) Archive regions: 2->2
[2026-05-12T19:28:18.874+0530][gc,heap     ] GC(10) Humongous regions: 129->129
[2026-05-12T19:28:18.874+0530][gc,metaspace] GC(10) Metaspace: 42422K(42944K)->42422K(42944K) NonClass: 37507K(37760K)->37507K(37760K) Class: 4915K(5184K)->4915K(5184K)
[2026-05-12T19:28:18.874+0530][gc          ] GC(10) Pause Young (Normal) (G1 Evacuation Pause) 197M->154M(1024M) 26.433ms
[2026-05-12T19:28:18.874+0530][gc,cpu      ] GC(10) User=0.05s Sys=0.07s Real=0.03s
[2026-05-12T19:30:41.643+0530][gc,start    ] GC(11) Pause Young (Normal) (G1 Evacuation Pause)
[2026-05-12T19:30:41.643+0530][gc,task     ] GC(11) Using 8 workers of 8 for evacuation
[2026-05-12T19:30:41.647+0530][gc,phases   ] GC(11)   Pre Evacuate Collection Set: 0.1ms
[2026-05-12T19:30:41.647+0530][gc,phases   ] GC(11)   Merge Heap Roots: 0.1ms
[2026-05-12T19:30:41.647+0530][gc,phases   ] GC(11)   Evacuate Collection Set: 3.6ms
[2026-05-12T19:30:41.647+0530][gc,phases   ] GC(11)   Post Evacuate Collection Set: 0.3ms
[2026-05-12T19:30:41.647+0530][gc,phases   ] GC(11)   Other: 0.2ms
[2026-05-12T19:30:41.647+0530][gc,heap     ] GC(11) Eden regions: 46->0(93)
[2026-05-12T19:30:41.647+0530][gc,heap     ] GC(11) Survivor regions: 5->3(7)
[2026-05-12T19:30:41.647+0530][gc,heap     ] GC(11) Old regions: 20->23
[2026-05-12T19:30:41.647+0530][gc,heap     ] GC(11) Archive regions: 2->2
[2026-05-12T19:30:41.647+0530][gc,heap     ] GC(11) Humongous regions: 129->129
[2026-05-12T19:30:41.647+0530][gc,metaspace] GC(11) Metaspace: 42508K(43072K)->42508K(43072K) NonClass: 37593K(37888K)->37593K(37888K) Class: 4915K(5184K)->4915K(5184K)
[2026-05-12T19:30:41.647+0530][gc          ] GC(11) Pause Young (Normal) (G1 Evacuation Pause) 200M->154M(1024M) 4.292ms
[2026-05-12T19:30:41.647+0530][gc,cpu      ] GC(11) User=0.02s Sys=0.00s Real=0.00s
[2026-05-12T19:35:31.363+0530][gc,start    ] GC(12) Pause Young (Normal) (G1 Evacuation Pause)
[2026-05-12T19:35:31.365+0530][gc,task     ] GC(12) Using 8 workers of 8 for evacuation
[2026-05-12T19:35:31.368+0530][gc,phases   ] GC(12)   Pre Evacuate Collection Set: 0.1ms
[2026-05-12T19:35:31.368+0530][gc,phases   ] GC(12)   Merge Heap Roots: 0.1ms
[2026-05-12T19:35:31.368+0530][gc,phases   ] GC(12)   Evacuate Collection Set: 3.0ms
[2026-05-12T19:35:31.368+0530][gc,phases   ] GC(12)   Post Evacuate Collection Set: 0.4ms
[2026-05-12T19:35:31.368+0530][gc,phases   ] GC(12)   Other: 2.0ms
[2026-05-12T19:35:31.368+0530][gc,heap     ] GC(12) Eden regions: 93->0(611)
[2026-05-12T19:35:31.368+0530][gc,heap     ] GC(12) Survivor regions: 3->3(12)
[2026-05-12T19:35:31.368+0530][gc,heap     ] GC(12) Old regions: 23->23
[2026-05-12T19:35:31.369+0530][gc,heap     ] GC(12) Archive regions: 2->2
[2026-05-12T19:35:31.369+0530][gc,heap     ] GC(12) Humongous regions: 129->129
[2026-05-12T19:35:31.369+0530][gc,metaspace] GC(12) Metaspace: 42533K(43072K)->42533K(43072K) NonClass: 37617K(37888K)->37617K(37888K) Class: 4915K(5184K)->4915K(5184K)
[2026-05-12T19:35:31.369+0530][gc          ] GC(12) Pause Young (Normal) (G1 Evacuation Pause) 247M->154M(1024M) 5.627ms
[2026-05-12T19:35:31.369+0530][gc,cpu      ] GC(12) User=0.01s Sys=0.00s Real=0.00s
[2026-05-12T20:07:58.206+0530][gc,start    ] GC(13) Pause Young (Normal) (G1 Evacuation Pause)
[2026-05-12T20:07:58.208+0530][gc,task     ] GC(13) Using 8 workers of 8 for evacuation
[2026-05-12T20:07:58.218+0530][gc,phases   ] GC(13)   Pre Evacuate Collection Set: 0.2ms
[2026-05-12T20:07:58.219+0530][gc,phases   ] GC(13)   Merge Heap Roots: 0.2ms
[2026-05-12T20:07:58.219+0530][gc,phases   ] GC(13)   Evacuate Collection Set: 8.8ms
[2026-05-12T20:07:58.219+0530][gc,phases   ] GC(13)   Post Evacuate Collection Set: 0.7ms
[2026-05-12T20:07:58.219+0530][gc,phases   ] GC(13)   Other: 2.2ms
[2026-05-12T20:07:58.219+0530][gc,heap     ] GC(13) Eden regions: 611->0(611)
[2026-05-12T20:07:58.219+0530][gc,heap     ] GC(13) Survivor regions: 3->3(77)
[2026-05-12T20:07:58.219+0530][gc,heap     ] GC(13) Old regions: 23->23
[2026-05-12T20:07:58.219+0530][gc,heap     ] GC(13) Archive regions: 2->2
[2026-05-12T20:07:58.219+0530][gc,heap     ] GC(13) Humongous regions: 129->129
[2026-05-12T20:07:58.219+0530][gc,metaspace] GC(13) Metaspace: 42652K(43200K)->42652K(43200K) NonClass: 37732K(38016K)->37732K(38016K) Class: 4919K(5184K)->4919K(5184K)
[2026-05-12T20:07:58.219+0530][gc          ] GC(13) Pause Young (Normal) (G1 Evacuation Pause) 765M->154M(1024M) 12.280ms
[2026-05-12T20:07:58.219+0530][gc,cpu      ] GC(13) User=0.02s Sys=0.03s Real=0.01s
[2026-05-12T20:19:33.568+0530][gc,heap,exit] Heap
[2026-05-12T20:19:33.568+0530][gc,heap,exit]  garbage-first heap   total 1048576K, used 395251K [0x00000007c0000000, 0x0000000800000000)
[2026-05-12T20:19:33.568+0530][gc,heap,exit]   region size 1024K, 235 young (240640K), 3 survivors (3072K)
[2026-05-12T20:19:33.568+0530][gc,heap,exit]  Metaspace       used 43460K, committed 44032K, reserved 1114112K
[2026-05-12T20:19:33.568+0530][gc,heap,exit]   class space    used 5088K, committed 5376K, reserved 1048576K
