[2026-04-30T13:21:01.890+0530][gc] Using G1
[2026-04-30T13:21:01.896+0530][gc,init] Version: 17.0.8+9-LTS-211 (release)
[2026-04-30T13:21:01.896+0530][gc,init] CPUs: 8 total, 8 available
[2026-04-30T13:21:01.896+0530][gc,init] Memory: 16384M
[2026-04-30T13:21:01.896+0530][gc,init] Large Page Support: Disabled
[2026-04-30T13:21:01.896+0530][gc,init] NUMA Support: Disabled
[2026-04-30T13:21:01.896+0530][gc,init] Compressed Oops: Enabled (Zero based)
[2026-04-30T13:21:01.896+0530][gc,init] Heap Region Size: 1M
[2026-04-30T13:21:01.896+0530][gc,init] Heap Min Capacity: 1G
[2026-04-30T13:21:01.896+0530][gc,init] Heap Initial Capacity: 1G
[2026-04-30T13:21:01.896+0530][gc,init] Heap Max Capacity: 1G
[2026-04-30T13:21:01.896+0530][gc,init] Pre-touch: Disabled
[2026-04-30T13:21:01.896+0530][gc,init] Parallel Workers: 8
[2026-04-30T13:21:01.896+0530][gc,init] Concurrent Workers: 2
[2026-04-30T13:21:01.896+0530][gc,init] Concurrent Refinement Workers: 8
[2026-04-30T13:21:01.896+0530][gc,init] Periodic GC: Disabled
[2026-04-30T13:21:01.904+0530][gc,metaspace] CDS archive(s) mapped at: [0x0000000125000000-0x0000000125be4000-0x0000000125be4000), size 12468224, SharedBaseAddress: 0x0000000125000000, ArchiveRelocationMode: 1.
[2026-04-30T13:21:01.904+0530][gc,metaspace] Compressed class space mapped at: 0x0000000126000000-0x0000000166000000, reserved size: 1073741824
[2026-04-30T13:21:01.904+0530][gc,metaspace] Narrow klass base: 0x0000000125000000, Narrow klass shift: 0, Narrow klass range: 0x100000000
[2026-04-30T13:21:03.394+0530][gc,start    ] GC(0) Pause Young (Normal) (G1 Evacuation Pause)
[2026-04-30T13:21:03.395+0530][gc,task     ] GC(0) Using 8 workers of 8 for evacuation
[2026-04-30T13:21:03.401+0530][gc,phases   ] GC(0)   Pre Evacuate Collection Set: 0.1ms
[2026-04-30T13:21:03.401+0530][gc,phases   ] GC(0)   Merge Heap Roots: 0.1ms
[2026-04-30T13:21:03.401+0530][gc,phases   ] GC(0)   Evacuate Collection Set: 5.6ms
[2026-04-30T13:21:03.401+0530][gc,phases   ] GC(0)   Post Evacuate Collection Set: 0.6ms
[2026-04-30T13:21:03.401+0530][gc,phases   ] GC(0)   Other: 0.6ms
[2026-04-30T13:21:03.401+0530][gc,heap     ] GC(0) Eden regions: 51->0(44)
[2026-04-30T13:21:03.401+0530][gc,heap     ] GC(0) Survivor regions: 0->7(7)
[2026-04-30T13:21:03.401+0530][gc,heap     ] GC(0) Old regions: 0->1
[2026-04-30T13:21:03.401+0530][gc,heap     ] GC(0) Archive regions: 2->2
[2026-04-30T13:21:03.401+0530][gc,heap     ] GC(0) Humongous regions: 0->0
[2026-04-30T13:21:03.401+0530][gc,metaspace] GC(0) Metaspace: 17415K(17600K)->17415K(17600K) NonClass: 15290K(15424K)->15290K(15424K) Class: 2124K(2176K)->2124K(2176K)
[2026-04-30T13:21:03.401+0530][gc          ] GC(0) Pause Young (Normal) (G1 Evacuation Pause) 51M->8M(1024M) 7.122ms
[2026-04-30T13:21:03.401+0530][gc,cpu      ] GC(0) User=0.04s Sys=0.01s Real=0.01s
[2026-04-30T13:21:03.658+0530][gc,start    ] GC(1) Pause Young (Concurrent Start) (Metadata GC Threshold)
[2026-04-30T13:21:03.658+0530][gc,task     ] GC(1) Using 8 workers of 8 for evacuation
[2026-04-30T13:21:03.663+0530][gc,phases   ] GC(1)   Pre Evacuate Collection Set: 0.1ms
[2026-04-30T13:21:03.663+0530][gc,phases   ] GC(1)   Merge Heap Roots: 0.1ms
[2026-04-30T13:21:03.663+0530][gc,phases   ] GC(1)   Evacuate Collection Set: 4.6ms
[2026-04-30T13:21:03.663+0530][gc,phases   ] GC(1)   Post Evacuate Collection Set: 0.3ms
[2026-04-30T13:21:03.663+0530][gc,phases   ] GC(1)   Other: 0.2ms
[2026-04-30T13:21:03.663+0530][gc,heap     ] GC(1) Eden regions: 15->0(49)
[2026-04-30T13:21:03.663+0530][gc,heap     ] GC(1) Survivor regions: 7->2(7)
[2026-04-30T13:21:03.663+0530][gc,heap     ] GC(1) Old regions: 1->8
[2026-04-30T13:21:03.663+0530][gc,heap     ] GC(1) Archive regions: 2->2
[2026-04-30T13:21:03.663+0530][gc,heap     ] GC(1) Humongous regions: 0->0
[2026-04-30T13:21:03.663+0530][gc,metaspace] GC(1) Metaspace: 21283K(21504K)->21283K(21504K) NonClass: 18660K(18816K)->18660K(18816K) Class: 2623K(2688K)->2623K(2688K)
[2026-04-30T13:21:03.663+0530][gc          ] GC(1) Pause Young (Concurrent Start) (Metadata GC Threshold) 23M->10M(1024M) 5.534ms
[2026-04-30T13:21:03.663+0530][gc,cpu      ] GC(1) User=0.02s Sys=0.01s Real=0.01s
[2026-04-30T13:21:03.663+0530][gc          ] GC(2) Concurrent Mark Cycle
[2026-04-30T13:21:03.663+0530][gc,marking  ] GC(2) Concurrent Clear Claimed Marks
[2026-04-30T13:21:03.663+0530][gc,marking  ] GC(2) Concurrent Clear Claimed Marks 0.016ms
[2026-04-30T13:21:03.664+0530][gc,marking  ] GC(2) Concurrent Scan Root Regions
[2026-04-30T13:21:03.666+0530][gc,marking  ] GC(2) Concurrent Scan Root Regions 2.398ms
[2026-04-30T13:21:03.666+0530][gc,marking  ] GC(2) Concurrent Mark
[2026-04-30T13:21:03.666+0530][gc,marking  ] GC(2) Concurrent Mark From Roots
[2026-04-30T13:21:03.666+0530][gc,task     ] GC(2) Using 2 workers of 2 for marking
[2026-04-30T13:21:03.668+0530][gc,marking  ] GC(2) Concurrent Mark From Roots 1.550ms
[2026-04-30T13:21:03.668+0530][gc,marking  ] GC(2) Concurrent Preclean
[2026-04-30T13:21:03.668+0530][gc,marking  ] GC(2) Concurrent Preclean 0.030ms
[2026-04-30T13:21:03.668+0530][gc,start    ] GC(2) Pause Remark
[2026-04-30T13:21:03.669+0530][gc          ] GC(2) Pause Remark 10M->10M(1024M) 1.440ms
[2026-04-30T13:21:03.669+0530][gc,cpu      ] GC(2) User=0.00s Sys=0.00s Real=0.00s
[2026-04-30T13:21:03.669+0530][gc,marking  ] GC(2) Concurrent Mark 3.240ms
[2026-04-30T13:21:03.669+0530][gc,marking  ] GC(2) Concurrent Rebuild Remembered Sets
[2026-04-30T13:21:03.669+0530][gc,marking  ] GC(2) Concurrent Rebuild Remembered Sets 0.008ms
[2026-04-30T13:21:03.669+0530][gc,start    ] GC(2) Pause Cleanup
[2026-04-30T13:21:03.669+0530][gc          ] GC(2) Pause Cleanup 10M->10M(1024M) 0.029ms
[2026-04-30T13:21:03.669+0530][gc,cpu      ] GC(2) User=0.00s Sys=0.00s Real=0.00s
[2026-04-30T13:21:03.669+0530][gc,marking  ] GC(2) Concurrent Cleanup for Next Mark
[2026-04-30T13:21:03.677+0530][gc,marking  ] GC(2) Concurrent Cleanup for Next Mark 7.668ms
[2026-04-30T13:21:03.677+0530][gc          ] GC(2) Concurrent Mark Cycle 13.676ms
[2026-04-30T13:21:04.485+0530][gc,start    ] GC(3) Pause Young (Normal) (G1 Evacuation Pause)
[2026-04-30T13:21:04.485+0530][gc,task     ] GC(3) Using 8 workers of 8 for evacuation
[2026-04-30T13:21:04.489+0530][gc,phases   ] GC(3)   Pre Evacuate Collection Set: 0.1ms
[2026-04-30T13:21:04.489+0530][gc,phases   ] GC(3)   Merge Heap Roots: 0.1ms
[2026-04-30T13:21:04.490+0530][gc,phases   ] GC(3)   Evacuate Collection Set: 3.5ms
[2026-04-30T13:21:04.490+0530][gc,phases   ] GC(3)   Post Evacuate Collection Set: 0.4ms
[2026-04-30T13:21:04.490+0530][gc,phases   ] GC(3)   Other: 0.1ms
[2026-04-30T13:21:04.490+0530][gc,heap     ] GC(3) Eden regions: 49->0(45)
[2026-04-30T13:21:04.490+0530][gc,heap     ] GC(3) Survivor regions: 2->6(7)
[2026-04-30T13:21:04.490+0530][gc,heap     ] GC(3) Old regions: 8->8
[2026-04-30T13:21:04.490+0530][gc,heap     ] GC(3) Archive regions: 2->2
[2026-04-30T13:21:04.490+0530][gc,heap     ] GC(3) Humongous regions: 129->129
[2026-04-30T13:21:04.490+0530][gc,metaspace] GC(3) Metaspace: 32461K(32704K)->32461K(32704K) NonClass: 28776K(28928K)->28776K(28928K) Class: 3685K(3776K)->3685K(3776K)
[2026-04-30T13:21:04.490+0530][gc          ] GC(3) Pause Young (Normal) (G1 Evacuation Pause) 188M->143M(1024M) 4.340ms
[2026-04-30T13:21:04.490+0530][gc,cpu      ] GC(3) User=0.02s Sys=0.00s Real=0.01s
[2026-04-30T13:21:04.669+0530][gc,start    ] GC(4) Pause Young (Concurrent Start) (Metadata GC Threshold)
[2026-04-30T13:21:04.669+0530][gc,task     ] GC(4) Using 8 workers of 8 for evacuation
[2026-04-30T13:21:04.675+0530][gc,phases   ] GC(4)   Pre Evacuate Collection Set: 0.2ms
[2026-04-30T13:21:04.675+0530][gc,phases   ] GC(4)   Merge Heap Roots: 0.1ms
[2026-04-30T13:21:04.675+0530][gc,phases   ] GC(4)   Evacuate Collection Set: 5.2ms
[2026-04-30T13:21:04.675+0530][gc,phases   ] GC(4)   Post Evacuate Collection Set: 0.4ms
[2026-04-30T13:21:04.675+0530][gc,phases   ] GC(4)   Other: 0.2ms
[2026-04-30T13:21:04.675+0530][gc,heap     ] GC(4) Eden regions: 15->0(49)
[2026-04-30T13:21:04.675+0530][gc,heap     ] GC(4) Survivor regions: 6->2(7)
[2026-04-30T13:21:04.675+0530][gc,heap     ] GC(4) Old regions: 8->14
[2026-04-30T13:21:04.675+0530][gc,heap     ] GC(4) Archive regions: 2->2
[2026-04-30T13:21:04.675+0530][gc,heap     ] GC(4) Humongous regions: 129->129
[2026-04-30T13:21:04.675+0530][gc,metaspace] GC(4) Metaspace: 35711K(35968K)->35711K(35968K) NonClass: 31737K(31872K)->31737K(31872K) Class: 3974K(4096K)->3974K(4096K)
[2026-04-30T13:21:04.676+0530][gc          ] GC(4) Pause Young (Concurrent Start) (Metadata GC Threshold) 158M->144M(1024M) 6.156ms
[2026-04-30T13:21:04.676+0530][gc,cpu      ] GC(4) User=0.03s Sys=0.01s Real=0.01s
[2026-04-30T13:21:04.676+0530][gc          ] GC(5) Concurrent Mark Cycle
[2026-04-30T13:21:04.676+0530][gc,marking  ] GC(5) Concurrent Clear Claimed Marks
[2026-04-30T13:21:04.676+0530][gc,marking  ] GC(5) Concurrent Clear Claimed Marks 0.021ms
[2026-04-30T13:21:04.676+0530][gc,marking  ] GC(5) Concurrent Scan Root Regions
[2026-04-30T13:21:04.679+0530][gc,marking  ] GC(5) Concurrent Scan Root Regions 2.926ms
[2026-04-30T13:21:04.679+0530][gc,marking  ] GC(5) Concurrent Mark
[2026-04-30T13:21:04.679+0530][gc,marking  ] GC(5) Concurrent Mark From Roots
[2026-04-30T13:21:04.679+0530][gc,task     ] GC(5) Using 2 workers of 2 for marking
[2026-04-30T13:21:04.685+0530][gc,marking  ] GC(5) Concurrent Mark From Roots 6.534ms
[2026-04-30T13:21:04.685+0530][gc,marking  ] GC(5) Concurrent Preclean
[2026-04-30T13:21:04.685+0530][gc,marking  ] GC(5) Concurrent Preclean 0.105ms
[2026-04-30T13:21:04.685+0530][gc,start    ] GC(5) Pause Remark
[2026-04-30T13:21:04.687+0530][gc          ] GC(5) Pause Remark 145M->145M(1024M) 1.242ms
[2026-04-30T13:21:04.687+0530][gc,cpu      ] GC(5) User=0.00s Sys=0.00s Real=0.00s
[2026-04-30T13:21:04.687+0530][gc,marking  ] GC(5) Concurrent Mark 8.134ms
[2026-04-30T13:21:04.687+0530][gc,marking  ] GC(5) Concurrent Rebuild Remembered Sets
[2026-04-30T13:21:04.693+0530][gc,marking  ] GC(5) Concurrent Rebuild Remembered Sets 6.112ms
[2026-04-30T13:21:04.693+0530][gc,start    ] GC(5) Pause Cleanup
[2026-04-30T13:21:04.693+0530][gc          ] GC(5) Pause Cleanup 146M->146M(1024M) 0.134ms
[2026-04-30T13:21:04.693+0530][gc,cpu      ] GC(5) User=0.00s Sys=0.00s Real=0.00s
[2026-04-30T13:21:04.693+0530][gc,marking  ] GC(5) Concurrent Cleanup for Next Mark
[2026-04-30T13:21:04.699+0530][gc,marking  ] GC(5) Concurrent Cleanup for Next Mark 6.026ms
[2026-04-30T13:21:04.699+0530][gc          ] GC(5) Concurrent Mark Cycle 23.724ms
[2026-04-30T13:30:34.773+0530][gc,start    ] GC(6) Pause Young (Normal) (G1 Evacuation Pause)
[2026-04-30T13:30:34.775+0530][gc,task     ] GC(6) Using 8 workers of 8 for evacuation
[2026-04-30T13:30:34.781+0530][gc,phases   ] GC(6)   Pre Evacuate Collection Set: 0.1ms
[2026-04-30T13:30:34.781+0530][gc,phases   ] GC(6)   Merge Heap Roots: 0.1ms
[2026-04-30T13:30:34.781+0530][gc,phases   ] GC(6)   Evacuate Collection Set: 5.2ms
[2026-04-30T13:30:34.781+0530][gc,phases   ] GC(6)   Post Evacuate Collection Set: 0.6ms
[2026-04-30T13:30:34.781+0530][gc,phases   ] GC(6)   Other: 2.1ms
[2026-04-30T13:30:34.781+0530][gc,heap     ] GC(6) Eden regions: 49->0(47)
[2026-04-30T13:30:34.781+0530][gc,heap     ] GC(6) Survivor regions: 2->4(7)
[2026-04-30T13:30:34.781+0530][gc,heap     ] GC(6) Old regions: 14->14
[2026-04-30T13:30:34.781+0530][gc,heap     ] GC(6) Archive regions: 2->2
[2026-04-30T13:30:34.781+0530][gc,heap     ] GC(6) Humongous regions: 129->129
[2026-04-30T13:30:34.781+0530][gc,metaspace] GC(6) Metaspace: 40542K(41024K)->40542K(41024K) NonClass: 35885K(36160K)->35885K(36160K) Class: 4657K(4864K)->4657K(4864K)
[2026-04-30T13:30:34.781+0530][gc          ] GC(6) Pause Young (Normal) (G1 Evacuation Pause) 193M->147M(1024M) 8.267ms
[2026-04-30T13:30:34.781+0530][gc,cpu      ] GC(6) User=0.03s Sys=0.01s Real=0.01s
[2026-04-30T13:39:25.456+0530][gc,start    ] GC(7) Pause Young (Normal) (G1 Evacuation Pause)
[2026-04-30T13:39:25.456+0530][gc,task     ] GC(7) Using 8 workers of 8 for evacuation
[2026-04-30T13:39:25.461+0530][gc,phases   ] GC(7)   Pre Evacuate Collection Set: 0.1ms
[2026-04-30T13:39:25.461+0530][gc,phases   ] GC(7)   Merge Heap Roots: 0.1ms
[2026-04-30T13:39:25.461+0530][gc,phases   ] GC(7)   Evacuate Collection Set: 4.0ms
[2026-04-30T13:39:25.461+0530][gc,phases   ] GC(7)   Post Evacuate Collection Set: 0.4ms
[2026-04-30T13:39:25.461+0530][gc,phases   ] GC(7)   Other: 0.3ms
[2026-04-30T13:39:25.461+0530][gc,heap     ] GC(7) Eden regions: 47->0(46)
[2026-04-30T13:39:25.461+0530][gc,heap     ] GC(7) Survivor regions: 4->5(7)
[2026-04-30T13:39:25.461+0530][gc,heap     ] GC(7) Old regions: 14->14
[2026-04-30T13:39:25.461+0530][gc,heap     ] GC(7) Archive regions: 2->2
[2026-04-30T13:39:25.461+0530][gc,heap     ] GC(7) Humongous regions: 129->129
[2026-04-30T13:39:25.461+0530][gc,metaspace] GC(7) Metaspace: 41580K(42048K)->41580K(42048K) NonClass: 36792K(37056K)->36792K(37056K) Class: 4788K(4992K)->4788K(4992K)
[2026-04-30T13:39:25.461+0530][gc          ] GC(7) Pause Young (Normal) (G1 Evacuation Pause) 194M->148M(1024M) 5.105ms
[2026-04-30T13:39:25.461+0530][gc,cpu      ] GC(7) User=0.02s Sys=0.00s Real=0.01s
[2026-04-30T13:46:48.854+0530][gc,start    ] GC(8) Pause Young (Normal) (G1 Evacuation Pause)
[2026-04-30T13:46:48.855+0530][gc,task     ] GC(8) Using 8 workers of 8 for evacuation
[2026-04-30T13:46:48.861+0530][gc,phases   ] GC(8)   Pre Evacuate Collection Set: 0.2ms
[2026-04-30T13:46:48.861+0530][gc,phases   ] GC(8)   Merge Heap Roots: 0.1ms
[2026-04-30T13:46:48.861+0530][gc,phases   ] GC(8)   Evacuate Collection Set: 5.2ms
[2026-04-30T13:46:48.861+0530][gc,phases   ] GC(8)   Post Evacuate Collection Set: 0.6ms
[2026-04-30T13:46:48.861+0530][gc,phases   ] GC(8)   Other: 0.5ms
[2026-04-30T13:46:48.861+0530][gc,heap     ] GC(8) Eden regions: 46->0(46)
[2026-04-30T13:46:48.861+0530][gc,heap     ] GC(8) Survivor regions: 5->5(7)
[2026-04-30T13:46:48.861+0530][gc,heap     ] GC(8) Old regions: 14->15
[2026-04-30T13:46:48.861+0530][gc,heap     ] GC(8) Archive regions: 2->2
[2026-04-30T13:46:48.861+0530][gc,heap     ] GC(8) Humongous regions: 129->129
[2026-04-30T13:46:48.861+0530][gc,metaspace] GC(8) Metaspace: 41640K(42112K)->41640K(42112K) NonClass: 36847K(37120K)->36847K(37120K) Class: 4792K(4992K)->4792K(4992K)
[2026-04-30T13:46:48.861+0530][gc          ] GC(8) Pause Young (Normal) (G1 Evacuation Pause) 194M->148M(1024M) 6.836ms
[2026-04-30T13:46:48.861+0530][gc,cpu      ] GC(8) User=0.03s Sys=0.01s Real=0.01s
[2026-04-30T14:33:31.322+0530][gc,start    ] GC(9) Pause Young (Normal) (G1 Evacuation Pause)
[2026-04-30T14:33:31.324+0530][gc,task     ] GC(9) Using 8 workers of 8 for evacuation
[2026-04-30T14:33:31.330+0530][gc,phases   ] GC(9)   Pre Evacuate Collection Set: 0.2ms
[2026-04-30T14:33:31.330+0530][gc,phases   ] GC(9)   Merge Heap Roots: 0.1ms
[2026-04-30T14:33:31.330+0530][gc,phases   ] GC(9)   Evacuate Collection Set: 4.9ms
[2026-04-30T14:33:31.330+0530][gc,phases   ] GC(9)   Post Evacuate Collection Set: 0.5ms
[2026-04-30T14:33:31.330+0530][gc,phases   ] GC(9)   Other: 2.2ms
[2026-04-30T14:33:31.330+0530][gc,heap     ] GC(9) Eden regions: 46->0(74)
[2026-04-30T14:33:31.330+0530][gc,heap     ] GC(9) Survivor regions: 5->3(7)
[2026-04-30T14:33:31.330+0530][gc,heap     ] GC(9) Old regions: 15->16
[2026-04-30T14:33:31.330+0530][gc,heap     ] GC(9) Archive regions: 2->2
[2026-04-30T14:33:31.330+0530][gc,heap     ] GC(9) Humongous regions: 129->129
[2026-04-30T14:33:31.330+0530][gc,metaspace] GC(9) Metaspace: 41819K(42304K)->41819K(42304K) NonClass: 37004K(37312K)->37004K(37312K) Class: 4814K(4992K)->4814K(4992K)
[2026-04-30T14:33:31.330+0530][gc          ] GC(9) Pause Young (Normal) (G1 Evacuation Pause) 194M->148M(1024M) 8.193ms
[2026-04-30T14:33:31.330+0530][gc,cpu      ] GC(9) User=0.03s Sys=0.00s Real=0.01s
[2026-04-30T14:46:03.228+0530][gc,start    ] GC(10) Pause Young (Normal) (G1 Evacuation Pause)
[2026-04-30T14:46:03.230+0530][gc,task     ] GC(10) Using 8 workers of 8 for evacuation
[2026-04-30T14:46:03.235+0530][gc,phases   ] GC(10)   Pre Evacuate Collection Set: 0.2ms
[2026-04-30T14:46:03.235+0530][gc,phases   ] GC(10)   Merge Heap Roots: 0.1ms
[2026-04-30T14:46:03.235+0530][gc,phases   ] GC(10)   Evacuate Collection Set: 3.5ms
[2026-04-30T14:46:03.235+0530][gc,phases   ] GC(10)   Post Evacuate Collection Set: 0.5ms
[2026-04-30T14:46:03.235+0530][gc,phases   ] GC(10)   Other: 2.2ms
[2026-04-30T14:46:03.235+0530][gc,heap     ] GC(10) Eden regions: 74->0(440)
[2026-04-30T14:46:03.235+0530][gc,heap     ] GC(10) Survivor regions: 3->3(10)
[2026-04-30T14:46:03.235+0530][gc,heap     ] GC(10) Old regions: 16->16
[2026-04-30T14:46:03.235+0530][gc,heap     ] GC(10) Archive regions: 2->2
[2026-04-30T14:46:03.235+0530][gc,heap     ] GC(10) Humongous regions: 129->129
[2026-04-30T14:46:03.235+0530][gc,metaspace] GC(10) Metaspace: 41920K(42368K)->41920K(42368K) NonClass: 37103K(37376K)->37103K(37376K) Class: 4816K(4992K)->4816K(4992K)
[2026-04-30T14:46:03.235+0530][gc          ] GC(10) Pause Young (Normal) (G1 Evacuation Pause) 222M->148M(1024M) 6.695ms
[2026-04-30T14:46:03.235+0530][gc,cpu      ] GC(10) User=0.02s Sys=0.01s Real=0.01s
[2026-04-30T15:19:12.265+0530][gc,start    ] GC(11) Pause Young (Normal) (G1 Evacuation Pause)
[2026-04-30T15:19:12.266+0530][gc,task     ] GC(11) Using 8 workers of 8 for evacuation
[2026-04-30T15:19:12.387+0530][gc,mmu      ] GC(11) MMU target violated: 21.0ms (20.0ms/21.0ms)
[2026-04-30T15:19:12.387+0530][gc,phases   ] GC(11)   Pre Evacuate Collection Set: 2.2ms
[2026-04-30T15:19:12.387+0530][gc,phases   ] GC(11)   Merge Heap Roots: 0.5ms
[2026-04-30T15:19:12.387+0530][gc,phases   ] GC(11)   Evacuate Collection Set: 114.6ms
[2026-04-30T15:19:12.387+0530][gc,phases   ] GC(11)   Post Evacuate Collection Set: 2.9ms
[2026-04-30T15:19:12.387+0530][gc,phases   ] GC(11)   Other: 2.1ms
[2026-04-30T15:19:12.387+0530][gc,heap     ] GC(11) Eden regions: 440->0(47)
[2026-04-30T15:19:12.387+0530][gc,heap     ] GC(11) Survivor regions: 3->4(56)
[2026-04-30T15:19:12.387+0530][gc,heap     ] GC(11) Old regions: 16->16
[2026-04-30T15:19:12.387+0530][gc,heap     ] GC(11) Archive regions: 2->2
[2026-04-30T15:19:12.387+0530][gc,heap     ] GC(11) Humongous regions: 129->129
[2026-04-30T15:19:12.387+0530][gc,metaspace] GC(11) Metaspace: 43336K(43840K)->43336K(43840K) NonClass: 38410K(38720K)->38410K(38720K) Class: 4926K(5120K)->4926K(5120K)
[2026-04-30T15:19:12.388+0530][gc          ] GC(11) Pause Young (Normal) (G1 Evacuation Pause) 588M->149M(1024M) 122.805ms
[2026-04-30T15:19:12.388+0530][gc,cpu      ] GC(11) User=0.07s Sys=0.14s Real=0.12s
[2026-04-30T15:23:12.294+0530][gc,start    ] GC(12) Pause Young (Normal) (G1 Evacuation Pause)
[2026-04-30T15:23:12.294+0530][gc,task     ] GC(12) Using 8 workers of 8 for evacuation
[2026-04-30T15:23:12.307+0530][gc,phases   ] GC(12)   Pre Evacuate Collection Set: 0.1ms
[2026-04-30T15:23:12.307+0530][gc,phases   ] GC(12)   Merge Heap Roots: 0.1ms
[2026-04-30T15:23:12.307+0530][gc,phases   ] GC(12)   Evacuate Collection Set: 11.7ms
[2026-04-30T15:23:12.307+0530][gc,phases   ] GC(12)   Post Evacuate Collection Set: 0.5ms
[2026-04-30T15:23:12.307+0530][gc,phases   ] GC(12)   Other: 0.3ms
[2026-04-30T15:23:12.307+0530][gc,heap     ] GC(12) Eden regions: 47->0(46)
[2026-04-30T15:23:12.307+0530][gc,heap     ] GC(12) Survivor regions: 4->5(7)
[2026-04-30T15:23:12.307+0530][gc,heap     ] GC(12) Old regions: 16->16
[2026-04-30T15:23:12.307+0530][gc,heap     ] GC(12) Archive regions: 2->2
[2026-04-30T15:23:12.307+0530][gc,heap     ] GC(12) Humongous regions: 129->129
[2026-04-30T15:23:12.307+0530][gc,metaspace] GC(12) Metaspace: 43947K(44480K)->43947K(44480K) NonClass: 38878K(39168K)->38878K(39168K) Class: 5068K(5312K)->5068K(5312K)
[2026-04-30T15:23:12.307+0530][gc          ] GC(12) Pause Young (Normal) (G1 Evacuation Pause) 196M->150M(1024M) 12.965ms
[2026-04-30T15:23:12.307+0530][gc,cpu      ] GC(12) User=0.03s Sys=0.03s Real=0.01s
[2026-04-30T15:23:23.197+0530][gc,heap,exit] Heap
[2026-04-30T15:23:23.197+0530][gc,heap,exit]  garbage-first heap   total 1048576K, used 173515K [0x00000007c0000000, 0x0000000800000000)
[2026-04-30T15:23:23.197+0530][gc,heap,exit]   region size 1024K, 24 young (24576K), 5 survivors (5120K)
[2026-04-30T15:23:23.197+0530][gc,heap,exit]  Metaspace       used 45660K, committed 46208K, reserved 1114112K
[2026-04-30T15:23:23.197+0530][gc,heap,exit]   class space    used 5450K, committed 5696K, reserved 1048576K
